lcd5110.c:216:6:LCD5110_send	16	static
lcd5110.c:222:6:LCD5110_Pin	16	static
lcd5110.c:243:6:LCD5110_Delay	24	static
lcd5110.c:250:6:LCD5110_Init	16	static
lcd5110.c:284:6:LCD5110_Write	16	static
lcd5110.c:302:6:LCD5110_SetContrast	16	static
lcd5110.c:316:6:LCD5110_DrawPixel	16	static
lcd5110.c:332:6:LCD5110_Invert	16	static
lcd5110.c:340:6:LCD5110_Clear	16	static
lcd5110.c:352:6:LCD5110_Home	8	static
lcd5110.c:357:6:LCD5110_Refresh	16	static
lcd5110.c:383:6:LCD5110_UpdateArea	16	static
lcd5110.c:398:6:LCD5110_GotoXY	16	static
lcd5110.c:403:6:LCD5110_Putc	24	static
lcd5110.c:440:6:LCD5110_Puts	16	static
