lcd5110.c:24:6:SPI1_GPIOInits	24	static
lcd5110.c:75:6:SPI1_Inits	8	static
lcd5110.c:290:6:LCD5110_send	16	static
lcd5110.c:301:6:LCD5110_Pin	16	static
lcd5110.c:321:6:LCD5110_Delay	24	static
lcd5110.c:327:6:LCD5110_Init	16	static
lcd5110.c:372:6:LCD5110_Write	16	static
lcd5110.c:390:6:LCD5110_SetContrast	16	static
lcd5110.c:404:6:LCD5110_DrawPixel	16	static
lcd5110.c:420:6:LCD5110_Invert	16	static
lcd5110.c:428:6:LCD5110_Clear	16	static
lcd5110.c:440:6:LCD5110_Home	8	static
lcd5110.c:445:6:LCD5110_Refresh	16	static
lcd5110.c:471:6:LCD5110_UpdateArea	16	static
lcd5110.c:486:6:LCD5110_GotoXY	16	static
lcd5110.c:491:6:LCD5110_Putc	24	static
lcd5110.c:528:6:LCD5110_Puts	16	static
