Archive member included to satisfy reference by file (symbol)

c:/st/stm32cubeide_1.5.1/stm32cubeide/plugins/com.st.stm32cube.ide.mcu.externaltools.gnu-tools-for-stm32.9-2020-q2-update.win32_1.5.0.202011040924/tools/bin/../lib/gcc/arm-none-eabi/9.3.1/../../../../arm-none-eabi/lib/thumb/v7e-m/nofp\libc_nano.a(lib_a-errno.o)
                              Src/syscalls.o (__errno)
c:/st/stm32cubeide_1.5.1/stm32cubeide/plugins/com.st.stm32cube.ide.mcu.externaltools.gnu-tools-for-stm32.9-2020-q2-update.win32_1.5.0.202011040924/tools/bin/../lib/gcc/arm-none-eabi/9.3.1/../../../../arm-none-eabi/lib/thumb/v7e-m/nofp\libc_nano.a(lib_a-exit.o)
                              c:/st/stm32cubeide_1.5.1/stm32cubeide/plugins/com.st.stm32cube.ide.mcu.externaltools.gnu-tools-for-stm32.9-2020-q2-update.win32_1.5.0.202011040924/tools/bin/../lib/gcc/arm-none-eabi/9.3.1/../../../../arm-none-eabi/lib/thumb/v7e-m/nofp/crt0.o (exit)
c:/st/stm32cubeide_1.5.1/stm32cubeide/plugins/com.st.stm32cube.ide.mcu.externaltools.gnu-tools-for-stm32.9-2020-q2-update.win32_1.5.0.202011040924/tools/bin/../lib/gcc/arm-none-eabi/9.3.1/../../../../arm-none-eabi/lib/thumb/v7e-m/nofp\libc_nano.a(lib_a-impure.o)
                              c:/st/stm32cubeide_1.5.1/stm32cubeide/plugins/com.st.stm32cube.ide.mcu.externaltools.gnu-tools-for-stm32.9-2020-q2-update.win32_1.5.0.202011040924/tools/bin/../lib/gcc/arm-none-eabi/9.3.1/../../../../arm-none-eabi/lib/thumb/v7e-m/nofp\libc_nano.a(lib_a-exit.o) (_global_impure_ptr)
c:/st/stm32cubeide_1.5.1/stm32cubeide/plugins/com.st.stm32cube.ide.mcu.externaltools.gnu-tools-for-stm32.9-2020-q2-update.win32_1.5.0.202011040924/tools/bin/../lib/gcc/arm-none-eabi/9.3.1/../../../../arm-none-eabi/lib/thumb/v7e-m/nofp\libc_nano.a(lib_a-init.o)
                              c:/st/stm32cubeide_1.5.1/stm32cubeide/plugins/com.st.stm32cube.ide.mcu.externaltools.gnu-tools-for-stm32.9-2020-q2-update.win32_1.5.0.202011040924/tools/bin/../lib/gcc/arm-none-eabi/9.3.1/../../../../arm-none-eabi/lib/thumb/v7e-m/nofp/crt0.o (__libc_init_array)
c:/st/stm32cubeide_1.5.1/stm32cubeide/plugins/com.st.stm32cube.ide.mcu.externaltools.gnu-tools-for-stm32.9-2020-q2-update.win32_1.5.0.202011040924/tools/bin/../lib/gcc/arm-none-eabi/9.3.1/../../../../arm-none-eabi/lib/thumb/v7e-m/nofp\libc_nano.a(lib_a-memset.o)
                              c:/st/stm32cubeide_1.5.1/stm32cubeide/plugins/com.st.stm32cube.ide.mcu.externaltools.gnu-tools-for-stm32.9-2020-q2-update.win32_1.5.0.202011040924/tools/bin/../lib/gcc/arm-none-eabi/9.3.1/../../../../arm-none-eabi/lib/thumb/v7e-m/nofp/crt0.o (memset)
c:/st/stm32cubeide_1.5.1/stm32cubeide/plugins/com.st.stm32cube.ide.mcu.externaltools.gnu-tools-for-stm32.9-2020-q2-update.win32_1.5.0.202011040924/tools/bin/../lib/gcc/arm-none-eabi/9.3.1/../../../../arm-none-eabi/lib/thumb/v7e-m/nofp\libc_nano.a(lib_a-printf.o)
                              Src/100ADE_comunicate.o (printf)
c:/st/stm32cubeide_1.5.1/stm32cubeide/plugins/com.st.stm32cube.ide.mcu.externaltools.gnu-tools-for-stm32.9-2020-q2-update.win32_1.5.0.202011040924/tools/bin/../lib/gcc/arm-none-eabi/9.3.1/../../../../arm-none-eabi/lib/thumb/v7e-m/nofp\libc_nano.a(lib_a-puts.o)
                              drivers/Src/stm32f4xx_spi_driver.o (puts)
c:/st/stm32cubeide_1.5.1/stm32cubeide/plugins/com.st.stm32cube.ide.mcu.externaltools.gnu-tools-for-stm32.9-2020-q2-update.win32_1.5.0.202011040924/tools/bin/../lib/gcc/arm-none-eabi/9.3.1/../../../../arm-none-eabi/lib/thumb/v7e-m/nofp\libc_nano.a(lib_a-wbuf.o)
                              c:/st/stm32cubeide_1.5.1/stm32cubeide/plugins/com.st.stm32cube.ide.mcu.externaltools.gnu-tools-for-stm32.9-2020-q2-update.win32_1.5.0.202011040924/tools/bin/../lib/gcc/arm-none-eabi/9.3.1/../../../../arm-none-eabi/lib/thumb/v7e-m/nofp\libc_nano.a(lib_a-puts.o) (__swbuf_r)
c:/st/stm32cubeide_1.5.1/stm32cubeide/plugins/com.st.stm32cube.ide.mcu.externaltools.gnu-tools-for-stm32.9-2020-q2-update.win32_1.5.0.202011040924/tools/bin/../lib/gcc/arm-none-eabi/9.3.1/../../../../arm-none-eabi/lib/thumb/v7e-m/nofp\libc_nano.a(lib_a-wsetup.o)
                              c:/st/stm32cubeide_1.5.1/stm32cubeide/plugins/com.st.stm32cube.ide.mcu.externaltools.gnu-tools-for-stm32.9-2020-q2-update.win32_1.5.0.202011040924/tools/bin/../lib/gcc/arm-none-eabi/9.3.1/../../../../arm-none-eabi/lib/thumb/v7e-m/nofp\libc_nano.a(lib_a-puts.o) (__swsetup_r)
c:/st/stm32cubeide_1.5.1/stm32cubeide/plugins/com.st.stm32cube.ide.mcu.externaltools.gnu-tools-for-stm32.9-2020-q2-update.win32_1.5.0.202011040924/tools/bin/../lib/gcc/arm-none-eabi/9.3.1/../../../../arm-none-eabi/lib/thumb/v7e-m/nofp\libc_nano.a(lib_a-fflush.o)
                              c:/st/stm32cubeide_1.5.1/stm32cubeide/plugins/com.st.stm32cube.ide.mcu.externaltools.gnu-tools-for-stm32.9-2020-q2-update.win32_1.5.0.202011040924/tools/bin/../lib/gcc/arm-none-eabi/9.3.1/../../../../arm-none-eabi/lib/thumb/v7e-m/nofp\libc_nano.a(lib_a-wbuf.o) (_fflush_r)
[...]
Memory Configuration

Name             Origin             Length             Attributes
RAM              0x0000000020000000 0x0000000000020000 xrw
FLASH            0x0000000008000000 0x0000000000100000 xr
*default*        0x0000000000000000 0xffffffffffffffff

Linker script and memory map

LOAD c:/st/stm32cubeide_1.5.1/stm32cubeide/plugins/com.st.stm32cube.ide.mcu.externaltools.gnu-tools-for-stm32.9-2020-q2-update.win32_1.5.0.202011040924/tools/bin/../lib/gcc/arm-none-eabi/9.3.1/thumb/v7e-m/nofp/crti.o
LOAD c:/st/stm32cubeide_1.5.1/stm32cubeide/plugins/com.st.stm32cube.ide.mcu.externaltools.gnu-tools-for-stm32.9-2020-q2-update.win32_1.5.0.202011040924/tools/bin/../lib/gcc/arm-none-eabi/9.3.1/thumb/v7e-m/nofp/crtbegin.o
LOAD c:/st/stm32cubeide_1.5.1/stm32cubeide/plugins/com.st.stm32cube.ide.mcu.externaltools.gnu-tools-for-stm32.9-2020-q2-update.win32_1.5.0.202011040924/tools/bin/../lib/gcc/arm-none-eabi/9.3.1/../../../../arm-none-eabi/lib/thumb/v7e-m/nofp/crt0.o
LOAD Src/100ADE_comunicate.o
LOAD Src/syscalls.o
LOAD Src/sysmem.o
LOAD Startup/startup_stm32f407vgtx.o
LOAD drivers/Src/ade7753.o
LOAD drivers/Src/lcd5110.o
LOAD drivers/Src/stm32f4xx_gpio_driver.o
LOAD drivers/Src/stm32f4xx_spi_driver.o
START GROUP
LOAD c:/st/stm32cubeide_1.5.1/stm32cubeide/plugins/com.st.stm32cube.ide.mcu.externaltools.gnu-tools-for-stm32.9-2020-q2-update.win32_1.5.0.202011040924/tools/bin/../lib/gcc/arm-none-eabi/9.3.1/../../../../arm-none-eabi/lib/thumb/v7e-m/nofp\libc_nano.a
LOAD c:/st/stm32cubeide_1.5.1/stm32cubeide/plugins/com.st.stm32cube.ide.mcu.externaltools.gnu-tools-for-stm32.9-2020-q2-update.win32_1.5.0.202011040924/tools/bin/../lib/gcc/arm-none-eabi/9.3.1/../../../../arm-none-eabi/lib/thumb/v7e-m/nofp\libm.a
END GROUP
START GROUP
LOAD c:/st/stm32cubeide_1.5.1/stm32cubeide/plugins/com.st.stm32cube.ide.mcu.externaltools.gnu-tools-for-stm32.9-2020-q2-update.win32_1.5.0.202011040924/tools/bin/../lib/gcc/arm-none-eabi/9.3.1/thumb/v7e-m/nofp\libgcc.a
LOAD c:/st/stm32cubeide_1.5.1/stm32cubeide/plugins/com.st.stm32cube.ide.mcu.externaltools.gnu-tools-for-stm32.9-2020-q2-update.win32_1.5.0.202011040924/tools/bin/../lib/gcc/arm-none-eabi/9.3.1/../../../../arm-none-eabi/lib/thumb/v7e-m/nofp\libc_nano.a
END GROUP
START GROUP
LOAD c:/st/stm32cubeide_1.5.1/stm32cubeide/plugins/com.st.stm32cube.ide.mcu.externaltools.gnu-tools-for-stm32.9-2020-q2-update.win32_1.5.0.202011040924/tools/bin/../lib/gcc/arm-none-eabi/9.3.1/thumb/v7e-m/nofp\libgcc.a
LOAD c:/st/stm32cubeide_1.5.1/stm32cubeide/plugins/com.st.stm32cube.ide.mcu.externaltools.gnu-tools-for-stm32.9-2020-q2-update.win32_1.5.0.202011040924/tools/bin/../lib/gcc/arm-none-eabi/9.3.1/../../../../arm-none-eabi/lib/thumb/v7e-m/nofp\libc_nano.a
LOAD c:/st/stm32cubeide_1.5.1/stm32cubeide/plugins/com.st.stm32cube.ide.mcu.externaltools.gnu-tools-for-stm32.9-2020-q2-update.win32_1.5.0.202011040924/tools/bin/../lib/gcc/arm-none-eabi/9.3.1/../../../../arm-none-eabi/lib/thumb/v7e-m/nofp\libnosys.a
END GROUP
START GROUP
LOAD c:/st/stm32cubeide_1.5.1/stm32cubeide/plugins/com.st.stm32cube.ide.mcu.externaltools.gnu-tools-for-stm32.9-2020-q2-update.win32_1.5.0.202011040924/tools/bin/../lib/gcc/arm-none-eabi/9.3.1/thumb/v7e-m/nofp\libgcc.a
LOAD c:/st/stm32cubeide_1.5.1/stm32cubeide/plugins/com.st.stm32cube.ide.mcu.externaltools.gnu-tools-for-stm32.9-2020-q2-update.win32_1.5.0.202011040924/tools/bin/../lib/gcc/arm-none-eabi/9.3.1/../../../../arm-none-eabi/lib/thumb/v7e-m/nofp\libc_nano.a
LOAD c:/st/stm32cubeide_1.5.1/stm32cubeide/plugins/com.st.stm32cube.ide.mcu.externaltools.gnu-tools-for-stm32.9-2020-q2-update.win32_1.5.0.202011040924/tools/bin/../lib/gcc/arm-none-eabi/9.3.1/../../../../arm-none-eabi/lib/thumb/v7e-m/nofp\libnosys.a
END GROUP
LOAD c:/st/stm32cubeide_1.5.1/stm32cubeide/plugins/com.st.stm32cube.ide.mcu.externaltools.gnu-tools-for-stm32.9-2020-q2-update.win32_1.5.0.202011040924/tools/bin/../lib/gcc/arm-none-eabi/9.3.1/thumb/v7e-m/nofp/crtend.o
LOAD c:/st/stm32cubeide_1.5.1/stm32cubeide/plugins/com.st.stm32cube.ide.mcu.externaltools.gnu-tools-for-stm32.9-2020-q2-update.win32_1.5.0.202011040924/tools/bin/../lib/gcc/arm-none-eabi/9.3.1/thumb/v7e-m/nofp/crtn.o
                0x0000000020020000                _estack = (ORIGIN (RAM) + LENGTH (RAM))
                0x0000000000000200                _Min_Heap_Size = 0x200
                0x0000000000000400                _Min_Stack_Size = 0x400

.isr_vector     0x0000000008000000      0x1a8
                0x0000000008000000                . = ALIGN (0x4)
 *(.isr_vector)
 .isr_vector    0x0000000008000000      0x1a8 Startup/startup_stm32f407vgtx.o
                0x0000000008000000                g_pfnVectors
                0x00000000080001a8                . = ALIGN (0x4)

.text           0x00000000080001b0     0x20e8
                0x00000000080001b0                . = ALIGN (0x4)
 *(.text)
 .text          0x00000000080001b0       0x40 c:/st/stm32cubeide_1.5.1/stm32cubeide/plugins/com.st.stm32cube.ide.mcu.externaltools.gnu-tools-for-stm32.9-2020-q2-update.win32_1.5.0.202011040924/tools/bin/../lib/gcc/arm-none-eabi/9.3.1/thumb/v7e-m/nofp/crtbegin.o
 .text          0x00000000080001f0       0xa0 c:/st/stm32cubeide_1.5.1/stm32cubeide/plugins/com.st.stm32cube.ide.mcu.externaltools.gnu-tools-for-stm32.9-2020-q2-update.win32_1.5.0.202011040924/tools/bin/../lib/gcc/arm-none-eabi/9.3.1/../../../../arm-none-eabi/lib/thumb/v7e-m/nofp\libc_nano.a(lib_a-memchr.o)
                0x00000000080001f0                memchr
 *(.text*)
 .text.SPI1_GPIOInits
                0x0000000008000290       0x70 Src/100ADE_comunicate.o
                0x0000000008000290                SPI1_GPIOInits
 .text.SPI1_Inits
                0x0000000008000300       0x48 Src/100ADE_comunicate.o
                0x0000000008000300                SPI1_Inits
 .text.main     0x0000000008000348       0x7c Src/100ADE_comunicate.o
                0x0000000008000348                main
 .text.EXTI9_5_IRQHandler
                0x00000000080003c4       0x40 Src/100ADE_comunicate.o
                0x00000000080003c4                EXTI9_5_IRQHandler
 .text.ITM_SendChar
                0x0000000008000404       0x4c Src/syscalls.o
                0x0000000008000404                ITM_SendChar
 .text._read    0x0000000008000450       0x3a Src/syscalls.o
                0x0000000008000450                _read
 .text._write   0x000000000800048a       0x38 Src/syscalls.o
                0x000000000800048a                _write
 .text._close   0x00000000080004c2       0x16 Src/syscalls.o
                0x00000000080004c2                _close
 .text._fstat   0x00000000080004d8       0x1e Src/syscalls.o
                0x00000000080004d8                _fstat
 .text._isatty  0x00000000080004f6       0x14 Src/syscalls.o
                0x00000000080004f6                _isatty
 .text._lseek   0x000000000800050a       0x18 Src/syscalls.o
                0x000000000800050a                _lseek
 *fill*         0x0000000008000522        0x2 
 .text._sbrk    0x0000000008000524       0x6c Src/sysmem.o
                0x0000000008000524                _sbrk
 .text.Reset_Handler
                0x0000000008000590       0x50 Startup/startup_stm32f407vgtx.o
                0x0000000008000590                Reset_Handler
 .text.Default_Handler
                0x00000000080005e0        0x2 Startup/startup_stm32f407vgtx.o
                0x00000000080005e0                RTC_Alarm_IRQHandler
                0x00000000080005e0                HASH_RNG_IRQHandler
                0x00000000080005e0                EXTI2_IRQHandler
                0x00000000080005e0                TIM8_CC_IRQHandler
                0x00000000080005e0                DebugMon_Handler
                0x00000000080005e0                TIM1_CC_IRQHandler
                0x00000000080005e0                DMA2_Stream5_IRQHandler
                0x00000000080005e0                HardFault_Handler
                0x00000000080005e0                DMA1_Stream5_IRQHandler
                0x00000000080005e0                SysTick_Handler
                0x00000000080005e0                PVD_IRQHandler
                0x00000000080005e0                SDIO_IRQHandler
                0x00000000080005e0                TAMP_STAMP_IRQHandler
                0x00000000080005e0                PendSV_Handler
                0x00000000080005e0                NMI_Handler
                0x00000000080005e0                CAN2_RX1_IRQHandler
                0x00000000080005e0                EXTI3_IRQHandler
                0x00000000080005e0                TIM8_TRG_COM_TIM14_IRQHandler
                0x00000000080005e0                TIM1_UP_TIM10_IRQHandler
                0x00000000080005e0                TIM8_UP_TIM13_IRQHandler
                0x00000000080005e0                I2C3_ER_IRQHandler
                0x00000000080005e0                LCD_TFT_IRQHandler
                0x00000000080005e0                EXTI0_IRQHandler
                0x00000000080005e0                I2C2_EV_IRQHandler
                0x00000000080005e0                DMA1_Stream2_IRQHandler
                0x00000000080005e0                CAN1_RX0_IRQHandler
                0x00000000080005e0                FPU_IRQHandler
                0x00000000080005e0                OTG_HS_WKUP_IRQHandler
                0x00000000080005e0                UsageFault_Handler
                0x00000000080005e0                CAN2_SCE_IRQHandler
                0x00000000080005e0                DMA2_Stream2_IRQHandler
                0x00000000080005e0                SPI1_IRQHandler
                0x00000000080005e0                TIM6_DAC_IRQHandler
                0x00000000080005e0                TIM1_BRK_TIM9_IRQHandler
                0x00000000080005e0                DCMI_IRQHandler
                0x00000000080005e0                CAN2_RX0_IRQHandler
                0x00000000080005e0                DMA2_Stream3_IRQHandler
                0x00000000080005e0                USART6_IRQHandler
                0x00000000080005e0                USART3_IRQHandler
                0x00000000080005e0                CRYP_IRQHandler
                0x00000000080005e0                CAN1_RX1_IRQHandler
                0x00000000080005e0                UART5_IRQHandler
                0x00000000080005e0                DMA2_Stream0_IRQHandler
                0x00000000080005e0                TIM4_IRQHandler
                0x00000000080005e0                I2C1_EV_IRQHandler
                0x00000000080005e0                DMA1_Stream6_IRQHandler
                0x00000000080005e0                DMA1_Stream1_IRQHandler
                0x00000000080005e0                UART4_IRQHandler
                0x00000000080005e0                LCD_TFT_1_IRQHandler
                0x00000000080005e0                TIM3_IRQHandler
                0x00000000080005e0                RCC_IRQHandler
                0x00000000080005e0                TIM8_BRK_TIM12_IRQHandler
                0x00000000080005e0                Default_Handler
                0x00000000080005e0                EXTI15_10_IRQHandler
                0x00000000080005e0                ADC_IRQHandler
                0x00000000080005e0                DMA1_Stream7_IRQHandler
                0x00000000080005e0                TIM7_IRQHandler
                0x00000000080005e0                CAN2_TX_IRQHandler
                0x00000000080005e0                TIM5_IRQHandler
                0x00000000080005e0                DMA2_Stream7_IRQHandler
                0x00000000080005e0                I2C3_EV_IRQHandler
                0x00000000080005e0                RTC_WKUP_IRQHandler
                0x00000000080005e0                ETH_WKUP_IRQHandler
                0x00000000080005e0                SPI2_IRQHandler
                0x00000000080005e0                OTG_HS_EP1_IN_IRQHandler
                0x00000000080005e0                MemManage_Handler
                0x00000000080005e0                DMA1_Stream0_IRQHandler
                0x00000000080005e0                CAN1_TX_IRQHandler
                0x00000000080005e0                SVC_Handler
                0x00000000080005e0                EXTI4_IRQHandler
                0x00000000080005e0                FSMC_IRQHandler
                0x00000000080005e0                ETH_IRQHandler
                0x00000000080005e0                OTG_HS_EP1_OUT_IRQHandler
                0x00000000080005e0                WWDG_IRQHandler
                0x00000000080005e0                TIM2_IRQHandler
                0x00000000080005e0                OTG_FS_WKUP_IRQHandler
                0x00000000080005e0                TIM1_TRG_COM_TIM11_IRQHandler
                0x00000000080005e0                OTG_HS_IRQHandler
                0x00000000080005e0                EXTI1_IRQHandler
                0x00000000080005e0                USART2_IRQHandler
                0x00000000080005e0                I2C2_ER_IRQHandler
                0x00000000080005e0                DMA2_Stream1_IRQHandler
                0x00000000080005e0                CAN1_SCE_IRQHandler
                0x00000000080005e0                DMA2_Stream4_IRQHandler
                0x00000000080005e0                BusFault_Handler
                0x00000000080005e0                USART1_IRQHandler
                0x00000000080005e0                OTG_FS_IRQHandler
                0x00000000080005e0                SPI3_IRQHandler
                0x00000000080005e0                DMA1_Stream4_IRQHandler
                0x00000000080005e0                I2C1_ER_IRQHandler
                0x00000000080005e0                DMA2_Stream6_IRQHandler
                0x00000000080005e0                DMA1_Stream3_IRQHandler
 .text.ADE_ReadData
                0x00000000080005e2       0x7c drivers/Src/ade7753.o
                0x00000000080005e2                ADE_ReadData
 *fill*         0x000000000800065e        0x2 
 .text.LCD5110_send
                0x0000000008000660       0x30 drivers/Src/lcd5110.o
                0x0000000008000660                LCD5110_send
 .text.LCD5110_Pin
                0x0000000008000690       0x64 drivers/Src/lcd5110.o
                0x0000000008000690                LCD5110_Pin
 .text.LCD5110_Delay
                0x00000000080006f4       0x28 drivers/Src/lcd5110.o
                0x00000000080006f4                LCD5110_Delay
 .text.LCD5110_Init
                0x000000000800071c       0x76 drivers/Src/lcd5110.o
                0x000000000800071c                LCD5110_Init
 .text.LCD5110_Write
                0x0000000008000792       0x40 drivers/Src/lcd5110.o
                0x0000000008000792                LCD5110_Write
 *fill*         0x00000000080007d2        0x2 
 .text.LCD5110_DrawPixel
                0x00000000080007d4       0xbc drivers/Src/lcd5110.o
                0x00000000080007d4                LCD5110_DrawPixel
 .text.LCD5110_Clear
                0x0000000008000890       0x4c drivers/Src/lcd5110.o
                0x0000000008000890                LCD5110_Clear
 .text.LCD5110_Home
                0x00000000080008dc       0x18 drivers/Src/lcd5110.o
                0x00000000080008dc                LCD5110_Home
 .text.LCD5110_Refresh
                0x00000000080008f4       0xc4 drivers/Src/lcd5110.o
                0x00000000080008f4                LCD5110_Refresh
 .text.LCD5110_UpdateArea
                0x00000000080009b8       0x78 drivers/Src/lcd5110.o
                0x00000000080009b8                LCD5110_UpdateArea
 .text.LCD5110_GotoXY
                0x0000000008000a30       0x30 drivers/Src/lcd5110.o
                0x0000000008000a30                LCD5110_GotoXY
 .text.LCD5110_Putc
                0x0000000008000a60      0x12c drivers/Src/lcd5110.o
                0x0000000008000a60                LCD5110_Putc
 .text.LCD5110_Puts
                0x0000000008000b8c       0x36 drivers/Src/lcd5110.o
                0x0000000008000b8c                LCD5110_Puts
 *fill*         0x0000000008000bc2        0x2 
 .text.GPIO_PeriClockControl
                0x0000000008000bc4      0x1d0 drivers/Src/stm32f4xx_gpio_driver.o
                0x0000000008000bc4                GPIO_PeriClockControl
 .text.GPIO_Init
                0x0000000008000d94      0x330 drivers/Src/stm32f4xx_gpio_driver.o
                0x0000000008000d94                GPIO_Init
 .text.GPIO_WriteToOutputPin
                0x00000000080010c4       0x48 drivers/Src/stm32f4xx_gpio_driver.o
                0x00000000080010c4                GPIO_WriteToOutputPin
 .text.GPIO_IRQHandling
                0x000000000800110c       0x40 drivers/Src/stm32f4xx_gpio_driver.o
                0x000000000800110c                GPIO_IRQHandling
 .text.SPI_PeriClockControl
                0x000000000800114c       0xb0 drivers/Src/stm32f4xx_spi_driver.o
                0x000000000800114c                SPI_PeriClockControl
 .text.SPI_SSOEConfig
                0x00000000080011fc       0x36 drivers/Src/stm32f4xx_spi_driver.o
                0x00000000080011fc                SPI_SSOEConfig
 .text.SPI_Init
                0x0000000008001232       0xb6 drivers/Src/stm32f4xx_spi_driver.o
                0x0000000008001232                SPI_Init
 .text.SPI_GetFlagStatus
                0x00000000080012e8       0x26 drivers/Src/stm32f4xx_spi_driver.o
                0x00000000080012e8                SPI_GetFlagStatus
 .text.SPI_Transfer
                0x000000000800130e       0x32 drivers/Src/stm32f4xx_spi_driver.o
                0x000000000800130e                SPI_Transfer
 .text.SPI_PeripheralControl
                0x0000000008001340       0x36 drivers/Src/stm32f4xx_spi_driver.o
                0x0000000008001340                SPI_PeripheralControl
 *fill*         0x0000000008001376        0x2 
 .text.__errno  0x0000000008001378        0xc c:/st/stm32cubeide_1.5.1/stm32cubeide/plugins/com.st.stm32cube.ide.mcu.externaltools.gnu-tools-for-stm32.9-2020-q2-update.win32_1.5.0.202011040924/tools/bin/../lib/gcc/arm-none-eabi/9.3.1/../../../../arm-none-eabi/lib/thumb/v7e-m/nofp\libc_nano.a(lib_a-errno.o)
                0x0000000008001378                __errno
 .text.__libc_init_array
                0x0000000008001384       0x48 c:/st/stm32cubeide_1.5.1/stm32cubeide/plugins/com.st.stm32cube.ide.mcu.externaltools.gnu-tools-for-stm32.9-2020-q2-update.win32_1.5.0.202011040924/tools/bin/../lib/gcc/arm-none-eabi/9.3.1/../../../../arm-none-eabi/lib/thumb/v7e-m/nofp\libc_nano.a(lib_a-init.o)
                0x0000000008001384                __libc_init_array
 .text.memset   0x00000000080013cc       0x10 c:/st/stm32cubeide_1.5.1/stm32cubeide/plugins/com.st.stm32cube.ide.mcu.externaltools.gnu-tools-for-stm32.9-2020-q2-update.win32_1.5.0.202011040924/tools/bin/../lib/gcc/arm-none-eabi/9.3.1/../../../../arm-none-eabi/lib/thumb/v7e-m/nofp\libc_nano.a(lib_a-memset.o)
                0x00000000080013cc                memset
 .text.printf   0x00000000080013dc       0x30 c:/st/stm32cubeide_1.5.1/stm32cubeide/plugins/com.st.stm32cube.ide.mcu.externaltools.gnu-tools-for-stm32.9-2020-q2-update.win32_1.5.0.202011040924/tools/bin/../lib/gcc/arm-none-eabi/9.3.1/../../../../arm-none-eabi/lib/thumb/v7e-m/nofp\libc_nano.a(lib_a-printf.o)
                0x00000000080013dc                iprintf
                0x00000000080013dc                printf
 .text.__swbuf_r
                0x000000000800140c       0xa4 c:/st/stm32cubeide_1.5.1/stm32cubeide/plugins/com.st.stm32cube.ide.mcu.externaltools.gnu-tools-for-stm32.9-2020-q2-update.win32_1.5.0.202011040924/tools/bin/../lib/gcc/arm-none-eabi/9.3.1/../../../../arm-none-eabi/lib/thumb/v7e-m/nofp\libc_nano.a(lib_a-wbuf.o)
                0x000000000800140c                __swbuf_r
 .text.__swsetup_r
                0x00000000080014b0       0xdc c:/st/stm32cubeide_1.5.1/stm32cubeide/plugins/com.st.stm32cube.ide.mcu.externaltools.gnu-tools-for-stm32.9-2020-q2-update.win32_1.5.0.202011040924/tools/bin/../lib/gcc/arm-none-eabi/9.3.1/../../../../arm-none-eabi/lib/thumb/v7e-m/nofp\libc_nano.a(lib_a-wsetup.o)
                0x00000000080014b0                __swsetup_r
 .text.__sflush_r
                0x000000000800158c      0x10c c:/st/stm32cubeide_1.5.1/stm32cubeide/plugins/com.st.stm32cube.ide.mcu.externaltools.gnu-tools-for-stm32.9-2020-q2-update.win32_1.5.0.202011040924/tools/bin/../lib/gcc/arm-none-eabi/9.3.1/../../../../arm-none-eabi/lib/thumb/v7e-m/nofp\libc_nano.a(lib_a-fflush.o)
                0x000000000800158c                __sflush_r
 .text._fflush_r
                0x0000000008001698       0x78 c:/st/stm32cubeide_1.5.1/stm32cubeide/plugins/com.st.stm32cube.ide.mcu.externaltools.gnu-tools-for-stm32.9-2020-q2-update.win32_1.5.0.202011040924/tools/bin/../lib/gcc/arm-none-eabi/9.3.1/../../../../arm-none-eabi/lib/thumb/v7e-m/nofp\libc_nano.a(lib_a-fflush.o)
                0x0000000008001698                _fflush_r
 .text.std      0x0000000008001710       0x48 c:/st/stm32cubeide_1.5.1/stm32cubeide/plugins/com.st.stm32cube.ide.mcu.externaltools.gnu-tools-for-stm32.9-2020-q2-update.win32_1.5.0.202011040924/tools/bin/../lib/gcc/arm-none-eabi/9.3.1/../../../../arm-none-eabi/lib/thumb/v7e-m/nofp\libc_nano.a(lib_a-findfp.o)
 .text._cleanup_r
                0x0000000008001758        0xc c:/st/stm32cubeide_1.5.1/stm32cubeide/plugins/com.st.stm32cube.ide.mcu.externaltools.gnu-tools-for-stm32.9-2020-q2-update.win32_1.5.0.202011040924/tools/bin/../lib/gcc/arm-none-eabi/9.3.1/../../../../arm-none-eabi/lib/thumb/v7e-m/nofp\libc_nano.a(lib_a-findfp.o)
                0x0000000008001758                _cleanup_r
 .text.__sfmoreglue
                0x0000000008001764       0x2c c:/st/stm32cubeide_1.5.1/stm32cubeide/plugins/com.st.stm32cube.ide.mcu.externaltools.gnu-tools-for-stm32.9-2020-q2-update.win32_1.5.0.202011040924/tools/bin/../lib/gcc/arm-none-eabi/9.3.1/../../../../arm-none-eabi/lib/thumb/v7e-m/nofp\libc_nano.a(lib_a-findfp.o)
                0x0000000008001764                __sfmoreglue
 .text.__sfp_lock_acquire
                0x0000000008001790        0xc c:/st/stm32cubeide_1.5.1/stm32cubeide/plugins/com.st.stm32cube.ide.mcu.externaltools.gnu-tools-for-stm32.9-2020-q2-update.win32_1.5.0.202011040924/tools/bin/../lib/gcc/arm-none-eabi/9.3.1/../../../../arm-none-eabi/lib/thumb/v7e-m/nofp\libc_nano.a(lib_a-findfp.o)
                0x0000000008001790                __sfp_lock_acquire
 .text.__sfp_lock_release
                0x000000000800179c        0xc c:/st/stm32cubeide_1.5.1/stm32cubeide/plugins/com.st.stm32cube.ide.mcu.externaltools.gnu-tools-for-stm32.9-2020-q2-update.win32_1.5.0.202011040924/tools/bin/../lib/gcc/arm-none-eabi/9.3.1/../../../../arm-none-eabi/lib/thumb/v7e-m/nofp\libc_nano.a(lib_a-findfp.o)
                0x000000000800179c                __sfp_lock_release
 .text.__sinit_lock_acquire
                0x00000000080017a8        0xc c:/st/stm32cubeide_1.5.1/stm32cubeide/plugins/com.st.stm32cube.ide.mcu.externaltools.gnu-tools-for-stm32.9-2020-q2-update.win32_1.5.0.202011040924/tools/bin/../lib/gcc/arm-none-eabi/9.3.1/../../../../arm-none-eabi/lib/thumb/v7e-m/nofp\libc_nano.a(lib_a-findfp.o)
                0x00000000080017a8                __sinit_lock_acquire
 .text.__sinit_lock_release
                0x00000000080017b4        0xc c:/st/stm32cubeide_1.5.1/stm32cubeide/plugins/com.st.stm32cube.ide.mcu.externaltools.gnu-tools-for-stm32.9-2020-q2-update.win32_1.5.0.202011040924/tools/bin/../lib/gcc/arm-none-eabi/9.3.1/../../../../arm-none-eabi/lib/thumb/v7e-m/nofp\libc_nano.a(lib_a-findfp.o)
                0x00000000080017b4                __sinit_lock_release
 .text.__sinit  0x00000000080017c0       0x70 c:/st/stm32cubeide_1.5.1/stm32cubeide/plugins/com.st.stm32cube.ide.mcu.externaltools.gnu-tools-for-stm32.9-2020-q2-update.win32_1.5.0.202011040924/tools/bin/../lib/gcc/arm-none-eabi/9.3.1/../../../../arm-none-eabi/lib/thumb/v7e-m/nofp\libc_nano.a(lib_a-findfp.o)
                0x00000000080017c0                __sinit
 .text.__sfp    0x0000000008001830       0x8c c:/st/stm32cubeide_1.5.1/stm32cubeide/plugins/com.st.stm32cube.ide.mcu.externaltools.gnu-tools-for-stm32.9-2020-q2-update.win32_1.5.0.202011040924/tools/bin/../lib/gcc/arm-none-eabi/9.3.1/../../../../arm-none-eabi/lib/thumb/v7e-m/nofp\libc_nano.a(lib_a-findfp.o)
                0x0000000008001830                __sfp
 .text._fwalk_reent
                0x00000000080018bc       0x3e c:/st/stm32cubeide_1.5.1/stm32cubeide/plugins/com.st.stm32cube.ide.mcu.externaltools.gnu-tools-for-stm32.9-2020-q2-update.win32_1.5.0.202011040924/tools/bin/../lib/gcc/arm-none-eabi/9.3.1/../../../../arm-none-eabi/lib/thumb/v7e-m/nofp\libc_nano.a(lib_a-fwalk.o)
                0x00000000080018bc                _fwalk_reent
 .text.__retarget_lock_init_recursive
                0x00000000080018fa        0x2 c:/st/stm32cubeide_1.5.1/stm32cubeide/plugins/com.st.stm32cube.ide.mcu.externaltools.gnu-tools-for-stm32.9-2020-q2-update.win32_1.5.0.202011040924/tools/bin/../lib/gcc/arm-none-eabi/9.3.1/../../../../arm-none-eabi/lib/thumb/v7e-m/nofp\libc_nano.a(lib_a-lock.o)
                0x00000000080018fa                __retarget_lock_init_recursive
 .text.__retarget_lock_acquire_recursive
                0x00000000080018fc        0x2 c:/st/stm32cubeide_1.5.1/stm32cubeide/plugins/com.st.stm32cube.ide.mcu.externaltools.gnu-tools-for-stm32.9-2020-q2-update.win32_1.5.0.202011040924/tools/bin/../lib/gcc/arm-none-eabi/9.3.1/../../../../arm-none-eabi/lib/thumb/v7e-m/nofp\libc_nano.a(lib_a-lock.o)
                0x00000000080018fc                __retarget_lock_acquire_recursive
 .text.__retarget_lock_release_recursive
                0x00000000080018fe        0x2 c:/st/stm32cubeide_1.5.1/stm32cubeide/plugins/com.st.stm32cube.ide.mcu.externaltools.gnu-tools-for-stm32.9-2020-q2-update.win32_1.5.0.202011040924/tools/bin/../lib/gcc/arm-none-eabi/9.3.1/../../../../arm-none-eabi/lib/thumb/v7e-m/nofp\libc_nano.a(lib_a-lock.o)
                0x00000000080018fe                __retarget_lock_release_recursive
 .text.__swhatbuf_r
                0x0000000008001900       0x48 c:/st/stm32cubeide_1.5.1/stm32cubeide/plugins/com.st.stm32cube.ide.mcu.externaltools.gnu-tools-for-stm32.9-2020-q2-update.win32_1.5.0.202011040924/tools/bin/../lib/gcc/arm-none-eabi/9.3.1/../../../../arm-none-eabi/lib/thumb/v7e-m/nofp\libc_nano.a(lib_a-makebuf.o)
                0x0000000008001900                __swhatbuf_r
 .text.__smakebuf_r
                0x0000000008001948       0x80 c:/st/stm32cubeide_1.5.1/stm32cubeide/plugins/com.st.stm32cube.ide.mcu.externaltools.gnu-tools-for-stm32.9-2020-q2-update.win32_1.5.0.202011040924/tools/bin/../lib/gcc/arm-none-eabi/9.3.1/../../../../arm-none-eabi/lib/thumb/v7e-m/nofp\libc_nano.a(lib_a-makebuf.o)
                0x0000000008001948                __smakebuf_r
 .text._free_r  0x00000000080019c8       0x9c c:/st/stm32cubeide_1.5.1/stm32cubeide/plugins/com.st.stm32cube.ide.mcu.externaltools.gnu-tools-for-stm32.9-2020-q2-update.win32_1.5.0.202011040924/tools/bin/../lib/gcc/arm-none-eabi/9.3.1/../../../../arm-none-eabi/lib/thumb/v7e-m/nofp\libc_nano.a(lib_a-nano-freer.o)
                0x00000000080019c8                _free_r
 .text._malloc_r
                0x0000000008001a64       0xb4 c:/st/stm32cubeide_1.5.1/stm32cubeide/plugins/com.st.stm32cube.ide.mcu.externaltools.gnu-tools-for-stm32.9-2020-q2-update.win32_1.5.0.202011040924/tools/bin/../lib/gcc/arm-none-eabi/9.3.1/../../../../arm-none-eabi/lib/thumb/v7e-m/nofp\libc_nano.a(lib_a-nano-mallocr.o)
                0x0000000008001a64                _malloc_r
 .text.__sfputc_r
                0x0000000008001b18       0x2a c:/st/stm32cubeide_1.5.1/stm32cubeide/plugins/com.st.stm32cube.ide.mcu.externaltools.gnu-tools-for-stm32.9-2020-q2-update.win32_1.5.0.202011040924/tools/bin/../lib/gcc/arm-none-eabi/9.3.1/../../../../arm-none-eabi/lib/thumb/v7e-m/nofp\libc_nano.a(lib_a-nano-vfprintf.o)
 .text.__sfputs_r
                0x0000000008001b42       0x24 c:/st/stm32cubeide_1.5.1/stm32cubeide/plugins/com.st.stm32cube.ide.mcu.externaltools.gnu-tools-for-stm32.9-2020-q2-update.win32_1.5.0.202011040924/tools/bin/../lib/gcc/arm-none-eabi/9.3.1/../../../../arm-none-eabi/lib/thumb/v7e-m/nofp\libc_nano.a(lib_a-nano-vfprintf.o)
                0x0000000008001b42                __sfputs_r
 *fill*         0x0000000008001b66        0x2 
 .text._vfprintf_r
                0x0000000008001b68      0x260 c:/st/stm32cubeide_1.5.1/stm32cubeide/plugins/com.st.stm32cube.ide.mcu.externaltools.gnu-tools-for-stm32.9-2020-q2-update.win32_1.5.0.202011040924/tools/bin/../lib/gcc/arm-none-eabi/9.3.1/../../../../arm-none-eabi/lib/thumb/v7e-m/nofp\libc_nano.a(lib_a-nano-vfprintf.o)
                0x0000000008001b68                _vfprintf_r
                0x0000000008001b68                _vfiprintf_r
 .text._printf_common
                0x0000000008001dc8       0xda c:/st/stm32cubeide_1.5.1/stm32cubeide/plugins/com.st.stm32cube.ide.mcu.externaltools.gnu-tools-for-stm32.9-2020-q2-update.win32_1.5.0.202011040924/tools/bin/../lib/gcc/arm-none-eabi/9.3.1/../../../../arm-none-eabi/lib/thumb/v7e-m/nofp\libc_nano.a(lib_a-nano-vfprintf_i.o)
                0x0000000008001dc8                _printf_common
 *fill*         0x0000000008001ea2        0x2 
 .text._printf_i
                0x0000000008001ea4      0x24c c:/st/stm32cubeide_1.5.1/stm32cubeide/plugins/com.st.stm32cube.ide.mcu.externaltools.gnu-tools-for-stm32.9-2020-q2-update.win32_1.5.0.202011040924/tools/bin/../lib/gcc/arm-none-eabi/9.3.1/../../../../arm-none-eabi/lib/thumb/v7e-m/nofp\libc_nano.a(lib_a-nano-vfprintf_i.o)
                0x0000000008001ea4                _printf_i
 .text._sbrk_r  0x00000000080020f0       0x20 c:/st/stm32cubeide_1.5.1/stm32cubeide/plugins/com.st.stm32cube.ide.mcu.externaltools.gnu-tools-for-stm32.9-2020-q2-update.win32_1.5.0.202011040924/tools/bin/../lib/gcc/arm-none-eabi/9.3.1/../../../../arm-none-eabi/lib/thumb/v7e-m/nofp\libc_nano.a(lib_a-sbrkr.o)
                0x00000000080020f0                _sbrk_r
 .text.__sread  0x0000000008002110       0x22 c:/st/stm32cubeide_1.5.1/stm32cubeide/plugins/com.st.stm32cube.ide.mcu.externaltools.gnu-tools-for-stm32.9-2020-q2-update.win32_1.5.0.202011040924/tools/bin/../lib/gcc/arm-none-eabi/9.3.1/../../../../arm-none-eabi/lib/thumb/v7e-m/nofp\libc_nano.a(lib_a-stdio.o)
                0x0000000008002110                __sread
 .text.__swrite
                0x0000000008002132       0x38 c:/st/stm32cubeide_1.5.1/stm32cubeide/plugins/com.st.stm32cube.ide.mcu.externaltools.gnu-tools-for-stm32.9-2020-q2-update.win32_1.5.0.202011040924/tools/bin/../lib/gcc/arm-none-eabi/9.3.1/../../../../arm-none-eabi/lib/thumb/v7e-m/nofp\libc_nano.a(lib_a-stdio.o)
                0x0000000008002132                __swrite
 .text.__sseek  0x000000000800216a       0x24 c:/st/stm32cubeide_1.5.1/stm32cubeide/plugins/com.st.stm32cube.ide.mcu.externaltools.gnu-tools-for-stm32.9-2020-q2-update.win32_1.5.0.202011040924/tools/bin/../lib/gcc/arm-none-eabi/9.3.1/../../../../arm-none-eabi/lib/thumb/v7e-m/nofp\libc_nano.a(lib_a-stdio.o)
                0x000000000800216a                __sseek
 .text.__sclose
                0x000000000800218e        0x8 c:/st/stm32cubeide_1.5.1/stm32cubeide/plugins/com.st.stm32cube.ide.mcu.externaltools.gnu-tools-for-stm32.9-2020-q2-update.win32_1.5.0.202011040924/tools/bin/../lib/gcc/arm-none-eabi/9.3.1/../../../../arm-none-eabi/lib/thumb/v7e-m/nofp\libc_nano.a(lib_a-stdio.o)
                0x000000000800218e                __sclose
 *fill*         0x0000000008002196        0x2 
 .text._write_r
                0x0000000008002198       0x24 c:/st/stm32cubeide_1.5.1/stm32cubeide/plugins/com.st.stm32cube.ide.mcu.externaltools.gnu-tools-for-stm32.9-2020-q2-update.win32_1.5.0.202011040924/tools/bin/../lib/gcc/arm-none-eabi/9.3.1/../../../../arm-none-eabi/lib/thumb/v7e-m/nofp\libc_nano.a(lib_a-writer.o)
                0x0000000008002198                _write_r
 .text._close_r
                0x00000000080021bc       0x20 c:/st/stm32cubeide_1.5.1/stm32cubeide/plugins/com.st.stm32cube.ide.mcu.externaltools.gnu-tools-for-stm32.9-2020-q2-update.win32_1.5.0.202011040924/tools/bin/../lib/gcc/arm-none-eabi/9.3.1/../../../../arm-none-eabi/lib/thumb/v7e-m/nofp\libc_nano.a(lib_a-closer.o)
                0x00000000080021bc                _close_r
 .text._fstat_r
                0x00000000080021dc       0x24 c:/st/stm32cubeide_1.5.1/stm32cubeide/plugins/com.st.stm32cube.ide.mcu.externaltools.gnu-tools-for-stm32.9-2020-q2-update.win32_1.5.0.202011040924/tools/bin/../lib/gcc/arm-none-eabi/9.3.1/../../../../arm-none-eabi/lib/thumb/v7e-m/nofp\libc_nano.a(lib_a-fstatr.o)
                0x00000000080021dc                _fstat_r
 .text._isatty_r
                0x0000000008002200       0x20 c:/st/stm32cubeide_1.5.1/stm32cubeide/plugins/com.st.stm32cube.ide.mcu.externaltools.gnu-tools-for-stm32.9-2020-q2-update.win32_1.5.0.202011040924/tools/bin/../lib/gcc/arm-none-eabi/9.3.1/../../../../arm-none-eabi/lib/thumb/v7e-m/nofp\libc_nano.a(lib_a-isattyr.o)
                0x0000000008002200                _isatty_r
 .text._lseek_r
                0x0000000008002220       0x24 c:/st/stm32cubeide_1.5.1/stm32cubeide/plugins/com.st.stm32cube.ide.mcu.externaltools.gnu-tools-for-stm32.9-2020-q2-update.win32_1.5.0.202011040924/tools/bin/../lib/gcc/arm-none-eabi/9.3.1/../../../../arm-none-eabi/lib/thumb/v7e-m/nofp\libc_nano.a(lib_a-lseekr.o)
                0x0000000008002220                _lseek_r
 .text.__malloc_lock
                0x0000000008002244        0xc c:/st/stm32cubeide_1.5.1/stm32cubeide/plugins/com.st.stm32cube.ide.mcu.externaltools.gnu-tools-for-stm32.9-2020-q2-update.win32_1.5.0.202011040924/tools/bin/../lib/gcc/arm-none-eabi/9.3.1/../../../../arm-none-eabi/lib/thumb/v7e-m/nofp\libc_nano.a(lib_a-mlock.o)
                0x0000000008002244                __malloc_lock
 .text.__malloc_unlock
                0x0000000008002250        0xc c:/st/stm32cubeide_1.5.1/stm32cubeide/plugins/com.st.stm32cube.ide.mcu.externaltools.gnu-tools-for-stm32.9-2020-q2-update.win32_1.5.0.202011040924/tools/bin/../lib/gcc/arm-none-eabi/9.3.1/../../../../arm-none-eabi/lib/thumb/v7e-m/nofp\libc_nano.a(lib_a-mlock.o)
                0x0000000008002250                __malloc_unlock
 .text._read_r  0x000000000800225c       0x24 c:/st/stm32cubeide_1.5.1/stm32cubeide/plugins/com.st.stm32cube.ide.mcu.externaltools.gnu-tools-for-stm32.9-2020-q2-update.win32_1.5.0.202011040924/tools/bin/../lib/gcc/arm-none-eabi/9.3.1/../../../../arm-none-eabi/lib/thumb/v7e-m/nofp\libc_nano.a(lib_a-readr.o)
                0x000000000800225c                _read_r
 *(.glue_7)
 .glue_7        0x0000000008002280        0x0 linker stubs
 *(.glue_7t)
 .glue_7t       0x0000000008002280        0x0 linker stubs
 *(.eh_frame)
 .eh_frame      0x0000000008002280        0x0 c:/st/stm32cubeide_1.5.1/stm32cubeide/plugins/com.st.stm32cube.ide.mcu.externaltools.gnu-tools-for-stm32.9-2020-q2-update.win32_1.5.0.202011040924/tools/bin/../lib/gcc/arm-none-eabi/9.3.1/thumb/v7e-m/nofp/crtbegin.o
 *(.init)
 .init          0x0000000008002280        0x4 c:/st/stm32cubeide_1.5.1/stm32cubeide/plugins/com.st.stm32cube.ide.mcu.externaltools.gnu-tools-for-stm32.9-2020-q2-update.win32_1.5.0.202011040924/tools/bin/../lib/gcc/arm-none-eabi/9.3.1/thumb/v7e-m/nofp/crti.o
                0x0000000008002280                _init
 .init          0x0000000008002284        0x8 c:/st/stm32cubeide_1.5.1/stm32cubeide/plugins/com.st.stm32cube.ide.mcu.externaltools.gnu-tools-for-stm32.9-2020-q2-update.win32_1.5.0.202011040924/tools/bin/../lib/gcc/arm-none-eabi/9.3.1/thumb/v7e-m/nofp/crtn.o
 *(.fini)
 .fini          0x000000000800228c        0x4 c:/st/stm32cubeide_1.5.1/stm32cubeide/plugins/com.st.stm32cube.ide.mcu.externaltools.gnu-tools-for-stm32.9-2020-q2-update.win32_1.5.0.202011040924/tools/bin/../lib/gcc/arm-none-eabi/9.3.1/thumb/v7e-m/nofp/crti.o
                0x000000000800228c                _fini
 .fini          0x0000000008002290        0x8 c:/st/stm32cubeide_1.5.1/stm32cubeide/plugins/com.st.stm32cube.ide.mcu.externaltools.gnu-tools-for-stm32.9-2020-q2-update.win32_1.5.0.202011040924/tools/bin/../lib/gcc/arm-none-eabi/9.3.1/thumb/v7e-m/nofp/crtn.o
                0x0000000008002298                . = ALIGN (0x4)
                0x0000000008002298                _etext = .

.vfp11_veneer   0x0000000008002298        0x0
 .vfp11_veneer  0x0000000008002298        0x0 linker stubs

.v4_bx          0x0000000008002298        0x0
 .v4_bx         0x0000000008002298        0x0 linker stubs

.iplt           0x0000000008002298        0x0
 .iplt          0x0000000008002298        0x0 c:/st/stm32cubeide_1.5.1/stm32cubeide/plugins/com.st.stm32cube.ide.mcu.externaltools.gnu-tools-for-stm32.9-2020-q2-update.win32_1.5.0.202011040924/tools/bin/../lib/gcc/arm-none-eabi/9.3.1/thumb/v7e-m/nofp/crtbegin.o

.rodata         0x0000000008002298      0x458
                0x0000000008002298                . = ALIGN (0x4)
 *(.rodata)
 .rodata        0x0000000008002298       0x38 Src/100ADE_comunicate.o
 *(.rodata*)
 .rodata.LCD5110_Font5x7
                0x00000000080022d0      0x246 drivers/Src/lcd5110.o
                0x00000000080022d0                LCD5110_Font5x7
 *fill*         0x0000000008002516        0x2 
 .rodata.LCD5110_Font3x5
                0x0000000008002518      0x13e drivers/Src/lcd5110.o
                0x0000000008002518                LCD5110_Font3x5
 *fill*         0x0000000008002656        0x2 
 .rodata._global_impure_ptr
                0x0000000008002658        0x4 c:/st/stm32cubeide_1.5.1/stm32cubeide/plugins/com.st.stm32cube.ide.mcu.externaltools.gnu-tools-for-stm32.9-2020-q2-update.win32_1.5.0.202011040924/tools/bin/../lib/gcc/arm-none-eabi/9.3.1/../../../../arm-none-eabi/lib/thumb/v7e-m/nofp\libc_nano.a(lib_a-impure.o)
                0x0000000008002658                _global_impure_ptr
 .rodata.__sf_fake_stderr
                0x000000000800265c       0x20 c:/st/stm32cubeide_1.5.1/stm32cubeide/plugins/com.st.stm32cube.ide.mcu.externaltools.gnu-tools-for-stm32.9-2020-q2-update.win32_1.5.0.202011040924/tools/bin/../lib/gcc/arm-none-eabi/9.3.1/../../../../arm-none-eabi/lib/thumb/v7e-m/nofp\libc_nano.a(lib_a-findfp.o)
                0x000000000800265c                __sf_fake_stderr
 .rodata.__sf_fake_stdin
                0x000000000800267c       0x20 c:/st/stm32cubeide_1.5.1/stm32cubeide/plugins/com.st.stm32cube.ide.mcu.externaltools.gnu-tools-for-stm32.9-2020-q2-update.win32_1.5.0.202011040924/tools/bin/../lib/gcc/arm-none-eabi/9.3.1/../../../../arm-none-eabi/lib/thumb/v7e-m/nofp\libc_nano.a(lib_a-findfp.o)
                0x000000000800267c                __sf_fake_stdin
 .rodata.__sf_fake_stdout
                0x000000000800269c       0x20 c:/st/stm32cubeide_1.5.1/stm32cubeide/plugins/com.st.stm32cube.ide.mcu.externaltools.gnu-tools-for-stm32.9-2020-q2-update.win32_1.5.0.202011040924/tools/bin/../lib/gcc/arm-none-eabi/9.3.1/../../../../arm-none-eabi/lib/thumb/v7e-m/nofp\libc_nano.a(lib_a-findfp.o)
                0x000000000800269c                __sf_fake_stdout
 .rodata._vfprintf_r.str1.1
                0x00000000080026bc       0x11 c:/st/stm32cubeide_1.5.1/stm32cubeide/plugins/com.st.stm32cube.ide.mcu.externaltools.gnu-tools-for-stm32.9-2020-q2-update.win32_1.5.0.202011040924/tools/bin/../lib/gcc/arm-none-eabi/9.3.1/../../../../arm-none-eabi/lib/thumb/v7e-m/nofp\libc_nano.a(lib_a-nano-vfprintf.o)
 .rodata._printf_i.str1.1
                0x00000000080026cd       0x22 c:/st/stm32cubeide_1.5.1/stm32cubeide/plugins/com.st.stm32cube.ide.mcu.externaltools.gnu-tools-for-stm32.9-2020-q2-update.win32_1.5.0.202011040924/tools/bin/../lib/gcc/arm-none-eabi/9.3.1/../../../../arm-none-eabi/lib/thumb/v7e-m/nofp\libc_nano.a(lib_a-nano-vfprintf_i.o)
                0x00000000080026f0                . = ALIGN (0x4)
 *fill*         0x00000000080026ef        0x1 

.rel.dyn        0x00000000080026f0        0x0
 .rel.iplt      0x00000000080026f0        0x0 c:/st/stm32cubeide_1.5.1/stm32cubeide/plugins/com.st.stm32cube.ide.mcu.externaltools.gnu-tools-for-stm32.9-2020-q2-update.win32_1.5.0.202011040924/tools/bin/../lib/gcc/arm-none-eabi/9.3.1/thumb/v7e-m/nofp/crtbegin.o

.ARM.extab      0x00000000080026f0        0x0
                0x00000000080026f0                . = ALIGN (0x4)
 *(.ARM.extab* .gnu.linkonce.armextab.*)
                0x00000000080026f0                . = ALIGN (0x4)

.ARM            0x00000000080026f0        0x0
                0x00000000080026f0                . = ALIGN (0x4)
                0x00000000080026f0                __exidx_start = .
 *(.ARM.exidx*)
                0x00000000080026f0                __exidx_end = .
                0x00000000080026f0                . = ALIGN (0x4)

.preinit_array  0x00000000080026f0        0x0
                0x00000000080026f0                . = ALIGN (0x4)
                0x00000000080026f0                PROVIDE (__preinit_array_start = .)
 *(.preinit_array*)
                0x00000000080026f0                PROVIDE (__preinit_array_end = .)
                0x00000000080026f0                . = ALIGN (0x4)

.init_array     0x00000000080026f0        0x4
                0x00000000080026f0                . = ALIGN (0x4)
                0x00000000080026f0                PROVIDE (__init_array_start = .)
 *(SORT_BY_NAME(.init_array.*))
 *(.init_array*)
 .init_array    0x00000000080026f0        0x4 c:/st/stm32cubeide_1.5.1/stm32cubeide/plugins/com.st.stm32cube.ide.mcu.externaltools.gnu-tools-for-stm32.9-2020-q2-update.win32_1.5.0.202011040924/tools/bin/../lib/gcc/arm-none-eabi/9.3.1/thumb/v7e-m/nofp/crtbegin.o
                0x00000000080026f4                PROVIDE (__init_array_end = .)
                0x00000000080026f4                . = ALIGN (0x4)

.fini_array     0x00000000080026f4        0x4
                0x00000000080026f4                . = ALIGN (0x4)
                [!provide]                        PROVIDE (__fini_array_start = .)
 *(SORT_BY_NAME(.fini_array.*))
 *(.fini_array*)
 .fini_array    0x00000000080026f4        0x4 c:/st/stm32cubeide_1.5.1/stm32cubeide/plugins/com.st.stm32cube.ide.mcu.externaltools.gnu-tools-for-stm32.9-2020-q2-update.win32_1.5.0.202011040924/tools/bin/../lib/gcc/arm-none-eabi/9.3.1/thumb/v7e-m/nofp/crtbegin.o
                [!provide]                        PROVIDE (__fini_array_end = .)
                0x00000000080026f8                . = ALIGN (0x4)
                0x00000000080026f8                _sidata = LOADADDR (.data)

.data           0x0000000020000000       0x64 load address 0x00000000080026f8
                0x0000000020000000                . = ALIGN (0x4)
                0x0000000020000000                _sdata = .
 *(.data)
 *(.data*)
 .data._impure_ptr
                0x0000000020000000        0x4 c:/st/stm32cubeide_1.5.1/stm32cubeide/plugins/com.st.stm32cube.ide.mcu.externaltools.gnu-tools-for-stm32.9-2020-q2-update.win32_1.5.0.202011040924/tools/bin/../lib/gcc/arm-none-eabi/9.3.1/../../../../arm-none-eabi/lib/thumb/v7e-m/nofp\libc_nano.a(lib_a-impure.o)
                0x0000000020000000                _impure_ptr
 .data.impure_data
                0x0000000020000004       0x60 c:/st/stm32cubeide_1.5.1/stm32cubeide/plugins/com.st.stm32cube.ide.mcu.externaltools.gnu-tools-for-stm32.9-2020-q2-update.win32_1.5.0.202011040924/tools/bin/../lib/gcc/arm-none-eabi/9.3.1/../../../../arm-none-eabi/lib/thumb/v7e-m/nofp\libc_nano.a(lib_a-impure.o)
 *(.RamFunc)
 *(.RamFunc*)
                0x0000000020000064                . = ALIGN (0x4)
                0x0000000020000064                _edata = .

.igot.plt       0x0000000020000064        0x0 load address 0x000000000800275c
 .igot.plt      0x0000000020000064        0x0 c:/st/stm32cubeide_1.5.1/stm32cubeide/plugins/com.st.stm32cube.ide.mcu.externaltools.gnu-tools-for-stm32.9-2020-q2-update.win32_1.5.0.202011040924/tools/bin/../lib/gcc/arm-none-eabi/9.3.1/thumb/v7e-m/nofp/crtbegin.o
                0x0000000020000064                . = ALIGN (0x4)

.bss            0x0000000020000064      0x470 load address 0x000000000800275c
                0x0000000020000064                _sbss = .
                0x0000000020000064                __bss_start__ = _sbss
 *(.bss)
 .bss           0x0000000020000064       0x1c c:/st/stm32cubeide_1.5.1/stm32cubeide/plugins/com.st.stm32cube.ide.mcu.externaltools.gnu-tools-for-stm32.9-2020-q2-update.win32_1.5.0.202011040924/tools/bin/../lib/gcc/arm-none-eabi/9.3.1/thumb/v7e-m/nofp/crtbegin.o
 *(.bss*)
 .bss.__sbrk_heap_end
                0x0000000020000080        0x4 Src/sysmem.o
 .bss.LCD5110_UpdateXmin
                0x0000000020000084        0x1 drivers/Src/lcd5110.o
                0x0000000020000084                LCD5110_UpdateXmin
 .bss.LCD5110_UpdateXmax
                0x0000000020000085        0x1 drivers/Src/lcd5110.o
                0x0000000020000085                LCD5110_UpdateXmax
 .bss.LCD5110_UpdateYmin
                0x0000000020000086        0x1 drivers/Src/lcd5110.o
                0x0000000020000086                LCD5110_UpdateYmin
 .bss.LCD5110_UpdateYmax
                0x0000000020000087        0x1 drivers/Src/lcd5110.o
                0x0000000020000087                LCD5110_UpdateYmax
 .bss.__malloc_free_list
                0x0000000020000088        0x4 c:/st/stm32cubeide_1.5.1/stm32cubeide/plugins/com.st.stm32cube.ide.mcu.externaltools.gnu-tools-for-stm32.9-2020-q2-update.win32_1.5.0.202011040924/tools/bin/../lib/gcc/arm-none-eabi/9.3.1/../../../../arm-none-eabi/lib/thumb/v7e-m/nofp\libc_nano.a(lib_a-nano-mallocr.o)
                0x0000000020000088                __malloc_free_list
 .bss.__malloc_sbrk_start
                0x000000002000008c        0x4 c:/st/stm32cubeide_1.5.1/stm32cubeide/plugins/com.st.stm32cube.ide.mcu.externaltools.gnu-tools-for-stm32.9-2020-q2-update.win32_1.5.0.202011040924/tools/bin/../lib/gcc/arm-none-eabi/9.3.1/../../../../arm-none-eabi/lib/thumb/v7e-m/nofp\libc_nano.a(lib_a-nano-mallocr.o)
                0x000000002000008c                __malloc_sbrk_start
 *(COMMON)
 COMMON         0x0000000020000090      0x238 Src/100ADE_comunicate.o
                0x0000000020000090                ReadByte
                0x0000000020000094                SPI1handle
                0x00000000200000b4                SPI2handle
                0x00000000200000d4                RcvBuff
 COMMON         0x00000000200002c8      0x1fc drivers/Src/lcd5110.o
                0x00000000200002c8                LCD5110_x
                0x00000000200002c9                LCD5110_y
                0x00000000200002cc                LCD5110_Buffer
 COMMON         0x00000000200004c4        0x9 c:/st/stm32cubeide_1.5.1/stm32cubeide/plugins/com.st.stm32cube.ide.mcu.externaltools.gnu-tools-for-stm32.9-2020-q2-update.win32_1.5.0.202011040924/tools/bin/../lib/gcc/arm-none-eabi/9.3.1/../../../../arm-none-eabi/lib/thumb/v7e-m/nofp\libc_nano.a(lib_a-lock.o)
                0x00000000200004c4                __lock___atexit_recursive_mutex
                0x00000000200004c5                __lock___arc4random_mutex
                0x00000000200004c6                __lock___env_recursive_mutex
                0x00000000200004c7                __lock___sinit_recursive_mutex
                0x00000000200004c8                __lock___malloc_recursive_mutex
                0x00000000200004c9                __lock___at_quick_exit_mutex
                0x00000000200004ca                __lock___dd_hash_mutex
                0x00000000200004cb                __lock___tz_mutex
                0x00000000200004cc                __lock___sfp_recursive_mutex
 *fill*         0x00000000200004cd        0x3 
 COMMON         0x00000000200004d0        0x4 c:/st/stm32cubeide_1.5.1/stm32cubeide/plugins/com.st.stm32cube.ide.mcu.externaltools.gnu-tools-for-stm32.9-2020-q2-update.win32_1.5.0.202011040924/tools/bin/../lib/gcc/arm-none-eabi/9.3.1/../../../../arm-none-eabi/lib/thumb/v7e-m/nofp\libc_nano.a(lib_a-reent.o)
                0x00000000200004d0                errno
                0x00000000200004d4                . = ALIGN (0x4)
                0x00000000200004d4                _ebss = .
                0x00000000200004d4                __bss_end__ = _ebss

._user_heap_stack
                0x00000000200004d4      0x604 load address 0x000000000800275c
                0x00000000200004d8                . = ALIGN (0x8)
 *fill*         0x00000000200004d4        0x4 
                [!provide]                        PROVIDE (end = .)
                0x00000000200004d8                PROVIDE (_end = .)
                0x00000000200006d8                . = (. + _Min_Heap_Size)
 *fill*         0x00000000200004d8      0x200 
                0x0000000020000ad8                . = (. + _Min_Stack_Size)
 *fill*         0x00000000200006d8      0x400 
                0x0000000020000ad8                . = ALIGN (0x8)

/DISCARD/
 libc.a(*)
 libm.a(*)
 libgcc.a(*)

.ARM.attributes
                0x0000000000000000       0x2a
 *(.ARM.attributes)
 .ARM.attributes
                0x0000000000000000       0x1e c:/st/stm32cubeide_1.5.1/stm32cubeide/plugins/com.st.stm32cube.ide.mcu.externaltools.gnu-tools-for-stm32.9-2020-q2-update.win32_1.5.0.202011040924/tools/bin/../lib/gcc/arm-none-eabi/9.3.1/thumb/v7e-m/nofp/crti.o
 .ARM.attributes
                0x000000000000001e       0x2e c:/st/stm32cubeide_1.5.1/stm32cubeide/plugins/com.st.stm32cube.ide.mcu.externaltools.gnu-tools-for-stm32.9-2020-q2-update.win32_1.5.0.202011040924/tools/bin/../lib/gcc/arm-none-eabi/9.3.1/thumb/v7e-m/nofp/crtbegin.o
 .ARM.attributes
                0x000000000000004c       0x2e Src/100ADE_comunicate.o
 .ARM.attributes
                0x000000000000007a       0x2e Src/syscalls.o
 .ARM.attributes
                0x00000000000000a8       0x2e Src/sysmem.o
 .ARM.attributes
                0x00000000000000d6       0x21 Startup/startup_stm32f407vgtx.o
 .ARM.attributes
                0x00000000000000f7       0x2e drivers/Src/ade7753.o
 .ARM.attributes
                0x0000000000000125       0x2e drivers/Src/lcd5110.o
 .ARM.attributes
                0x0000000000000153       0x2e drivers/Src/stm32f4xx_gpio_driver.o
 .ARM.attributes
                0x0000000000000181       0x2e drivers/Src/stm32f4xx_spi_driver.o
 .ARM.attributes
                0x00000000000001af       0x2e c:/st/stm32cubeide_1.5.1/stm32cubeide/plugins/com.st.stm32cube.ide.mcu.externaltools.gnu-tools-for-stm32.9-2020-q2-update.win32_1.5.0.202011040924/tools/bin/../lib/gcc/arm-none-eabi/9.3.1/../../../../arm-none-eabi/lib/thumb/v7e-m/nofp\libc_nano.a(lib_a-errno.o)
 .ARM.attributes
                0x00000000000001dd       0x2e c:/st/stm32cubeide_1.5.1/stm32cubeide/plugins/com.st.stm32cube.ide.mcu.externaltools.gnu-tools-for-stm32.9-2020-q2-update.win32_1.5.0.202011040924/tools/bin/../lib/gcc/arm-none-eabi/9.3.1/../../../../arm-none-eabi/lib/thumb/v7e-m/nofp\libc_nano.a(lib_a-impure.o)
 .ARM.attributes
                0x000000000000020b       0x2e c:/st/stm32cubeide_1.5.1/stm32cubeide/plugins/com.st.stm32cube.ide.mcu.externaltools.gnu-tools-for-stm32.9-2020-q2-update.win32_1.5.0.202011040924/tools/bin/../lib/gcc/arm-none-eabi/9.3.1/../../../../arm-none-eabi/lib/thumb/v7e-m/nofp\libc_nano.a(lib_a-init.o)
 .ARM.attributes
                0x0000000000000239       0x2e c:/st/stm32cubeide_1.5.1/stm32cubeide/plugins/com.st.stm32cube.ide.mcu.externaltools.gnu-tools-for-stm32.9-2020-q2-update.win32_1.5.0.202011040924/tools/bin/../lib/gcc/arm-none-eabi/9.3.1/../../../../arm-none-eabi/lib/thumb/v7e-m/nofp\libc_nano.a(lib_a-memset.o)
 .ARM.attributes
                0x0000000000000267       0x2e c:/st/stm32cubeide_1.5.1/stm32cubeide/plugins/com.st.stm32cube.ide.mcu.externaltools.gnu-tools-for-stm32.9-2020-q2-update.win32_1.5.0.202011040924/tools/bin/../lib/gcc/arm-none-eabi/9.3.1/../../../../arm-none-eabi/lib/thumb/v7e-m/nofp\libc_nano.a(lib_a-printf.o)
 .ARM.attributes
                0x0000000000000295       0x2e c:/st/stm32cubeide_1.5.1/stm32cubeide/plugins/com.st.stm32cube.ide.mcu.externaltools.gnu-tools-for-stm32.9-2020-q2-update.win32_1.5.0.202011040924/tools/bin/../lib/gcc/arm-none-eabi/9.3.1/../../../../arm-none-eabi/lib/thumb/v7e-m/nofp\libc_nano.a(lib_a-wbuf.o)
 .ARM.attributes
                0x00000000000002c3       0x2e c:/st/stm32cubeide_1.5.1/stm32cubeide/plugins/com.st.stm32cube.ide.mcu.externaltools.gnu-tools-for-stm32.9-2020-q2-update.win32_1.5.0.202011040924/tools/bin/../lib/gcc/arm-none-eabi/9.3.1/../../../../arm-none-eabi/lib/thumb/v7e-m/nofp\libc_nano.a(lib_a-wsetup.o)
 .ARM.attributes
                0x00000000000002f1       0x2e c:/st/stm32cubeide_1.5.1/stm32cubeide/plugins/com.st.stm32cube.ide.mcu.externaltools.gnu-tools-for-stm32.9-2020-q2-update.win32_1.5.0.202011040924/tools/bin/../lib/gcc/arm-none-eabi/9.3.1/../../../../arm-none-eabi/lib/thumb/v7e-m/nofp\libc_nano.a(lib_a-fflush.o)
 .ARM.attributes
                0x000000000000031f       0x2e c:/st/stm32cubeide_1.5.1/stm32cubeide/plugins/com.st.stm32cube.ide.mcu.externaltools.gnu-tools-for-stm32.9-2020-q2-update.win32_1.5.0.202011040924/tools/bin/../lib/gcc/arm-none-eabi/9.3.1/../../../../arm-none-eabi/lib/thumb/v7e-m/nofp\libc_nano.a(lib_a-findfp.o)
 .ARM.attributes
                0x000000000000034d       0x2e c:/st/stm32cubeide_1.5.1/stm32cubeide/plugins/com.st.stm32cube.ide.mcu.externaltools.gnu-tools-for-stm32.9-2020-q2-update.win32_1.5.0.202011040924/tools/bin/../lib/gcc/arm-none-eabi/9.3.1/../../../../arm-none-eabi/lib/thumb/v7e-m/nofp\libc_nano.a(lib_a-fwalk.o)
 .ARM.attributes
                0x000000000000037b       0x2e c:/st/stm32cubeide_1.5.1/stm32cubeide/plugins/com.st.stm32cube.ide.mcu.externaltools.gnu-tools-for-stm32.9-2020-q2-update.win32_1.5.0.202011040924/tools/bin/../lib/gcc/arm-none-eabi/9.3.1/../../../../arm-none-eabi/lib/thumb/v7e-m/nofp\libc_nano.a(lib_a-lock.o)
 .ARM.attributes
                0x00000000000003a9       0x2e c:/st/stm32cubeide_1.5.1/stm32cubeide/plugins/com.st.stm32cube.ide.mcu.externaltools.gnu-tools-for-stm32.9-2020-q2-update.win32_1.5.0.202011040924/tools/bin/../lib/gcc/arm-none-eabi/9.3.1/../../../../arm-none-eabi/lib/thumb/v7e-m/nofp\libc_nano.a(lib_a-makebuf.o)
 .ARM.attributes
                0x00000000000003d7       0x2e c:/st/stm32cubeide_1.5.1/stm32cubeide/plugins/com.st.stm32cube.ide.mcu.externaltools.gnu-tools-for-stm32.9-2020-q2-update.win32_1.5.0.202011040924/tools/bin/../lib/gcc/arm-none-eabi/9.3.1/../../../../arm-none-eabi/lib/thumb/v7e-m/nofp\libc_nano.a(lib_a-nano-freer.o)
 .ARM.attributes
                0x0000000000000405       0x2e c:/st/stm32cubeide_1.5.1/stm32cubeide/plugins/com.st.stm32cube.ide.mcu.externaltools.gnu-tools-for-stm32.9-2020-q2-update.win32_1.5.0.202011040924/tools/bin/../lib/gcc/arm-none-eabi/9.3.1/../../../../arm-none-eabi/lib/thumb/v7e-m/nofp\libc_nano.a(lib_a-nano-mallocr.o)
 .ARM.attributes
                0x0000000000000433       0x2e c:/st/stm32cubeide_1.5.1/stm32cubeide/plugins/com.st.stm32cube.ide.mcu.externaltools.gnu-tools-for-stm32.9-2020-q2-update.win32_1.5.0.202011040924/tools/bin/../lib/gcc/arm-none-eabi/9.3.1/../../../../arm-none-eabi/lib/thumb/v7e-m/nofp\libc_nano.a(lib_a-nano-vfprintf.o)
 .ARM.attributes
                0x0000000000000461       0x2e c:/st/stm32cubeide_1.5.1/stm32cubeide/plugins/com.st.stm32cube.ide.mcu.externaltools.gnu-tools-for-stm32.9-2020-q2-update.win32_1.5.0.202011040924/tools/bin/../lib/gcc/arm-none-eabi/9.3.1/../../../../arm-none-eabi/lib/thumb/v7e-m/nofp\libc_nano.a(lib_a-nano-vfprintf_i.o)
 .ARM.attributes
                0x000000000000048f       0x2e c:/st/stm32cubeide_1.5.1/stm32cubeide/plugins/com.st.stm32cube.ide.mcu.externaltools.gnu-tools-for-stm32.9-2020-q2-update.win32_1.5.0.202011040924/tools/bin/../lib/gcc/arm-none-eabi/9.3.1/../../../../arm-none-eabi/lib/thumb/v7e-m/nofp\libc_nano.a(lib_a-sbrkr.o)
 .ARM.attributes
                0x00000000000004bd       0x2e c:/st/stm32cubeide_1.5.1/stm32cubeide/plugins/com.st.stm32cube.ide.mcu.externaltools.gnu-tools-for-stm32.9-2020-q2-update.win32_1.5.0.202011040924/tools/bin/../lib/gcc/arm-none-eabi/9.3.1/../../../../arm-none-eabi/lib/thumb/v7e-m/nofp\libc_nano.a(lib_a-stdio.o)
 .ARM.attributes
                0x00000000000004eb       0x2e c:/st/stm32cubeide_1.5.1/stm32cubeide/plugins/com.st.stm32cube.ide.mcu.externaltools.gnu-tools-for-stm32.9-2020-q2-update.win32_1.5.0.202011040924/tools/bin/../lib/gcc/arm-none-eabi/9.3.1/../../../../arm-none-eabi/lib/thumb/v7e-m/nofp\libc_nano.a(lib_a-writer.o)
 .ARM.attributes
                0x0000000000000519       0x2e c:/st/stm32cubeide_1.5.1/stm32cubeide/plugins/com.st.stm32cube.ide.mcu.externaltools.gnu-tools-for-stm32.9-2020-q2-update.win32_1.5.0.202011040924/tools/bin/../lib/gcc/arm-none-eabi/9.3.1/../../../../arm-none-eabi/lib/thumb/v7e-m/nofp\libc_nano.a(lib_a-closer.o)
 .ARM.attributes
                0x0000000000000547       0x2e c:/st/stm32cubeide_1.5.1/stm32cubeide/plugins/com.st.stm32cube.ide.mcu.externaltools.gnu-tools-for-stm32.9-2020-q2-update.win32_1.5.0.202011040924/tools/bin/../lib/gcc/arm-none-eabi/9.3.1/../../../../arm-none-eabi/lib/thumb/v7e-m/nofp\libc_nano.a(lib_a-fstatr.o)
 .ARM.attributes
                0x0000000000000575       0x2e c:/st/stm32cubeide_1.5.1/stm32cubeide/plugins/com.st.stm32cube.ide.mcu.externaltools.gnu-tools-for-stm32.9-2020-q2-update.win32_1.5.0.202011040924/tools/bin/../lib/gcc/arm-none-eabi/9.3.1/../../../../arm-none-eabi/lib/thumb/v7e-m/nofp\libc_nano.a(lib_a-isattyr.o)
 .ARM.attributes
                0x00000000000005a3       0x2e c:/st/stm32cubeide_1.5.1/stm32cubeide/plugins/com.st.stm32cube.ide.mcu.externaltools.gnu-tools-for-stm32.9-2020-q2-update.win32_1.5.0.202011040924/tools/bin/../lib/gcc/arm-none-eabi/9.3.1/../../../../arm-none-eabi/lib/thumb/v7e-m/nofp\libc_nano.a(lib_a-lseekr.o)
 .ARM.attributes
                0x00000000000005d1       0x1c c:/st/stm32cubeide_1.5.1/stm32cubeide/plugins/com.st.stm32cube.ide.mcu.externaltools.gnu-tools-for-stm32.9-2020-q2-update.win32_1.5.0.202011040924/tools/bin/../lib/gcc/arm-none-eabi/9.3.1/../../../../arm-none-eabi/lib/thumb/v7e-m/nofp\libc_nano.a(lib_a-memchr.o)
 .ARM.attributes
                0x00000000000005ed       0x2e c:/st/stm32cubeide_1.5.1/stm32cubeide/plugins/com.st.stm32cube.ide.mcu.externaltools.gnu-tools-for-stm32.9-2020-q2-update.win32_1.5.0.202011040924/tools/bin/../lib/gcc/arm-none-eabi/9.3.1/../../../../arm-none-eabi/lib/thumb/v7e-m/nofp\libc_nano.a(lib_a-mlock.o)
 .ARM.attributes
                0x000000000000061b       0x2e c:/st/stm32cubeide_1.5.1/stm32cubeide/plugins/com.st.stm32cube.ide.mcu.externaltools.gnu-tools-for-stm32.9-2020-q2-update.win32_1.5.0.202011040924/tools/bin/../lib/gcc/arm-none-eabi/9.3.1/../../../../arm-none-eabi/lib/thumb/v7e-m/nofp\libc_nano.a(lib_a-readr.o)
 .ARM.attributes
                0x0000000000000649       0x2e c:/st/stm32cubeide_1.5.1/stm32cubeide/plugins/com.st.stm32cube.ide.mcu.externaltools.gnu-tools-for-stm32.9-2020-q2-update.win32_1.5.0.202011040924/tools/bin/../lib/gcc/arm-none-eabi/9.3.1/../../../../arm-none-eabi/lib/thumb/v7e-m/nofp\libc_nano.a(lib_a-reent.o)
 .ARM.attributes
                0x0000000000000677       0x1e c:/st/stm32cubeide_1.5.1/stm32cubeide/plugins/com.st.stm32cube.ide.mcu.externaltools.gnu-tools-for-stm32.9-2020-q2-update.win32_1.5.0.202011040924/tools/bin/../lib/gcc/arm-none-eabi/9.3.1/thumb/v7e-m/nofp/crtn.o
OUTPUT(000Hello.elf elf32-littlearm)
LOAD linker stubs
LOAD c:/st/stm32cubeide_1.5.1/stm32cubeide/plugins/com.st.stm32cube.ide.mcu.externaltools.gnu-tools-for-stm32.9-2020-q2-update.win32_1.5.0.202011040924/tools/bin/../lib/gcc/arm-none-eabi/9.3.1/../../../../arm-none-eabi/lib/thumb/v7e-m/nofp\libc.a
LOAD c:/st/stm32cubeide_1.5.1/stm32cubeide/plugins/com.st.stm32cube.ide.mcu.externaltools.gnu-tools-for-stm32.9-2020-q2-update.win32_1.5.0.202011040924/tools/bin/../lib/gcc/arm-none-eabi/9.3.1/../../../../arm-none-eabi/lib/thumb/v7e-m/nofp\libm.a
LOAD c:/st/stm32cubeide_1.5.1/stm32cubeide/plugins/com.st.stm32cube.ide.mcu.externaltools.gnu-tools-for-stm32.9-2020-q2-update.win32_1.5.0.202011040924/tools/bin/../lib/gcc/arm-none-eabi/9.3.1/thumb/v7e-m/nofp\libgcc.a

.debug_info     0x0000000000000000     0x4211
 .debug_info    0x0000000000000000      0xdb1 Src/100ADE_comunicate.o
 .debug_info    0x0000000000000db1      0xff9 Src/syscalls.o
 .debug_info    0x0000000000001daa      0xa25 Src/sysmem.o
 .debug_info    0x00000000000027cf       0x22 Startup/startup_stm32f407vgtx.o
 .debug_info    0x00000000000027f1      0x25a drivers/Src/ade7753.o
 .debug_info    0x0000000000002a4b      0x719 drivers/Src/lcd5110.o
 .debug_info    0x0000000000003164      0x77e drivers/Src/stm32f4xx_gpio_driver.o
 .debug_info    0x00000000000038e2      0x92f drivers/Src/stm32f4xx_spi_driver.o

.debug_abbrev   0x0000000000000000      0xd41
 .debug_abbrev  0x0000000000000000      0x23d Src/100ADE_comunicate.o
 .debug_abbrev  0x000000000000023d      0x2b1 Src/syscalls.o
 .debug_abbrev  0x00000000000004ee      0x1bf Src/sysmem.o
 .debug_abbrev  0x00000000000006ad       0x12 Startup/startup_stm32f407vgtx.o
 .debug_abbrev  0x00000000000006bf       0xf1 drivers/Src/ade7753.o
 .debug_abbrev  0x00000000000007b0      0x1fc drivers/Src/lcd5110.o
 .debug_abbrev  0x00000000000009ac      0x173 drivers/Src/stm32f4xx_gpio_driver.o
 .debug_abbrev  0x0000000000000b1f      0x222 drivers/Src/stm32f4xx_spi_driver.o

.debug_aranges  0x0000000000000000      0x338
 .debug_aranges
                0x0000000000000000       0x58 Src/100ADE_comunicate.o
 .debug_aranges
                0x0000000000000058       0xb0 Src/syscalls.o
 .debug_aranges
                0x0000000000000108       0x20 Src/sysmem.o
 .debug_aranges
                0x0000000000000128       0x28 Startup/startup_stm32f407vgtx.o
 .debug_aranges
                0x0000000000000150       0x28 drivers/Src/ade7753.o
 .debug_aranges
                0x0000000000000178       0x90 drivers/Src/lcd5110.o
 .debug_aranges
                0x0000000000000208       0x70 drivers/Src/stm32f4xx_gpio_driver.o
 .debug_aranges
                0x0000000000000278       0xc0 drivers/Src/stm32f4xx_spi_driver.o

.debug_ranges   0x0000000000000000      0x2c0
 .debug_ranges  0x0000000000000000       0x48 Src/100ADE_comunicate.o
 .debug_ranges  0x0000000000000048       0xa0 Src/syscalls.o
 .debug_ranges  0x00000000000000e8       0x10 Src/sysmem.o
 .debug_ranges  0x00000000000000f8       0x20 Startup/startup_stm32f407vgtx.o
 .debug_ranges  0x0000000000000118       0x18 drivers/Src/ade7753.o
 .debug_ranges  0x0000000000000130       0x80 drivers/Src/lcd5110.o
 .debug_ranges  0x00000000000001b0       0x60 drivers/Src/stm32f4xx_gpio_driver.o
 .debug_ranges  0x0000000000000210       0xb0 drivers/Src/stm32f4xx_spi_driver.o

.debug_macro    0x0000000000000000     0x3918
 .debug_macro   0x0000000000000000      0x239 Src/100ADE_comunicate.o
 .debug_macro   0x0000000000000239      0xaa8 Src/100ADE_comunicate.o
 .debug_macro   0x0000000000000ce1       0x22 Src/100ADE_comunicate.o
 .debug_macro   0x0000000000000d03       0x4c Src/100ADE_comunicate.o
 .debug_macro   0x0000000000000d4f       0x18 Src/100ADE_comunicate.o
 .debug_macro   0x0000000000000d67       0x94 Src/100ADE_comunicate.o
 .debug_macro   0x0000000000000dfb       0x3c Src/100ADE_comunicate.o
 .debug_macro   0x0000000000000e37       0x34 Src/100ADE_comunicate.o
 .debug_macro   0x0000000000000e6b       0x16 Src/100ADE_comunicate.o
 .debug_macro   0x0000000000000e81       0x57 Src/100ADE_comunicate.o
 .debug_macro   0x0000000000000ed8       0x97 Src/100ADE_comunicate.o
 .debug_macro   0x0000000000000f6f      0x339 Src/100ADE_comunicate.o
 .debug_macro   0x00000000000012a8       0xfd Src/100ADE_comunicate.o
 .debug_macro   0x00000000000013a5       0x10 Src/100ADE_comunicate.o
 .debug_macro   0x00000000000013b5       0x16 Src/100ADE_comunicate.o
 .debug_macro   0x00000000000013cb       0x43 Src/100ADE_comunicate.o
 .debug_macro   0x000000000000140e       0x34 Src/100ADE_comunicate.o
 .debug_macro   0x0000000000001442       0x10 Src/100ADE_comunicate.o
 .debug_macro   0x0000000000001452       0x58 Src/100ADE_comunicate.o
 .debug_macro   0x00000000000014aa       0x71 Src/100ADE_comunicate.o
 .debug_macro   0x000000000000151b       0x1c Src/100ADE_comunicate.o
 .debug_macro   0x0000000000001537      0x12a Src/100ADE_comunicate.o
 .debug_macro   0x0000000000001661       0x10 Src/100ADE_comunicate.o
 .debug_macro   0x0000000000001671       0x6a Src/100ADE_comunicate.o
 .debug_macro   0x00000000000016db       0x1c Src/100ADE_comunicate.o
 .debug_macro   0x00000000000016f7       0x52 Src/100ADE_comunicate.o
 .debug_macro   0x0000000000001749       0x22 Src/100ADE_comunicate.o
 .debug_macro   0x000000000000176b       0x10 Src/100ADE_comunicate.o
 .debug_macro   0x000000000000177b       0x40 Src/100ADE_comunicate.o
 .debug_macro   0x00000000000017bb       0xd5 Src/100ADE_comunicate.o
 .debug_macro   0x0000000000001890       0x1c Src/100ADE_comunicate.o
 .debug_macro   0x00000000000018ac       0x3d Src/100ADE_comunicate.o
 .debug_macro   0x00000000000018e9       0x16 Src/100ADE_comunicate.o
 .debug_macro   0x00000000000018ff      0x145 Src/100ADE_comunicate.o
 .debug_macro   0x0000000000001a44       0x16 Src/100ADE_comunicate.o
 .debug_macro   0x0000000000001a5a       0x35 Src/100ADE_comunicate.o
 .debug_macro   0x0000000000001a8f       0x20 Src/100ADE_comunicate.o
 .debug_macro   0x0000000000001aaf       0x16 Src/100ADE_comunicate.o
 .debug_macro   0x0000000000001ac5      0x103 Src/100ADE_comunicate.o
 .debug_macro   0x0000000000001bc8      0x1df Src/100ADE_comunicate.o
 .debug_macro   0x0000000000001da7      0x462 Src/100ADE_comunicate.o
 .debug_macro   0x0000000000002209       0xc4 Src/100ADE_comunicate.o
 .debug_macro   0x00000000000022cd       0xc4 Src/100ADE_comunicate.o
 .debug_macro   0x0000000000002391      0x106 Src/100ADE_comunicate.o
 .debug_macro   0x0000000000002497       0xbe Src/100ADE_comunicate.o
 .debug_macro   0x0000000000002555      0x25e Src/syscalls.o
 .debug_macro   0x00000000000027b3      0x174 Src/syscalls.o
 .debug_macro   0x0000000000002927       0x10 Src/syscalls.o
 .debug_macro   0x0000000000002937       0x10 Src/syscalls.o
 .debug_macro   0x0000000000002947       0x10 Src/syscalls.o
 .debug_macro   0x0000000000002957       0x35 Src/syscalls.o
 .debug_macro   0x000000000000298c      0x12c Src/syscalls.o
 .debug_macro   0x0000000000002ab8       0x16 Src/syscalls.o
 .debug_macro   0x0000000000002ace       0x16 Src/syscalls.o
 .debug_macro   0x0000000000002ae4       0x29 Src/syscalls.o
 .debug_macro   0x0000000000002b0d       0x10 Src/syscalls.o
 .debug_macro   0x0000000000002b1d      0x241 Src/syscalls.o
 .debug_macro   0x0000000000002d5e       0x1c Src/syscalls.o
 .debug_macro   0x0000000000002d7a       0x10 Src/syscalls.o
 .debug_macro   0x0000000000002d8a      0x189 Src/syscalls.o
 .debug_macro   0x0000000000002f13       0x16 Src/syscalls.o
 .debug_macro   0x0000000000002f29       0xce Src/syscalls.o
 .debug_macro   0x0000000000002ff7       0xff Src/sysmem.o
 .debug_macro   0x00000000000030f6      0x23b Src/sysmem.o
 .debug_macro   0x0000000000003331       0xa7 drivers/Src/ade7753.o
 .debug_macro   0x00000000000033d8       0x8e drivers/Src/ade7753.o
 .debug_macro   0x0000000000003466       0x51 drivers/Src/ade7753.o
 .debug_macro   0x00000000000034b7      0x100 drivers/Src/ade7753.o
 .debug_macro   0x00000000000035b7       0xa7 drivers/Src/lcd5110.o
 .debug_macro   0x000000000000365e       0xb8 drivers/Src/lcd5110.o
 .debug_macro   0x0000000000003716       0xa2 drivers/Src/stm32f4xx_gpio_driver.o
 .debug_macro   0x00000000000037b8       0xbe drivers/Src/stm32f4xx_gpio_driver.o
 .debug_macro   0x0000000000003876       0xa2 drivers/Src/stm32f4xx_spi_driver.o

.debug_line     0x0000000000000000     0x34a0
 .debug_line    0x0000000000000000      0x7b6 Src/100ADE_comunicate.o
 .debug_line    0x00000000000007b6      0x830 Src/syscalls.o
 .debug_line    0x0000000000000fe6      0x4f3 Src/sysmem.o
 .debug_line    0x00000000000014d9       0x84 Startup/startup_stm32f407vgtx.o
 .debug_line    0x000000000000155d      0x4ca drivers/Src/ade7753.o
 .debug_line    0x0000000000001a27      0x760 drivers/Src/lcd5110.o
 .debug_line    0x0000000000002187      0x9a0 drivers/Src/stm32f4xx_gpio_driver.o
 .debug_line    0x0000000000002b27      0x979 drivers/Src/stm32f4xx_spi_driver.o

.debug_str      0x0000000000000000     0xc3ad
 .debug_str     0x0000000000000000     0xa347 Src/100ADE_comunicate.o
                                       0xa5df (size before relaxing)
 .debug_str     0x000000000000a347     0x17f3 Src/syscalls.o
                                       0x8f69 (size before relaxing)
 .debug_str     0x000000000000bb3a       0x66 Src/sysmem.o
                                       0x6277 (size before relaxing)
 .debug_str     0x000000000000bba0       0x31 Startup/startup_stm32f407vgtx.o
                                         0x6d (size before relaxing)
 .debug_str     0x000000000000bbd1       0x84 drivers/Src/ade7753.o
                                       0x5f63 (size before relaxing)
 .debug_str     0x000000000000bc55      0x2ba drivers/Src/lcd5110.o
                                       0x631e (size before relaxing)
 .debug_str     0x000000000000bf0f      0x2af drivers/Src/stm32f4xx_gpio_driver.o
                                       0x602f (size before relaxing)
 .debug_str     0x000000000000c1be      0x1ef drivers/Src/stm32f4xx_spi_driver.o
                                       0x60c4 (size before relaxing)

.comment        0x0000000000000000       0x53
 .comment       0x0000000000000000       0x53 Src/100ADE_comunicate.o
                                         0x54 (size before relaxing)
 .comment       0x0000000000000053       0x54 Src/syscalls.o
 .comment       0x0000000000000053       0x54 Src/sysmem.o
 .comment       0x0000000000000053       0x54 drivers/Src/ade7753.o
 .comment       0x0000000000000053       0x54 drivers/Src/lcd5110.o
 .comment       0x0000000000000053       0x54 drivers/Src/stm32f4xx_gpio_driver.o
 .comment       0x0000000000000053       0x54 drivers/Src/stm32f4xx_spi_driver.o

.debug_frame    0x0000000000000000     0x13b0
 .debug_frame   0x0000000000000000      0x114 Src/100ADE_comunicate.o
 .debug_frame   0x0000000000000114      0x2d4 Src/syscalls.o
 .debug_frame   0x00000000000003e8       0x34 Src/sysmem.o
 .debug_frame   0x000000000000041c       0x58 drivers/Src/ade7753.o
 .debug_frame   0x0000000000000474      0x230 drivers/Src/lcd5110.o
 .debug_frame   0x00000000000006a4      0x1c8 drivers/Src/stm32f4xx_gpio_driver.o
 .debug_frame   0x000000000000086c      0x338 drivers/Src/stm32f4xx_spi_driver.o
 .debug_frame   0x0000000000000ba4       0x20 c:/st/stm32cubeide_1.5.1/stm32cubeide/plugins/com.st.stm32cube.ide.mcu.externaltools.gnu-tools-for-stm32.9-2020-q2-update.win32_1.5.0.202011040924/tools/bin/../lib/gcc/arm-none-eabi/9.3.1/../../../../arm-none-eabi/lib/thumb/v7e-m/nofp\libc_nano.a(lib_a-errno.o)
 .debug_frame   0x0000000000000bc4       0x2c c:/st/stm32cubeide_1.5.1/stm32cubeide/plugins/com.st.stm32cube.ide.mcu.externaltools.gnu-tools-for-stm32.9-2020-q2-update.win32_1.5.0.202011040924/tools/bin/../lib/gcc/arm-none-eabi/9.3.1/../../../../arm-none-eabi/lib/thumb/v7e-m/nofp\libc_nano.a(lib_a-init.o)
 .debug_frame   0x0000000000000bf0       0x20 c:/st/stm32cubeide_1.5.1/stm32cubeide/plugins/com.st.stm32cube.ide.mcu.externaltools.gnu-tools-for-stm32.9-2020-q2-update.win32_1.5.0.202011040924/tools/bin/../lib/gcc/arm-none-eabi/9.3.1/../../../../arm-none-eabi/lib/thumb/v7e-m/nofp\libc_nano.a(lib_a-memset.o)
 .debug_frame   0x0000000000000c10       0x74 c:/st/stm32cubeide_1.5.1/stm32cubeide/plugins/com.st.stm32cube.ide.mcu.externaltools.gnu-tools-for-stm32.9-2020-q2-update.win32_1.5.0.202011040924/tools/bin/../lib/gcc/arm-none-eabi/9.3.1/../../../../arm-none-eabi/lib/thumb/v7e-m/nofp\libc_nano.a(lib_a-printf.o)
 .debug_frame   0x0000000000000c84       0x40 c:/st/stm32cubeide_1.5.1/stm32cubeide/plugins/com.st.stm32cube.ide.mcu.externaltools.gnu-tools-for-stm32.9-2020-q2-update.win32_1.5.0.202011040924/tools/bin/../lib/gcc/arm-none-eabi/9.3.1/../../../../arm-none-eabi/lib/thumb/v7e-m/nofp\libc_nano.a(lib_a-wbuf.o)
 .debug_frame   0x0000000000000cc4       0x2c c:/st/stm32cubeide_1.5.1/stm32cubeide/plugins/com.st.stm32cube.ide.mcu.externaltools.gnu-tools-for-stm32.9-2020-q2-update.win32_1.5.0.202011040924/tools/bin/../lib/gcc/arm-none-eabi/9.3.1/../../../../arm-none-eabi/lib/thumb/v7e-m/nofp\libc_nano.a(lib_a-wsetup.o)
 .debug_frame   0x0000000000000cf0       0x5c c:/st/stm32cubeide_1.5.1/stm32cubeide/plugins/com.st.stm32cube.ide.mcu.externaltools.gnu-tools-for-stm32.9-2020-q2-update.win32_1.5.0.202011040924/tools/bin/../lib/gcc/arm-none-eabi/9.3.1/../../../../arm-none-eabi/lib/thumb/v7e-m/nofp\libc_nano.a(lib_a-fflush.o)
 .debug_frame   0x0000000000000d4c      0x14c c:/st/stm32cubeide_1.5.1/stm32cubeide/plugins/com.st.stm32cube.ide.mcu.externaltools.gnu-tools-for-stm32.9-2020-q2-update.win32_1.5.0.202011040924/tools/bin/../lib/gcc/arm-none-eabi/9.3.1/../../../../arm-none-eabi/lib/thumb/v7e-m/nofp\libc_nano.a(lib_a-findfp.o)
 .debug_frame   0x0000000000000e98       0x54 c:/st/stm32cubeide_1.5.1/stm32cubeide/plugins/com.st.stm32cube.ide.mcu.externaltools.gnu-tools-for-stm32.9-2020-q2-update.win32_1.5.0.202011040924/tools/bin/../lib/gcc/arm-none-eabi/9.3.1/../../../../arm-none-eabi/lib/thumb/v7e-m/nofp\libc_nano.a(lib_a-fwalk.o)
 .debug_frame   0x0000000000000eec       0xb0 c:/st/stm32cubeide_1.5.1/stm32cubeide/plugins/com.st.stm32cube.ide.mcu.externaltools.gnu-tools-for-stm32.9-2020-q2-update.win32_1.5.0.202011040924/tools/bin/../lib/gcc/arm-none-eabi/9.3.1/../../../../arm-none-eabi/lib/thumb/v7e-m/nofp\libc_nano.a(lib_a-lock.o)
 .debug_frame   0x0000000000000f9c       0x58 c:/st/stm32cubeide_1.5.1/stm32cubeide/plugins/com.st.stm32cube.ide.mcu.externaltools.gnu-tools-for-stm32.9-2020-q2-update.win32_1.5.0.202011040924/tools/bin/../lib/gcc/arm-none-eabi/9.3.1/../../../../arm-none-eabi/lib/thumb/v7e-m/nofp\libc_nano.a(lib_a-makebuf.o)
 .debug_frame   0x0000000000000ff4       0x38 c:/st/stm32cubeide_1.5.1/stm32cubeide/plugins/com.st.stm32cube.ide.mcu.externaltools.gnu-tools-for-stm32.9-2020-q2-update.win32_1.5.0.202011040924/tools/bin/../lib/gcc/arm-none-eabi/9.3.1/../../../../arm-none-eabi/lib/thumb/v7e-m/nofp\libc_nano.a(lib_a-nano-freer.o)
 .debug_frame   0x000000000000102c       0x30 c:/st/stm32cubeide_1.5.1/stm32cubeide/plugins/com.st.stm32cube.ide.mcu.externaltools.gnu-tools-for-stm32.9-2020-q2-update.win32_1.5.0.202011040924/tools/bin/../lib/gcc/arm-none-eabi/9.3.1/../../../../arm-none-eabi/lib/thumb/v7e-m/nofp\libc_nano.a(lib_a-nano-mallocr.o)
 .debug_frame   0x000000000000105c       0xac c:/st/stm32cubeide_1.5.1/stm32cubeide/plugins/com.st.stm32cube.ide.mcu.externaltools.gnu-tools-for-stm32.9-2020-q2-update.win32_1.5.0.202011040924/tools/bin/../lib/gcc/arm-none-eabi/9.3.1/../../../../arm-none-eabi/lib/thumb/v7e-m/nofp\libc_nano.a(lib_a-nano-vfprintf.o)
 .debug_frame   0x0000000000001108       0x60 c:/st/stm32cubeide_1.5.1/stm32cubeide/plugins/com.st.stm32cube.ide.mcu.externaltools.gnu-tools-for-stm32.9-2020-q2-update.win32_1.5.0.202011040924/tools/bin/../lib/gcc/arm-none-eabi/9.3.1/../../../../arm-none-eabi/lib/thumb/v7e-m/nofp\libc_nano.a(lib_a-nano-vfprintf_i.o)
 .debug_frame   0x0000000000001168       0x2c c:/st/stm32cubeide_1.5.1/stm32cubeide/plugins/com.st.stm32cube.ide.mcu.externaltools.gnu-tools-for-stm32.9-2020-q2-update.win32_1.5.0.202011040924/tools/bin/../lib/gcc/arm-none-eabi/9.3.1/../../../../arm-none-eabi/lib/thumb/v7e-m/nofp\libc_nano.a(lib_a-sbrkr.o)
 .debug_frame   0x0000000000001194       0x88 c:/st/stm32cubeide_1.5.1/stm32cubeide/plugins/com.st.stm32cube.ide.mcu.externaltools.gnu-tools-for-stm32.9-2020-q2-update.win32_1.5.0.202011040924/tools/bin/../lib/gcc/arm-none-eabi/9.3.1/../../../../arm-none-eabi/lib/thumb/v7e-m/nofp\libc_nano.a(lib_a-stdio.o)
 .debug_frame   0x000000000000121c       0x2c c:/st/stm32cubeide_1.5.1/stm32cubeide/plugins/com.st.stm32cube.ide.mcu.externaltools.gnu-tools-for-stm32.9-2020-q2-update.win32_1.5.0.202011040924/tools/bin/../lib/gcc/arm-none-eabi/9.3.1/../../../../arm-none-eabi/lib/thumb/v7e-m/nofp\libc_nano.a(lib_a-writer.o)
 .debug_frame   0x0000000000001248       0x2c c:/st/stm32cubeide_1.5.1/stm32cubeide/plugins/com.st.stm32cube.ide.mcu.externaltools.gnu-tools-for-stm32.9-2020-q2-update.win32_1.5.0.202011040924/tools/bin/../lib/gcc/arm-none-eabi/9.3.1/../../../../arm-none-eabi/lib/thumb/v7e-m/nofp\libc_nano.a(lib_a-closer.o)
 .debug_frame   0x0000000000001274       0x2c c:/st/stm32cubeide_1.5.1/stm32cubeide/plugins/com.st.stm32cube.ide.mcu.externaltools.gnu-tools-for-stm32.9-2020-q2-update.win32_1.5.0.202011040924/tools/bin/../lib/gcc/arm-none-eabi/9.3.1/../../../../arm-none-eabi/lib/thumb/v7e-m/nofp\libc_nano.a(lib_a-fstatr.o)
 .debug_frame   0x00000000000012a0       0x2c c:/st/stm32cubeide_1.5.1/stm32cubeide/plugins/com.st.stm32cube.ide.mcu.externaltools.gnu-tools-for-stm32.9-2020-q2-update.win32_1.5.0.202011040924/tools/bin/../lib/gcc/arm-none-eabi/9.3.1/../../../../arm-none-eabi/lib/thumb/v7e-m/nofp\libc_nano.a(lib_a-isattyr.o)
 .debug_frame   0x00000000000012cc       0x2c c:/st/stm32cubeide_1.5.1/stm32cubeide/plugins/com.st.stm32cube.ide.mcu.externaltools.gnu-tools-for-stm32.9-2020-q2-update.win32_1.5.0.202011040924/tools/bin/../lib/gcc/arm-none-eabi/9.3.1/../../../../arm-none-eabi/lib/thumb/v7e-m/nofp\libc_nano.a(lib_a-lseekr.o)
 .debug_frame   0x00000000000012f8       0x30 c:/st/stm32cubeide_1.5.1/stm32cubeide/plugins/com.st.stm32cube.ide.mcu.externaltools.gnu-tools-for-stm32.9-2020-q2-update.win32_1.5.0.202011040924/tools/bin/../lib/gcc/arm-none-eabi/9.3.1/../../../../arm-none-eabi/lib/thumb/v7e-m/nofp\libc_nano.a(lib_a-mlock.o)
 .debug_frame   0x0000000000001328       0x2c c:/st/stm32cubeide_1.5.1/stm32cubeide/plugins/com.st.stm32cube.ide.mcu.externaltools.gnu-tools-for-stm32.9-2020-q2-update.win32_1.5.0.202011040924/tools/bin/../lib/gcc/arm-none-eabi/9.3.1/../../../../arm-none-eabi/lib/thumb/v7e-m/nofp\libc_nano.a(lib_a-readr.o)
 .debug_frame   0x0000000000001354       0x5c c:/st/stm32cubeide_1.5.1/stm32cubeide/plugins/com.st.stm32cube.ide.mcu.externaltools.gnu-tools-for-stm32.9-2020-q2-update.win32_1.5.0.202011040924/tools/bin/../lib/gcc/arm-none-eabi/9.3.1/../../../../arm-none-eabi/lib/thumb/v7e-m/nofp\libc_nano.a(lib_a-reent.o)
