Archive member included to satisfy reference by file (symbol)

c:/st/stm32cubeide_1.5.1/stm32cubeide/plugins/com.st.stm32cube.ide.mcu.externaltools.gnu-tools-for-stm32.9-2020-q2-update.win32_1.5.0.202011040924/tools/bin/../lib/gcc/arm-none-eabi/9.3.1/../../../../arm-none-eabi/lib/thumb/v7e-m/nofp\libc_nano.a(lib_a-errno.o)
                              Src/syscalls.o (__errno)
c:/st/stm32cubeide_1.5.1/stm32cubeide/plugins/com.st.stm32cube.ide.mcu.externaltools.gnu-tools-for-stm32.9-2020-q2-update.win32_1.5.0.202011040924/tools/bin/../lib/gcc/arm-none-eabi/9.3.1/../../../../arm-none-eabi/lib/thumb/v7e-m/nofp\libc_nano.a(lib_a-exit.o)
                              c:/st/stm32cubeide_1.5.1/stm32cubeide/plugins/com.st.stm32cube.ide.mcu.externaltools.gnu-tools-for-stm32.9-2020-q2-update.win32_1.5.0.202011040924/tools/bin/../lib/gcc/arm-none-eabi/9.3.1/../../../../arm-none-eabi/lib/thumb/v7e-m/nofp/crt0.o (exit)
c:/st/stm32cubeide_1.5.1/stm32cubeide/plugins/com.st.stm32cube.ide.mcu.externaltools.gnu-tools-for-stm32.9-2020-q2-update.win32_1.5.0.202011040924/tools/bin/../lib/gcc/arm-none-eabi/9.3.1/../../../../arm-none-eabi/lib/thumb/v7e-m/nofp\libc_nano.a(lib_a-impure.o)
                              c:/st/stm32cubeide_1.5.1/stm32cubeide/plugins/com.st.stm32cube.ide.mcu.externaltools.gnu-tools-for-stm32.9-2020-q2-update.win32_1.5.0.202011040924/tools/bin/../lib/gcc/arm-none-eabi/9.3.1/../../../../arm-none-eabi/lib/thumb/v7e-m/nofp\libc_nano.a(lib_a-exit.o) (_global_impure_ptr)
c:/st/stm32cubeide_1.5.1/stm32cubeide/plugins/com.st.stm32cube.ide.mcu.externaltools.gnu-tools-for-stm32.9-2020-q2-update.win32_1.5.0.202011040924/tools/bin/../lib/gcc/arm-none-eabi/9.3.1/../../../../arm-none-eabi/lib/thumb/v7e-m/nofp\libc_nano.a(lib_a-init.o)
                              c:/st/stm32cubeide_1.5.1/stm32cubeide/plugins/com.st.stm32cube.ide.mcu.externaltools.gnu-tools-for-stm32.9-2020-q2-update.win32_1.5.0.202011040924/tools/bin/../lib/gcc/arm-none-eabi/9.3.1/../../../../arm-none-eabi/lib/thumb/v7e-m/nofp/crt0.o (__libc_init_array)
c:/st/stm32cubeide_1.5.1/stm32cubeide/plugins/com.st.stm32cube.ide.mcu.externaltools.gnu-tools-for-stm32.9-2020-q2-update.win32_1.5.0.202011040924/tools/bin/../lib/gcc/arm-none-eabi/9.3.1/../../../../arm-none-eabi/lib/thumb/v7e-m/nofp\libc_nano.a(lib_a-memset.o)
                              c:/st/stm32cubeide_1.5.1/stm32cubeide/plugins/com.st.stm32cube.ide.mcu.externaltools.gnu-tools-for-stm32.9-2020-q2-update.win32_1.5.0.202011040924/tools/bin/../lib/gcc/arm-none-eabi/9.3.1/../../../../arm-none-eabi/lib/thumb/v7e-m/nofp/crt0.o (memset)
c:/st/stm32cubeide_1.5.1/stm32cubeide/plugins/com.st.stm32cube.ide.mcu.externaltools.gnu-tools-for-stm32.9-2020-q2-update.win32_1.5.0.202011040924/tools/bin/../lib/gcc/arm-none-eabi/9.3.1/../../../../arm-none-eabi/lib/thumb/v7e-m/nofp\libc_nano.a(lib_a-printf.o)
                              Src/main.o (printf)
c:/st/stm32cubeide_1.5.1/stm32cubeide/plugins/com.st.stm32cube.ide.mcu.externaltools.gnu-tools-for-stm32.9-2020-q2-update.win32_1.5.0.202011040924/tools/bin/../lib/gcc/arm-none-eabi/9.3.1/../../../../arm-none-eabi/lib/thumb/v7e-m/nofp\libc_nano.a(lib_a-findfp.o)
                              c:/st/stm32cubeide_1.5.1/stm32cubeide/plugins/com.st.stm32cube.ide.mcu.externaltools.gnu-tools-for-stm32.9-2020-q2-update.win32_1.5.0.202011040924/tools/bin/../lib/gcc/arm-none-eabi/9.3.1/../../../../arm-none-eabi/lib/thumb/v7e-m/nofp\libc_nano.a(lib_a-printf.o) (__sinit)
c:/st/stm32cubeide_1.5.1/stm32cubeide/plugins/com.st.stm32cube.ide.mcu.externaltools.gnu-tools-for-stm32.9-2020-q2-update.win32_1.5.0.202011040924/tools/bin/../lib/gcc/arm-none-eabi/9.3.1/../../../../arm-none-eabi/lib/thumb/v7e-m/nofp\libc_nano.a(lib_a-fwalk.o)
                              c:/st/stm32cubeide_1.5.1/stm32cubeide/plugins/com.st.stm32cube.ide.mcu.externaltools.gnu-tools-for-stm32.9-2020-q2-update.win32_1.5.0.202011040924/tools/bin/../lib/gcc/arm-none-eabi/9.3.1/../../../../arm-none-eabi/lib/thumb/v7e-m/nofp\libc_nano.a(lib_a-findfp.o) (_fwalk)
c:/st/stm32cubeide_1.5.1/stm32cubeide/plugins/com.st.stm32cube.ide.mcu.externaltools.gnu-tools-for-stm32.9-2020-q2-update.win32_1.5.0.202011040924/tools/bin/../lib/gcc/arm-none-eabi/9.3.1/../../../../arm-none-eabi/lib/thumb/v7e-m/nofp\libc_nano.a(lib_a-lock.o)
                              c:/st/stm32cubeide_1.5.1/stm32cubeide/plugins/com.st.stm32cube.ide.mcu.externaltools.gnu-tools-for-stm32.9-2020-q2-update.win32_1.5.0.202011040924/tools/bin/../lib/gcc/arm-none-eabi/9.3.1/../../../../arm-none-eabi/lib/thumb/v7e-m/nofp\libc_nano.a(lib_a-findfp.o) (__retarget_lock_init_recursive)
c:/st/stm32cubeide_1.5.1/stm32cubeide/plugins/com.st.stm32cube.ide.mcu.externaltools.gnu-tools-for-stm32.9-2020-q2-update.win32_1.5.0.202011040924/tools/bin/../lib/gcc/arm-none-eabi/9.3.1/../../../../arm-none-eabi/lib/thumb/v7e-m/nofp\libc_nano.a(lib_a-nano-mallocr.o)
[...]
Memory Configuration

Name             Origin             Length             Attributes
RAM              0x0000000020000000 0x0000000000020000 xrw
FLASH            0x0000000008000000 0x0000000000100000 xr
*default*        0x0000000000000000 0xffffffffffffffff

Linker script and memory map

LOAD c:/st/stm32cubeide_1.5.1/stm32cubeide/plugins/com.st.stm32cube.ide.mcu.externaltools.gnu-tools-for-stm32.9-2020-q2-update.win32_1.5.0.202011040924/tools/bin/../lib/gcc/arm-none-eabi/9.3.1/thumb/v7e-m/nofp/crti.o
LOAD c:/st/stm32cubeide_1.5.1/stm32cubeide/plugins/com.st.stm32cube.ide.mcu.externaltools.gnu-tools-for-stm32.9-2020-q2-update.win32_1.5.0.202011040924/tools/bin/../lib/gcc/arm-none-eabi/9.3.1/thumb/v7e-m/nofp/crtbegin.o
LOAD c:/st/stm32cubeide_1.5.1/stm32cubeide/plugins/com.st.stm32cube.ide.mcu.externaltools.gnu-tools-for-stm32.9-2020-q2-update.win32_1.5.0.202011040924/tools/bin/../lib/gcc/arm-none-eabi/9.3.1/../../../../arm-none-eabi/lib/thumb/v7e-m/nofp/crt0.o
LOAD Src/main.o
LOAD Src/syscalls.o
LOAD Src/sysmem.o
LOAD Startup/startup_stm32f407vgtx.o
LOAD drivers/Src/ade7753.o
LOAD drivers/Src/ds1307.o
LOAD drivers/Src/keypad4x4.o
LOAD drivers/Src/lcd5110.o
LOAD drivers/Src/stm32f4xx_gpio_driver.o
LOAD drivers/Src/stm32f4xx_i2c_driver.o
LOAD drivers/Src/stm32f4xx_rcc_driver.o
LOAD drivers/Src/stm32f4xx_spi_driver.o
LOAD drivers/Src/stm32f4xx_usart_driver.o
START GROUP
LOAD c:/st/stm32cubeide_1.5.1/stm32cubeide/plugins/com.st.stm32cube.ide.mcu.externaltools.gnu-tools-for-stm32.9-2020-q2-update.win32_1.5.0.202011040924/tools/bin/../lib/gcc/arm-none-eabi/9.3.1/../../../../arm-none-eabi/lib/thumb/v7e-m/nofp\libc_nano.a
LOAD c:/st/stm32cubeide_1.5.1/stm32cubeide/plugins/com.st.stm32cube.ide.mcu.externaltools.gnu-tools-for-stm32.9-2020-q2-update.win32_1.5.0.202011040924/tools/bin/../lib/gcc/arm-none-eabi/9.3.1/../../../../arm-none-eabi/lib/thumb/v7e-m/nofp\libm.a
END GROUP
START GROUP
LOAD c:/st/stm32cubeide_1.5.1/stm32cubeide/plugins/com.st.stm32cube.ide.mcu.externaltools.gnu-tools-for-stm32.9-2020-q2-update.win32_1.5.0.202011040924/tools/bin/../lib/gcc/arm-none-eabi/9.3.1/thumb/v7e-m/nofp\libgcc.a
LOAD c:/st/stm32cubeide_1.5.1/stm32cubeide/plugins/com.st.stm32cube.ide.mcu.externaltools.gnu-tools-for-stm32.9-2020-q2-update.win32_1.5.0.202011040924/tools/bin/../lib/gcc/arm-none-eabi/9.3.1/../../../../arm-none-eabi/lib/thumb/v7e-m/nofp\libc_nano.a
END GROUP
START GROUP
LOAD c:/st/stm32cubeide_1.5.1/stm32cubeide/plugins/com.st.stm32cube.ide.mcu.externaltools.gnu-tools-for-stm32.9-2020-q2-update.win32_1.5.0.202011040924/tools/bin/../lib/gcc/arm-none-eabi/9.3.1/thumb/v7e-m/nofp\libgcc.a
LOAD c:/st/stm32cubeide_1.5.1/stm32cubeide/plugins/com.st.stm32cube.ide.mcu.externaltools.gnu-tools-for-stm32.9-2020-q2-update.win32_1.5.0.202011040924/tools/bin/../lib/gcc/arm-none-eabi/9.3.1/../../../../arm-none-eabi/lib/thumb/v7e-m/nofp\libc_nano.a
LOAD c:/st/stm32cubeide_1.5.1/stm32cubeide/plugins/com.st.stm32cube.ide.mcu.externaltools.gnu-tools-for-stm32.9-2020-q2-update.win32_1.5.0.202011040924/tools/bin/../lib/gcc/arm-none-eabi/9.3.1/../../../../arm-none-eabi/lib/thumb/v7e-m/nofp\libnosys.a
END GROUP
START GROUP
LOAD c:/st/stm32cubeide_1.5.1/stm32cubeide/plugins/com.st.stm32cube.ide.mcu.externaltools.gnu-tools-for-stm32.9-2020-q2-update.win32_1.5.0.202011040924/tools/bin/../lib/gcc/arm-none-eabi/9.3.1/thumb/v7e-m/nofp\libgcc.a
LOAD c:/st/stm32cubeide_1.5.1/stm32cubeide/plugins/com.st.stm32cube.ide.mcu.externaltools.gnu-tools-for-stm32.9-2020-q2-update.win32_1.5.0.202011040924/tools/bin/../lib/gcc/arm-none-eabi/9.3.1/../../../../arm-none-eabi/lib/thumb/v7e-m/nofp\libc_nano.a
LOAD c:/st/stm32cubeide_1.5.1/stm32cubeide/plugins/com.st.stm32cube.ide.mcu.externaltools.gnu-tools-for-stm32.9-2020-q2-update.win32_1.5.0.202011040924/tools/bin/../lib/gcc/arm-none-eabi/9.3.1/../../../../arm-none-eabi/lib/thumb/v7e-m/nofp\libnosys.a
END GROUP
LOAD c:/st/stm32cubeide_1.5.1/stm32cubeide/plugins/com.st.stm32cube.ide.mcu.externaltools.gnu-tools-for-stm32.9-2020-q2-update.win32_1.5.0.202011040924/tools/bin/../lib/gcc/arm-none-eabi/9.3.1/thumb/v7e-m/nofp/crtend.o
LOAD c:/st/stm32cubeide_1.5.1/stm32cubeide/plugins/com.st.stm32cube.ide.mcu.externaltools.gnu-tools-for-stm32.9-2020-q2-update.win32_1.5.0.202011040924/tools/bin/../lib/gcc/arm-none-eabi/9.3.1/thumb/v7e-m/nofp/crtn.o
                0x0000000020020000                _estack = (ORIGIN (RAM) + LENGTH (RAM))
                0x0000000000000200                _Min_Heap_Size = 0x200
                0x0000000000000400                _Min_Stack_Size = 0x400

.isr_vector     0x0000000008000000      0x1a8
                0x0000000008000000                . = ALIGN (0x4)
 *(.isr_vector)
 .isr_vector    0x0000000008000000      0x1a8 Startup/startup_stm32f407vgtx.o
                0x0000000008000000                g_pfnVectors
                0x00000000080001a8                . = ALIGN (0x4)

.text           0x00000000080001b0     0x2658
                0x00000000080001b0                . = ALIGN (0x4)
 *(.text)
 .text          0x00000000080001b0       0x40 c:/st/stm32cubeide_1.5.1/stm32cubeide/plugins/com.st.stm32cube.ide.mcu.externaltools.gnu-tools-for-stm32.9-2020-q2-update.win32_1.5.0.202011040924/tools/bin/../lib/gcc/arm-none-eabi/9.3.1/thumb/v7e-m/nofp/crtbegin.o
 .text          0x00000000080001f0       0xa0 c:/st/stm32cubeide_1.5.1/stm32cubeide/plugins/com.st.stm32cube.ide.mcu.externaltools.gnu-tools-for-stm32.9-2020-q2-update.win32_1.5.0.202011040924/tools/bin/../lib/gcc/arm-none-eabi/9.3.1/../../../../arm-none-eabi/lib/thumb/v7e-m/nofp\libc_nano.a(lib_a-memchr.o)
                0x00000000080001f0                memchr
 *(.text*)
 .text.delay    0x0000000008000290       0x2c Src/main.o
                0x0000000008000290                delay
 .text.int_to_string
                0x00000000080002bc       0xbc Src/main.o
                0x00000000080002bc                int_to_string
 .text.main     0x0000000008000378       0x68 Src/main.o
                0x0000000008000378                main
 .text.SysTick_Handler
                0x00000000080003e0        0xc Src/main.o
                0x00000000080003e0                SysTick_Handler
 .text.ITM_SendChar
                0x00000000080003ec       0x4c Src/syscalls.o
                0x00000000080003ec                ITM_SendChar
 .text._read    0x0000000008000438       0x3a Src/syscalls.o
                0x0000000008000438                _read
 .text._write   0x0000000008000472       0x38 Src/syscalls.o
                0x0000000008000472                _write
 .text._close   0x00000000080004aa       0x16 Src/syscalls.o
                0x00000000080004aa                _close
 .text._fstat   0x00000000080004c0       0x1e Src/syscalls.o
                0x00000000080004c0                _fstat
 .text._isatty  0x00000000080004de       0x14 Src/syscalls.o
                0x00000000080004de                _isatty
 .text._lseek   0x00000000080004f2       0x18 Src/syscalls.o
                0x00000000080004f2                _lseek
 *fill*         0x000000000800050a        0x2 
 .text._sbrk    0x000000000800050c       0x6c Src/sysmem.o
                0x000000000800050c                _sbrk
 .text.Reset_Handler
                0x0000000008000578       0x50 Startup/startup_stm32f407vgtx.o
                0x0000000008000578                Reset_Handler
 .text.Default_Handler
                0x00000000080005c8        0x2 Startup/startup_stm32f407vgtx.o
                0x00000000080005c8                RTC_Alarm_IRQHandler
                0x00000000080005c8                HASH_RNG_IRQHandler
                0x00000000080005c8                EXTI2_IRQHandler
                0x00000000080005c8                TIM8_CC_IRQHandler
                0x00000000080005c8                DebugMon_Handler
                0x00000000080005c8                TIM1_CC_IRQHandler
                0x00000000080005c8                DMA2_Stream5_IRQHandler
                0x00000000080005c8                HardFault_Handler
                0x00000000080005c8                DMA1_Stream5_IRQHandler
                0x00000000080005c8                PVD_IRQHandler
                0x00000000080005c8                SDIO_IRQHandler
                0x00000000080005c8                TAMP_STAMP_IRQHandler
                0x00000000080005c8                PendSV_Handler
                0x00000000080005c8                NMI_Handler
                0x00000000080005c8                CAN2_RX1_IRQHandler
                0x00000000080005c8                EXTI3_IRQHandler
                0x00000000080005c8                TIM8_TRG_COM_TIM14_IRQHandler
                0x00000000080005c8                TIM1_UP_TIM10_IRQHandler
                0x00000000080005c8                TIM8_UP_TIM13_IRQHandler
                0x00000000080005c8                I2C3_ER_IRQHandler
                0x00000000080005c8                LCD_TFT_IRQHandler
                0x00000000080005c8                EXTI0_IRQHandler
                0x00000000080005c8                I2C2_EV_IRQHandler
                0x00000000080005c8                DMA1_Stream2_IRQHandler
                0x00000000080005c8                CAN1_RX0_IRQHandler
                0x00000000080005c8                FPU_IRQHandler
                0x00000000080005c8                OTG_HS_WKUP_IRQHandler
                0x00000000080005c8                UsageFault_Handler
                0x00000000080005c8                CAN2_SCE_IRQHandler
                0x00000000080005c8                DMA2_Stream2_IRQHandler
                0x00000000080005c8                SPI1_IRQHandler
                0x00000000080005c8                TIM6_DAC_IRQHandler
                0x00000000080005c8                TIM1_BRK_TIM9_IRQHandler
                0x00000000080005c8                DCMI_IRQHandler
                0x00000000080005c8                CAN2_RX0_IRQHandler
                0x00000000080005c8                DMA2_Stream3_IRQHandler
                0x00000000080005c8                USART6_IRQHandler
                0x00000000080005c8                USART3_IRQHandler
                0x00000000080005c8                CRYP_IRQHandler
                0x00000000080005c8                CAN1_RX1_IRQHandler
                0x00000000080005c8                UART5_IRQHandler
                0x00000000080005c8                DMA2_Stream0_IRQHandler
                0x00000000080005c8                TIM4_IRQHandler
                0x00000000080005c8                I2C1_EV_IRQHandler
                0x00000000080005c8                DMA1_Stream6_IRQHandler
                0x00000000080005c8                DMA1_Stream1_IRQHandler
                0x00000000080005c8                UART4_IRQHandler
                0x00000000080005c8                LCD_TFT_1_IRQHandler
                0x00000000080005c8                TIM3_IRQHandler
                0x00000000080005c8                RCC_IRQHandler
                0x00000000080005c8                TIM8_BRK_TIM12_IRQHandler
                0x00000000080005c8                Default_Handler
                0x00000000080005c8                ADC_IRQHandler
                0x00000000080005c8                DMA1_Stream7_IRQHandler
                0x00000000080005c8                TIM7_IRQHandler
                0x00000000080005c8                CAN2_TX_IRQHandler
                0x00000000080005c8                TIM5_IRQHandler
                0x00000000080005c8                DMA2_Stream7_IRQHandler
                0x00000000080005c8                I2C3_EV_IRQHandler
                0x00000000080005c8                EXTI9_5_IRQHandler
                0x00000000080005c8                RTC_WKUP_IRQHandler
                0x00000000080005c8                ETH_WKUP_IRQHandler
                0x00000000080005c8                SPI2_IRQHandler
                0x00000000080005c8                OTG_HS_EP1_IN_IRQHandler
                0x00000000080005c8                MemManage_Handler
                0x00000000080005c8                DMA1_Stream0_IRQHandler
                0x00000000080005c8                CAN1_TX_IRQHandler
                0x00000000080005c8                SVC_Handler
                0x00000000080005c8                EXTI4_IRQHandler
                0x00000000080005c8                FSMC_IRQHandler
                0x00000000080005c8                ETH_IRQHandler
                0x00000000080005c8                OTG_HS_EP1_OUT_IRQHandler
                0x00000000080005c8                WWDG_IRQHandler
                0x00000000080005c8                TIM2_IRQHandler
                0x00000000080005c8                OTG_FS_WKUP_IRQHandler
                0x00000000080005c8                TIM1_TRG_COM_TIM11_IRQHandler
                0x00000000080005c8                OTG_HS_IRQHandler
                0x00000000080005c8                EXTI1_IRQHandler
                0x00000000080005c8                USART2_IRQHandler
                0x00000000080005c8                I2C2_ER_IRQHandler
                0x00000000080005c8                DMA2_Stream1_IRQHandler
                0x00000000080005c8                CAN1_SCE_IRQHandler
                0x00000000080005c8                DMA2_Stream4_IRQHandler
                0x00000000080005c8                BusFault_Handler
                0x00000000080005c8                USART1_IRQHandler
                0x00000000080005c8                OTG_FS_IRQHandler
                0x00000000080005c8                SPI3_IRQHandler
                0x00000000080005c8                DMA1_Stream4_IRQHandler
                0x00000000080005c8                I2C1_ER_IRQHandler
                0x00000000080005c8                DMA2_Stream6_IRQHandler
                0x00000000080005c8                DMA1_Stream3_IRQHandler
 *fill*         0x00000000080005ca        0x2 
 .text.SPI2_GPIOInits
                0x00000000080005cc       0x5c drivers/Src/ade7753.o
                0x00000000080005cc                SPI2_GPIOInits
 .text.SPI2_Inits
                0x0000000008000628       0x48 drivers/Src/ade7753.o
                0x0000000008000628                SPI2_Inits
 .text.ZeroX_Inits
                0x0000000008000670       0x40 drivers/Src/ade7753.o
                0x0000000008000670                ZeroX_Inits
 .text.ADE_Inits
                0x00000000080006b0       0x20 drivers/Src/ade7753.o
                0x00000000080006b0                ADE_Inits
 .text.ADE_ReadData
                0x00000000080006d0       0x76 drivers/Src/ade7753.o
                0x00000000080006d0                ADE_ReadData
 *fill*         0x0000000008000746        0x2 
 .text.EXTI15_10_IRQHandler
                0x0000000008000748       0x2c drivers/Src/ade7753.o
                0x0000000008000748                EXTI15_10_IRQHandler
 .text.TM_KEYPAD_INT_SetColumn
                0x0000000008000774       0x8c drivers/Src/keypad4x4.o
                0x0000000008000774                TM_KEYPAD_INT_SetColumn
 .text.TM_KEYPAD_INT_CheckRow
                0x0000000008000800       0x90 drivers/Src/keypad4x4.o
                0x0000000008000800                TM_KEYPAD_INT_CheckRow
 .text.TM_KEYPAD_INT_Read
                0x0000000008000890       0x84 drivers/Src/keypad4x4.o
                0x0000000008000890                TM_KEYPAD_INT_Read
 .text.TM_KEYPAD_Update
                0x0000000008000914       0x38 drivers/Src/keypad4x4.o
                0x0000000008000914                TM_KEYPAD_Update
 .text.SPI1_GPIOInits
                0x000000000800094c       0x74 drivers/Src/lcd5110.o
                0x000000000800094c                SPI1_GPIOInits
 .text.SPI1_Inits
                0x00000000080009c0       0x48 drivers/Src/lcd5110.o
                0x00000000080009c0                SPI1_Inits
 .text.LCD5110_send
                0x0000000008000a08       0x30 drivers/Src/lcd5110.o
                0x0000000008000a08                LCD5110_send
 .text.LCD5110_Pin
                0x0000000008000a38       0x64 drivers/Src/lcd5110.o
                0x0000000008000a38                LCD5110_Pin
 .text.LCD5110_Delay
                0x0000000008000a9c       0x28 drivers/Src/lcd5110.o
                0x0000000008000a9c                LCD5110_Delay
 .text.LCD5110_Init
                0x0000000008000ac4       0x8c drivers/Src/lcd5110.o
                0x0000000008000ac4                LCD5110_Init
 .text.LCD5110_Write
                0x0000000008000b50       0x40 drivers/Src/lcd5110.o
                0x0000000008000b50                LCD5110_Write
 .text.LCD5110_DrawPixel
                0x0000000008000b90       0xbc drivers/Src/lcd5110.o
                0x0000000008000b90                LCD5110_DrawPixel
 .text.LCD5110_Clear
                0x0000000008000c4c       0x4c drivers/Src/lcd5110.o
                0x0000000008000c4c                LCD5110_Clear
 .text.LCD5110_Home
                0x0000000008000c98       0x18 drivers/Src/lcd5110.o
                0x0000000008000c98                LCD5110_Home
 .text.LCD5110_Refresh
                0x0000000008000cb0       0xc4 drivers/Src/lcd5110.o
                0x0000000008000cb0                LCD5110_Refresh
 .text.LCD5110_UpdateArea
                0x0000000008000d74       0x78 drivers/Src/lcd5110.o
                0x0000000008000d74                LCD5110_UpdateArea
 .text.LCD5110_GotoXY
                0x0000000008000dec       0x30 drivers/Src/lcd5110.o
                0x0000000008000dec                LCD5110_GotoXY
 .text.LCD5110_Putc
                0x0000000008000e1c      0x154 drivers/Src/lcd5110.o
                0x0000000008000e1c                LCD5110_Putc
 .text.LCD5110_Puts
                0x0000000008000f70       0x36 drivers/Src/lcd5110.o
                0x0000000008000f70                LCD5110_Puts
 *fill*         0x0000000008000fa6        0x2 
 .text.GPIO_PeriClockControl
                0x0000000008000fa8      0x1d0 drivers/Src/stm32f4xx_gpio_driver.o
                0x0000000008000fa8                GPIO_PeriClockControl
 .text.GPIO_Init
                0x0000000008001178      0x338 drivers/Src/stm32f4xx_gpio_driver.o
                0x0000000008001178                GPIO_Init
 .text.GPIO_ReadFromInputPin
                0x00000000080014b0       0x2a drivers/Src/stm32f4xx_gpio_driver.o
                0x00000000080014b0                GPIO_ReadFromInputPin
 .text.GPIO_WriteToOutputPin
                0x00000000080014da       0x48 drivers/Src/stm32f4xx_gpio_driver.o
                0x00000000080014da                GPIO_WriteToOutputPin
 *fill*         0x0000000008001522        0x2 
 .text.GPIO_IRQInterruptConfig
                0x0000000008001524      0x108 drivers/Src/stm32f4xx_gpio_driver.o
                0x0000000008001524                GPIO_IRQInterruptConfig
 .text.GPIO_IRQPriorityConfig
                0x000000000800162c       0x52 drivers/Src/stm32f4xx_gpio_driver.o
                0x000000000800162c                GPIO_IRQPriorityConfig
 *fill*         0x000000000800167e        0x2 
 .text.GPIO_IRQHandling
                0x0000000008001680       0x40 drivers/Src/stm32f4xx_gpio_driver.o
                0x0000000008001680                GPIO_IRQHandling
 .text.SPI_PeriClockControl
                0x00000000080016c0       0xb0 drivers/Src/stm32f4xx_spi_driver.o
                0x00000000080016c0                SPI_PeriClockControl
 .text.SPI_SSOEConfig
                0x0000000008001770       0x36 drivers/Src/stm32f4xx_spi_driver.o
                0x0000000008001770                SPI_SSOEConfig
 .text.SPI_Init
                0x00000000080017a6       0xb6 drivers/Src/stm32f4xx_spi_driver.o
                0x00000000080017a6                SPI_Init
 .text.SPI_GetFlagStatus
                0x000000000800185c       0x26 drivers/Src/stm32f4xx_spi_driver.o
                0x000000000800185c                SPI_GetFlagStatus
 .text.SPI_Transfer
                0x0000000008001882       0x30 drivers/Src/stm32f4xx_spi_driver.o
                0x0000000008001882                SPI_Transfer
 .text.SPI_PeripheralControl
                0x00000000080018b2       0x36 drivers/Src/stm32f4xx_spi_driver.o
                0x00000000080018b2                SPI_PeripheralControl
 .text.__errno  0x00000000080018e8        0xc c:/st/stm32cubeide_1.5.1/stm32cubeide/plugins/com.st.stm32cube.ide.mcu.externaltools.gnu-tools-for-stm32.9-2020-q2-update.win32_1.5.0.202011040924/tools/bin/../lib/gcc/arm-none-eabi/9.3.1/../../../../arm-none-eabi/lib/thumb/v7e-m/nofp\libc_nano.a(lib_a-errno.o)
                0x00000000080018e8                __errno
 .text.__libc_init_array
                0x00000000080018f4       0x48 c:/st/stm32cubeide_1.5.1/stm32cubeide/plugins/com.st.stm32cube.ide.mcu.externaltools.gnu-tools-for-stm32.9-2020-q2-update.win32_1.5.0.202011040924/tools/bin/../lib/gcc/arm-none-eabi/9.3.1/../../../../arm-none-eabi/lib/thumb/v7e-m/nofp\libc_nano.a(lib_a-init.o)
                0x00000000080018f4                __libc_init_array
 .text.memset   0x000000000800193c       0x10 c:/st/stm32cubeide_1.5.1/stm32cubeide/plugins/com.st.stm32cube.ide.mcu.externaltools.gnu-tools-for-stm32.9-2020-q2-update.win32_1.5.0.202011040924/tools/bin/../lib/gcc/arm-none-eabi/9.3.1/../../../../arm-none-eabi/lib/thumb/v7e-m/nofp\libc_nano.a(lib_a-memset.o)
                0x000000000800193c                memset
 .text.printf   0x000000000800194c       0x30 c:/st/stm32cubeide_1.5.1/stm32cubeide/plugins/com.st.stm32cube.ide.mcu.externaltools.gnu-tools-for-stm32.9-2020-q2-update.win32_1.5.0.202011040924/tools/bin/../lib/gcc/arm-none-eabi/9.3.1/../../../../arm-none-eabi/lib/thumb/v7e-m/nofp\libc_nano.a(lib_a-printf.o)
                0x000000000800194c                iprintf
                0x000000000800194c                printf
 .text.std      0x000000000800197c       0x48 c:/st/stm32cubeide_1.5.1/stm32cubeide/plugins/com.st.stm32cube.ide.mcu.externaltools.gnu-tools-for-stm32.9-2020-q2-update.win32_1.5.0.202011040924/tools/bin/../lib/gcc/arm-none-eabi/9.3.1/../../../../arm-none-eabi/lib/thumb/v7e-m/nofp\libc_nano.a(lib_a-findfp.o)
 .text._cleanup_r
                0x00000000080019c4        0xc c:/st/stm32cubeide_1.5.1/stm32cubeide/plugins/com.st.stm32cube.ide.mcu.externaltools.gnu-tools-for-stm32.9-2020-q2-update.win32_1.5.0.202011040924/tools/bin/../lib/gcc/arm-none-eabi/9.3.1/../../../../arm-none-eabi/lib/thumb/v7e-m/nofp\libc_nano.a(lib_a-findfp.o)
                0x00000000080019c4                _cleanup_r
 .text.__sfmoreglue
                0x00000000080019d0       0x2c c:/st/stm32cubeide_1.5.1/stm32cubeide/plugins/com.st.stm32cube.ide.mcu.externaltools.gnu-tools-for-stm32.9-2020-q2-update.win32_1.5.0.202011040924/tools/bin/../lib/gcc/arm-none-eabi/9.3.1/../../../../arm-none-eabi/lib/thumb/v7e-m/nofp\libc_nano.a(lib_a-findfp.o)
                0x00000000080019d0                __sfmoreglue
 .text.__sfp_lock_acquire
                0x00000000080019fc        0xc c:/st/stm32cubeide_1.5.1/stm32cubeide/plugins/com.st.stm32cube.ide.mcu.externaltools.gnu-tools-for-stm32.9-2020-q2-update.win32_1.5.0.202011040924/tools/bin/../lib/gcc/arm-none-eabi/9.3.1/../../../../arm-none-eabi/lib/thumb/v7e-m/nofp\libc_nano.a(lib_a-findfp.o)
                0x00000000080019fc                __sfp_lock_acquire
 .text.__sfp_lock_release
                0x0000000008001a08        0xc c:/st/stm32cubeide_1.5.1/stm32cubeide/plugins/com.st.stm32cube.ide.mcu.externaltools.gnu-tools-for-stm32.9-2020-q2-update.win32_1.5.0.202011040924/tools/bin/../lib/gcc/arm-none-eabi/9.3.1/../../../../arm-none-eabi/lib/thumb/v7e-m/nofp\libc_nano.a(lib_a-findfp.o)
                0x0000000008001a08                __sfp_lock_release
 .text.__sinit_lock_acquire
                0x0000000008001a14        0xc c:/st/stm32cubeide_1.5.1/stm32cubeide/plugins/com.st.stm32cube.ide.mcu.externaltools.gnu-tools-for-stm32.9-2020-q2-update.win32_1.5.0.202011040924/tools/bin/../lib/gcc/arm-none-eabi/9.3.1/../../../../arm-none-eabi/lib/thumb/v7e-m/nofp\libc_nano.a(lib_a-findfp.o)
                0x0000000008001a14                __sinit_lock_acquire
 .text.__sinit_lock_release
                0x0000000008001a20        0xc c:/st/stm32cubeide_1.5.1/stm32cubeide/plugins/com.st.stm32cube.ide.mcu.externaltools.gnu-tools-for-stm32.9-2020-q2-update.win32_1.5.0.202011040924/tools/bin/../lib/gcc/arm-none-eabi/9.3.1/../../../../arm-none-eabi/lib/thumb/v7e-m/nofp\libc_nano.a(lib_a-findfp.o)
                0x0000000008001a20                __sinit_lock_release
 .text.__sinit  0x0000000008001a2c       0x70 c:/st/stm32cubeide_1.5.1/stm32cubeide/plugins/com.st.stm32cube.ide.mcu.externaltools.gnu-tools-for-stm32.9-2020-q2-update.win32_1.5.0.202011040924/tools/bin/../lib/gcc/arm-none-eabi/9.3.1/../../../../arm-none-eabi/lib/thumb/v7e-m/nofp\libc_nano.a(lib_a-findfp.o)
                0x0000000008001a2c                __sinit
 .text.__sfp    0x0000000008001a9c       0x8c c:/st/stm32cubeide_1.5.1/stm32cubeide/plugins/com.st.stm32cube.ide.mcu.externaltools.gnu-tools-for-stm32.9-2020-q2-update.win32_1.5.0.202011040924/tools/bin/../lib/gcc/arm-none-eabi/9.3.1/../../../../arm-none-eabi/lib/thumb/v7e-m/nofp\libc_nano.a(lib_a-findfp.o)
                0x0000000008001a9c                __sfp
 .text._fwalk_reent
                0x0000000008001b28       0x3e c:/st/stm32cubeide_1.5.1/stm32cubeide/plugins/com.st.stm32cube.ide.mcu.externaltools.gnu-tools-for-stm32.9-2020-q2-update.win32_1.5.0.202011040924/tools/bin/../lib/gcc/arm-none-eabi/9.3.1/../../../../arm-none-eabi/lib/thumb/v7e-m/nofp\libc_nano.a(lib_a-fwalk.o)
                0x0000000008001b28                _fwalk_reent
 .text.__retarget_lock_init_recursive
                0x0000000008001b66        0x2 c:/st/stm32cubeide_1.5.1/stm32cubeide/plugins/com.st.stm32cube.ide.mcu.externaltools.gnu-tools-for-stm32.9-2020-q2-update.win32_1.5.0.202011040924/tools/bin/../lib/gcc/arm-none-eabi/9.3.1/../../../../arm-none-eabi/lib/thumb/v7e-m/nofp\libc_nano.a(lib_a-lock.o)
                0x0000000008001b66                __retarget_lock_init_recursive
 .text.__retarget_lock_acquire_recursive
                0x0000000008001b68        0x2 c:/st/stm32cubeide_1.5.1/stm32cubeide/plugins/com.st.stm32cube.ide.mcu.externaltools.gnu-tools-for-stm32.9-2020-q2-update.win32_1.5.0.202011040924/tools/bin/../lib/gcc/arm-none-eabi/9.3.1/../../../../arm-none-eabi/lib/thumb/v7e-m/nofp\libc_nano.a(lib_a-lock.o)
                0x0000000008001b68                __retarget_lock_acquire_recursive
 .text.__retarget_lock_release_recursive
                0x0000000008001b6a        0x2 c:/st/stm32cubeide_1.5.1/stm32cubeide/plugins/com.st.stm32cube.ide.mcu.externaltools.gnu-tools-for-stm32.9-2020-q2-update.win32_1.5.0.202011040924/tools/bin/../lib/gcc/arm-none-eabi/9.3.1/../../../../arm-none-eabi/lib/thumb/v7e-m/nofp\libc_nano.a(lib_a-lock.o)
                0x0000000008001b6a                __retarget_lock_release_recursive
 .text._malloc_r
                0x0000000008001b6c       0xb4 c:/st/stm32cubeide_1.5.1/stm32cubeide/plugins/com.st.stm32cube.ide.mcu.externaltools.gnu-tools-for-stm32.9-2020-q2-update.win32_1.5.0.202011040924/tools/bin/../lib/gcc/arm-none-eabi/9.3.1/../../../../arm-none-eabi/lib/thumb/v7e-m/nofp\libc_nano.a(lib_a-nano-mallocr.o)
                0x0000000008001b6c                _malloc_r
 .text.__sfputc_r
                0x0000000008001c20       0x2a c:/st/stm32cubeide_1.5.1/stm32cubeide/plugins/com.st.stm32cube.ide.mcu.externaltools.gnu-tools-for-stm32.9-2020-q2-update.win32_1.5.0.202011040924/tools/bin/../lib/gcc/arm-none-eabi/9.3.1/../../../../arm-none-eabi/lib/thumb/v7e-m/nofp\libc_nano.a(lib_a-nano-vfprintf.o)
 .text.__sfputs_r
                0x0000000008001c4a       0x24 c:/st/stm32cubeide_1.5.1/stm32cubeide/plugins/com.st.stm32cube.ide.mcu.externaltools.gnu-tools-for-stm32.9-2020-q2-update.win32_1.5.0.202011040924/tools/bin/../lib/gcc/arm-none-eabi/9.3.1/../../../../arm-none-eabi/lib/thumb/v7e-m/nofp\libc_nano.a(lib_a-nano-vfprintf.o)
                0x0000000008001c4a                __sfputs_r
 *fill*         0x0000000008001c6e        0x2 
 .text._vfprintf_r
                0x0000000008001c70      0x260 c:/st/stm32cubeide_1.5.1/stm32cubeide/plugins/com.st.stm32cube.ide.mcu.externaltools.gnu-tools-for-stm32.9-2020-q2-update.win32_1.5.0.202011040924/tools/bin/../lib/gcc/arm-none-eabi/9.3.1/../../../../arm-none-eabi/lib/thumb/v7e-m/nofp\libc_nano.a(lib_a-nano-vfprintf.o)
                0x0000000008001c70                _vfprintf_r
                0x0000000008001c70                _vfiprintf_r
 .text._printf_common
                0x0000000008001ed0       0xda c:/st/stm32cubeide_1.5.1/stm32cubeide/plugins/com.st.stm32cube.ide.mcu.externaltools.gnu-tools-for-stm32.9-2020-q2-update.win32_1.5.0.202011040924/tools/bin/../lib/gcc/arm-none-eabi/9.3.1/../../../../arm-none-eabi/lib/thumb/v7e-m/nofp\libc_nano.a(lib_a-nano-vfprintf_i.o)
                0x0000000008001ed0                _printf_common
 *fill*         0x0000000008001faa        0x2 
 .text._printf_i
                0x0000000008001fac      0x24c c:/st/stm32cubeide_1.5.1/stm32cubeide/plugins/com.st.stm32cube.ide.mcu.externaltools.gnu-tools-for-stm32.9-2020-q2-update.win32_1.5.0.202011040924/tools/bin/../lib/gcc/arm-none-eabi/9.3.1/../../../../arm-none-eabi/lib/thumb/v7e-m/nofp\libc_nano.a(lib_a-nano-vfprintf_i.o)
                0x0000000008001fac                _printf_i
 .text._sbrk_r  0x00000000080021f8       0x20 c:/st/stm32cubeide_1.5.1/stm32cubeide/plugins/com.st.stm32cube.ide.mcu.externaltools.gnu-tools-for-stm32.9-2020-q2-update.win32_1.5.0.202011040924/tools/bin/../lib/gcc/arm-none-eabi/9.3.1/../../../../arm-none-eabi/lib/thumb/v7e-m/nofp\libc_nano.a(lib_a-sbrkr.o)
                0x00000000080021f8                _sbrk_r
 .text.__sread  0x0000000008002218       0x22 c:/st/stm32cubeide_1.5.1/stm32cubeide/plugins/com.st.stm32cube.ide.mcu.externaltools.gnu-tools-for-stm32.9-2020-q2-update.win32_1.5.0.202011040924/tools/bin/../lib/gcc/arm-none-eabi/9.3.1/../../../../arm-none-eabi/lib/thumb/v7e-m/nofp\libc_nano.a(lib_a-stdio.o)
                0x0000000008002218                __sread
 .text.__swrite
                0x000000000800223a       0x38 c:/st/stm32cubeide_1.5.1/stm32cubeide/plugins/com.st.stm32cube.ide.mcu.externaltools.gnu-tools-for-stm32.9-2020-q2-update.win32_1.5.0.202011040924/tools/bin/../lib/gcc/arm-none-eabi/9.3.1/../../../../arm-none-eabi/lib/thumb/v7e-m/nofp\libc_nano.a(lib_a-stdio.o)
                0x000000000800223a                __swrite
 .text.__sseek  0x0000000008002272       0x24 c:/st/stm32cubeide_1.5.1/stm32cubeide/plugins/com.st.stm32cube.ide.mcu.externaltools.gnu-tools-for-stm32.9-2020-q2-update.win32_1.5.0.202011040924/tools/bin/../lib/gcc/arm-none-eabi/9.3.1/../../../../arm-none-eabi/lib/thumb/v7e-m/nofp\libc_nano.a(lib_a-stdio.o)
                0x0000000008002272                __sseek
 .text.__sclose
                0x0000000008002296        0x8 c:/st/stm32cubeide_1.5.1/stm32cubeide/plugins/com.st.stm32cube.ide.mcu.externaltools.gnu-tools-for-stm32.9-2020-q2-update.win32_1.5.0.202011040924/tools/bin/../lib/gcc/arm-none-eabi/9.3.1/../../../../arm-none-eabi/lib/thumb/v7e-m/nofp\libc_nano.a(lib_a-stdio.o)
                0x0000000008002296                __sclose
 *fill*         0x000000000800229e        0x2 
 .text.__swbuf_r
                0x00000000080022a0       0xa4 c:/st/stm32cubeide_1.5.1/stm32cubeide/plugins/com.st.stm32cube.ide.mcu.externaltools.gnu-tools-for-stm32.9-2020-q2-update.win32_1.5.0.202011040924/tools/bin/../lib/gcc/arm-none-eabi/9.3.1/../../../../arm-none-eabi/lib/thumb/v7e-m/nofp\libc_nano.a(lib_a-wbuf.o)
                0x00000000080022a0                __swbuf_r
 .text._write_r
                0x0000000008002344       0x24 c:/st/stm32cubeide_1.5.1/stm32cubeide/plugins/com.st.stm32cube.ide.mcu.externaltools.gnu-tools-for-stm32.9-2020-q2-update.win32_1.5.0.202011040924/tools/bin/../lib/gcc/arm-none-eabi/9.3.1/../../../../arm-none-eabi/lib/thumb/v7e-m/nofp\libc_nano.a(lib_a-writer.o)
                0x0000000008002344                _write_r
 .text.__swsetup_r
                0x0000000008002368       0xdc c:/st/stm32cubeide_1.5.1/stm32cubeide/plugins/com.st.stm32cube.ide.mcu.externaltools.gnu-tools-for-stm32.9-2020-q2-update.win32_1.5.0.202011040924/tools/bin/../lib/gcc/arm-none-eabi/9.3.1/../../../../arm-none-eabi/lib/thumb/v7e-m/nofp\libc_nano.a(lib_a-wsetup.o)
                0x0000000008002368                __swsetup_r
 .text._close_r
                0x0000000008002444       0x20 c:/st/stm32cubeide_1.5.1/stm32cubeide/plugins/com.st.stm32cube.ide.mcu.externaltools.gnu-tools-for-stm32.9-2020-q2-update.win32_1.5.0.202011040924/tools/bin/../lib/gcc/arm-none-eabi/9.3.1/../../../../arm-none-eabi/lib/thumb/v7e-m/nofp\libc_nano.a(lib_a-closer.o)
                0x0000000008002444                _close_r
 .text.__sflush_r
                0x0000000008002464      0x10c c:/st/stm32cubeide_1.5.1/stm32cubeide/plugins/com.st.stm32cube.ide.mcu.externaltools.gnu-tools-for-stm32.9-2020-q2-update.win32_1.5.0.202011040924/tools/bin/../lib/gcc/arm-none-eabi/9.3.1/../../../../arm-none-eabi/lib/thumb/v7e-m/nofp\libc_nano.a(lib_a-fflush.o)
                0x0000000008002464                __sflush_r
 .text._fflush_r
                0x0000000008002570       0x78 c:/st/stm32cubeide_1.5.1/stm32cubeide/plugins/com.st.stm32cube.ide.mcu.externaltools.gnu-tools-for-stm32.9-2020-q2-update.win32_1.5.0.202011040924/tools/bin/../lib/gcc/arm-none-eabi/9.3.1/../../../../arm-none-eabi/lib/thumb/v7e-m/nofp\libc_nano.a(lib_a-fflush.o)
                0x0000000008002570                _fflush_r
 .text._lseek_r
                0x00000000080025e8       0x24 c:/st/stm32cubeide_1.5.1/stm32cubeide/plugins/com.st.stm32cube.ide.mcu.externaltools.gnu-tools-for-stm32.9-2020-q2-update.win32_1.5.0.202011040924/tools/bin/../lib/gcc/arm-none-eabi/9.3.1/../../../../arm-none-eabi/lib/thumb/v7e-m/nofp\libc_nano.a(lib_a-lseekr.o)
                0x00000000080025e8                _lseek_r
 .text.__swhatbuf_r
                0x000000000800260c       0x48 c:/st/stm32cubeide_1.5.1/stm32cubeide/plugins/com.st.stm32cube.ide.mcu.externaltools.gnu-tools-for-stm32.9-2020-q2-update.win32_1.5.0.202011040924/tools/bin/../lib/gcc/arm-none-eabi/9.3.1/../../../../arm-none-eabi/lib/thumb/v7e-m/nofp\libc_nano.a(lib_a-makebuf.o)
                0x000000000800260c                __swhatbuf_r
 .text.__smakebuf_r
                0x0000000008002654       0x80 c:/st/stm32cubeide_1.5.1/stm32cubeide/plugins/com.st.stm32cube.ide.mcu.externaltools.gnu-tools-for-stm32.9-2020-q2-update.win32_1.5.0.202011040924/tools/bin/../lib/gcc/arm-none-eabi/9.3.1/../../../../arm-none-eabi/lib/thumb/v7e-m/nofp\libc_nano.a(lib_a-makebuf.o)
                0x0000000008002654                __smakebuf_r
 .text.__malloc_lock
                0x00000000080026d4        0xc c:/st/stm32cubeide_1.5.1/stm32cubeide/plugins/com.st.stm32cube.ide.mcu.externaltools.gnu-tools-for-stm32.9-2020-q2-update.win32_1.5.0.202011040924/tools/bin/../lib/gcc/arm-none-eabi/9.3.1/../../../../arm-none-eabi/lib/thumb/v7e-m/nofp\libc_nano.a(lib_a-mlock.o)
                0x00000000080026d4                __malloc_lock
 .text.__malloc_unlock
                0x00000000080026e0        0xc c:/st/stm32cubeide_1.5.1/stm32cubeide/plugins/com.st.stm32cube.ide.mcu.externaltools.gnu-tools-for-stm32.9-2020-q2-update.win32_1.5.0.202011040924/tools/bin/../lib/gcc/arm-none-eabi/9.3.1/../../../../arm-none-eabi/lib/thumb/v7e-m/nofp\libc_nano.a(lib_a-mlock.o)
                0x00000000080026e0                __malloc_unlock
 .text._free_r  0x00000000080026ec       0x9c c:/st/stm32cubeide_1.5.1/stm32cubeide/plugins/com.st.stm32cube.ide.mcu.externaltools.gnu-tools-for-stm32.9-2020-q2-update.win32_1.5.0.202011040924/tools/bin/../lib/gcc/arm-none-eabi/9.3.1/../../../../arm-none-eabi/lib/thumb/v7e-m/nofp\libc_nano.a(lib_a-nano-freer.o)
                0x00000000080026ec                _free_r
 .text._read_r  0x0000000008002788       0x24 c:/st/stm32cubeide_1.5.1/stm32cubeide/plugins/com.st.stm32cube.ide.mcu.externaltools.gnu-tools-for-stm32.9-2020-q2-update.win32_1.5.0.202011040924/tools/bin/../lib/gcc/arm-none-eabi/9.3.1/../../../../arm-none-eabi/lib/thumb/v7e-m/nofp\libc_nano.a(lib_a-readr.o)
                0x0000000008002788                _read_r
 .text._fstat_r
                0x00000000080027ac       0x24 c:/st/stm32cubeide_1.5.1/stm32cubeide/plugins/com.st.stm32cube.ide.mcu.externaltools.gnu-tools-for-stm32.9-2020-q2-update.win32_1.5.0.202011040924/tools/bin/../lib/gcc/arm-none-eabi/9.3.1/../../../../arm-none-eabi/lib/thumb/v7e-m/nofp\libc_nano.a(lib_a-fstatr.o)
                0x00000000080027ac                _fstat_r
 .text._isatty_r
                0x00000000080027d0       0x20 c:/st/stm32cubeide_1.5.1/stm32cubeide/plugins/com.st.stm32cube.ide.mcu.externaltools.gnu-tools-for-stm32.9-2020-q2-update.win32_1.5.0.202011040924/tools/bin/../lib/gcc/arm-none-eabi/9.3.1/../../../../arm-none-eabi/lib/thumb/v7e-m/nofp\libc_nano.a(lib_a-isattyr.o)
                0x00000000080027d0                _isatty_r
 *(.glue_7)
 .glue_7        0x00000000080027f0        0x0 linker stubs
 *(.glue_7t)
 .glue_7t       0x00000000080027f0        0x0 linker stubs
 *(.eh_frame)
 .eh_frame      0x00000000080027f0        0x0 c:/st/stm32cubeide_1.5.1/stm32cubeide/plugins/com.st.stm32cube.ide.mcu.externaltools.gnu-tools-for-stm32.9-2020-q2-update.win32_1.5.0.202011040924/tools/bin/../lib/gcc/arm-none-eabi/9.3.1/thumb/v7e-m/nofp/crtbegin.o
 *(.init)
 .init          0x00000000080027f0        0x4 c:/st/stm32cubeide_1.5.1/stm32cubeide/plugins/com.st.stm32cube.ide.mcu.externaltools.gnu-tools-for-stm32.9-2020-q2-update.win32_1.5.0.202011040924/tools/bin/../lib/gcc/arm-none-eabi/9.3.1/thumb/v7e-m/nofp/crti.o
                0x00000000080027f0                _init
 .init          0x00000000080027f4        0x8 c:/st/stm32cubeide_1.5.1/stm32cubeide/plugins/com.st.stm32cube.ide.mcu.externaltools.gnu-tools-for-stm32.9-2020-q2-update.win32_1.5.0.202011040924/tools/bin/../lib/gcc/arm-none-eabi/9.3.1/thumb/v7e-m/nofp/crtn.o
 *(.fini)
 .fini          0x00000000080027fc        0x4 c:/st/stm32cubeide_1.5.1/stm32cubeide/plugins/com.st.stm32cube.ide.mcu.externaltools.gnu-tools-for-stm32.9-2020-q2-update.win32_1.5.0.202011040924/tools/bin/../lib/gcc/arm-none-eabi/9.3.1/thumb/v7e-m/nofp/crti.o
                0x00000000080027fc                _fini
 .fini          0x0000000008002800        0x8 c:/st/stm32cubeide_1.5.1/stm32cubeide/plugins/com.st.stm32cube.ide.mcu.externaltools.gnu-tools-for-stm32.9-2020-q2-update.win32_1.5.0.202011040924/tools/bin/../lib/gcc/arm-none-eabi/9.3.1/thumb/v7e-m/nofp/crtn.o
                0x0000000008002808                . = ALIGN (0x4)
                0x0000000008002808                _etext = .

.vfp11_veneer   0x0000000008002808        0x0
 .vfp11_veneer  0x0000000008002808        0x0 linker stubs

.v4_bx          0x0000000008002808        0x0
 .v4_bx         0x0000000008002808        0x0 linker stubs

.iplt           0x0000000008002808        0x0
 .iplt          0x0000000008002808        0x0 c:/st/stm32cubeide_1.5.1/stm32cubeide/plugins/com.st.stm32cube.ide.mcu.externaltools.gnu-tools-for-stm32.9-2020-q2-update.win32_1.5.0.202011040924/tools/bin/../lib/gcc/arm-none-eabi/9.3.1/thumb/v7e-m/nofp/crtbegin.o

.rodata         0x0000000008002808      0x440
                0x0000000008002808                . = ALIGN (0x4)
 *(.rodata)
 .rodata        0x0000000008002808       0x13 Src/main.o
 *fill*         0x000000000800281b        0x1 
 .rodata        0x000000000800281c        0xc drivers/Src/ade7753.o
 *(.rodata*)
 .rodata.LCD5110_Font5x7
                0x0000000008002828      0x246 drivers/Src/lcd5110.o
                0x0000000008002828                LCD5110_Font5x7
 *fill*         0x0000000008002a6e        0x2 
 .rodata.LCD5110_Font3x5
                0x0000000008002a70      0x13e drivers/Src/lcd5110.o
                0x0000000008002a70                LCD5110_Font3x5
 *fill*         0x0000000008002bae        0x2 
 .rodata._global_impure_ptr
                0x0000000008002bb0        0x4 c:/st/stm32cubeide_1.5.1/stm32cubeide/plugins/com.st.stm32cube.ide.mcu.externaltools.gnu-tools-for-stm32.9-2020-q2-update.win32_1.5.0.202011040924/tools/bin/../lib/gcc/arm-none-eabi/9.3.1/../../../../arm-none-eabi/lib/thumb/v7e-m/nofp\libc_nano.a(lib_a-impure.o)
                0x0000000008002bb0                _global_impure_ptr
 .rodata.__sf_fake_stderr
                0x0000000008002bb4       0x20 c:/st/stm32cubeide_1.5.1/stm32cubeide/plugins/com.st.stm32cube.ide.mcu.externaltools.gnu-tools-for-stm32.9-2020-q2-update.win32_1.5.0.202011040924/tools/bin/../lib/gcc/arm-none-eabi/9.3.1/../../../../arm-none-eabi/lib/thumb/v7e-m/nofp\libc_nano.a(lib_a-findfp.o)
                0x0000000008002bb4                __sf_fake_stderr
 .rodata.__sf_fake_stdin
                0x0000000008002bd4       0x20 c:/st/stm32cubeide_1.5.1/stm32cubeide/plugins/com.st.stm32cube.ide.mcu.externaltools.gnu-tools-for-stm32.9-2020-q2-update.win32_1.5.0.202011040924/tools/bin/../lib/gcc/arm-none-eabi/9.3.1/../../../../arm-none-eabi/lib/thumb/v7e-m/nofp\libc_nano.a(lib_a-findfp.o)
                0x0000000008002bd4                __sf_fake_stdin
 .rodata.__sf_fake_stdout
                0x0000000008002bf4       0x20 c:/st/stm32cubeide_1.5.1/stm32cubeide/plugins/com.st.stm32cube.ide.mcu.externaltools.gnu-tools-for-stm32.9-2020-q2-update.win32_1.5.0.202011040924/tools/bin/../lib/gcc/arm-none-eabi/9.3.1/../../../../arm-none-eabi/lib/thumb/v7e-m/nofp\libc_nano.a(lib_a-findfp.o)
                0x0000000008002bf4                __sf_fake_stdout
 .rodata._vfprintf_r.str1.1
                0x0000000008002c14       0x11 c:/st/stm32cubeide_1.5.1/stm32cubeide/plugins/com.st.stm32cube.ide.mcu.externaltools.gnu-tools-for-stm32.9-2020-q2-update.win32_1.5.0.202011040924/tools/bin/../lib/gcc/arm-none-eabi/9.3.1/../../../../arm-none-eabi/lib/thumb/v7e-m/nofp\libc_nano.a(lib_a-nano-vfprintf.o)
 .rodata._printf_i.str1.1
                0x0000000008002c25       0x22 c:/st/stm32cubeide_1.5.1/stm32cubeide/plugins/com.st.stm32cube.ide.mcu.externaltools.gnu-tools-for-stm32.9-2020-q2-update.win32_1.5.0.202011040924/tools/bin/../lib/gcc/arm-none-eabi/9.3.1/../../../../arm-none-eabi/lib/thumb/v7e-m/nofp\libc_nano.a(lib_a-nano-vfprintf_i.o)
                0x0000000008002c48                . = ALIGN (0x4)
 *fill*         0x0000000008002c47        0x1 

.rel.dyn        0x0000000008002c48        0x0
 .rel.iplt      0x0000000008002c48        0x0 c:/st/stm32cubeide_1.5.1/stm32cubeide/plugins/com.st.stm32cube.ide.mcu.externaltools.gnu-tools-for-stm32.9-2020-q2-update.win32_1.5.0.202011040924/tools/bin/../lib/gcc/arm-none-eabi/9.3.1/thumb/v7e-m/nofp/crtbegin.o

.ARM.extab      0x0000000008002c48        0x0
                0x0000000008002c48                . = ALIGN (0x4)
 *(.ARM.extab* .gnu.linkonce.armextab.*)
                0x0000000008002c48                . = ALIGN (0x4)

.ARM            0x0000000008002c48        0x0
                0x0000000008002c48                . = ALIGN (0x4)
                0x0000000008002c48                __exidx_start = .
 *(.ARM.exidx*)
                0x0000000008002c48                __exidx_end = .
                0x0000000008002c48                . = ALIGN (0x4)

.preinit_array  0x0000000008002c48        0x0
                0x0000000008002c48                . = ALIGN (0x4)
                0x0000000008002c48                PROVIDE (__preinit_array_start = .)
 *(.preinit_array*)
                0x0000000008002c48                PROVIDE (__preinit_array_end = .)
                0x0000000008002c48                . = ALIGN (0x4)

.init_array     0x0000000008002c48        0x4
                0x0000000008002c48                . = ALIGN (0x4)
                0x0000000008002c48                PROVIDE (__init_array_start = .)
 *(SORT_BY_NAME(.init_array.*))
 *(.init_array*)
 .init_array    0x0000000008002c48        0x4 c:/st/stm32cubeide_1.5.1/stm32cubeide/plugins/com.st.stm32cube.ide.mcu.externaltools.gnu-tools-for-stm32.9-2020-q2-update.win32_1.5.0.202011040924/tools/bin/../lib/gcc/arm-none-eabi/9.3.1/thumb/v7e-m/nofp/crtbegin.o
                0x0000000008002c4c                PROVIDE (__init_array_end = .)
                0x0000000008002c4c                . = ALIGN (0x4)

.fini_array     0x0000000008002c4c        0x4
                0x0000000008002c4c                . = ALIGN (0x4)
                [!provide]                        PROVIDE (__fini_array_start = .)
 *(SORT_BY_NAME(.fini_array.*))
 *(.fini_array*)
 .fini_array    0x0000000008002c4c        0x4 c:/st/stm32cubeide_1.5.1/stm32cubeide/plugins/com.st.stm32cube.ide.mcu.externaltools.gnu-tools-for-stm32.9-2020-q2-update.win32_1.5.0.202011040924/tools/bin/../lib/gcc/arm-none-eabi/9.3.1/thumb/v7e-m/nofp/crtbegin.o
                [!provide]                        PROVIDE (__fini_array_end = .)
                0x0000000008002c50                . = ALIGN (0x4)
                0x0000000008002c50                _sidata = LOADADDR (.data)

.data           0x0000000020000000       0x78 load address 0x0000000008002c50
                0x0000000020000000                . = ALIGN (0x4)
                0x0000000020000000                _sdata = .
 *(.data)
 *(.data*)
 .data.KEYPAD_INT_Buttons
                0x0000000020000000       0x10 drivers/Src/keypad4x4.o
                0x0000000020000000                KEYPAD_INT_Buttons
 .data.KeypadStatus
                0x0000000020000010        0x1 drivers/Src/keypad4x4.o
 *fill*         0x0000000020000011        0x3 
 .data._impure_ptr
                0x0000000020000014        0x4 c:/st/stm32cubeide_1.5.1/stm32cubeide/plugins/com.st.stm32cube.ide.mcu.externaltools.gnu-tools-for-stm32.9-2020-q2-update.win32_1.5.0.202011040924/tools/bin/../lib/gcc/arm-none-eabi/9.3.1/../../../../arm-none-eabi/lib/thumb/v7e-m/nofp\libc_nano.a(lib_a-impure.o)
                0x0000000020000014                _impure_ptr
 .data.impure_data
                0x0000000020000018       0x60 c:/st/stm32cubeide_1.5.1/stm32cubeide/plugins/com.st.stm32cube.ide.mcu.externaltools.gnu-tools-for-stm32.9-2020-q2-update.win32_1.5.0.202011040924/tools/bin/../lib/gcc/arm-none-eabi/9.3.1/../../../../arm-none-eabi/lib/thumb/v7e-m/nofp\libc_nano.a(lib_a-impure.o)
 *(.RamFunc)
 *(.RamFunc*)
                0x0000000020000078                . = ALIGN (0x4)
                0x0000000020000078                _edata = .

.igot.plt       0x0000000020000078        0x0 load address 0x0000000008002cc8
 .igot.plt      0x0000000020000078        0x0 c:/st/stm32cubeide_1.5.1/stm32cubeide/plugins/com.st.stm32cube.ide.mcu.externaltools.gnu-tools-for-stm32.9-2020-q2-update.win32_1.5.0.202011040924/tools/bin/../lib/gcc/arm-none-eabi/9.3.1/thumb/v7e-m/nofp/crtbegin.o
                0x0000000020000078                . = ALIGN (0x4)

.bss            0x0000000020000078      0x280 load address 0x0000000008002cc8
                0x0000000020000078                _sbss = .
                0x0000000020000078                __bss_start__ = _sbss
 *(.bss)
 .bss           0x0000000020000078       0x1c c:/st/stm32cubeide_1.5.1/stm32cubeide/plugins/com.st.stm32cube.ide.mcu.externaltools.gnu-tools-for-stm32.9-2020-q2-update.win32_1.5.0.202011040924/tools/bin/../lib/gcc/arm-none-eabi/9.3.1/thumb/v7e-m/nofp/crtbegin.o
 *(.bss*)
 .bss.__sbrk_heap_end
                0x0000000020000094        0x4 Src/sysmem.o
 .bss.millis.4618
                0x0000000020000098        0x2 drivers/Src/keypad4x4.o
 .bss.LCD5110_UpdateXmin
                0x000000002000009a        0x1 drivers/Src/lcd5110.o
                0x000000002000009a                LCD5110_UpdateXmin
 .bss.LCD5110_UpdateXmax
                0x000000002000009b        0x1 drivers/Src/lcd5110.o
                0x000000002000009b                LCD5110_UpdateXmax
 .bss.LCD5110_UpdateYmin
                0x000000002000009c        0x1 drivers/Src/lcd5110.o
                0x000000002000009c                LCD5110_UpdateYmin
 .bss.LCD5110_UpdateYmax
                0x000000002000009d        0x1 drivers/Src/lcd5110.o
                0x000000002000009d                LCD5110_UpdateYmax
 *fill*         0x000000002000009e        0x2 
 .bss.__malloc_free_list
                0x00000000200000a0        0x4 c:/st/stm32cubeide_1.5.1/stm32cubeide/plugins/com.st.stm32cube.ide.mcu.externaltools.gnu-tools-for-stm32.9-2020-q2-update.win32_1.5.0.202011040924/tools/bin/../lib/gcc/arm-none-eabi/9.3.1/../../../../arm-none-eabi/lib/thumb/v7e-m/nofp\libc_nano.a(lib_a-nano-mallocr.o)
                0x00000000200000a0                __malloc_free_list
 .bss.__malloc_sbrk_start
                0x00000000200000a4        0x4 c:/st/stm32cubeide_1.5.1/stm32cubeide/plugins/com.st.stm32cube.ide.mcu.externaltools.gnu-tools-for-stm32.9-2020-q2-update.win32_1.5.0.202011040924/tools/bin/../lib/gcc/arm-none-eabi/9.3.1/../../../../arm-none-eabi/lib/thumb/v7e-m/nofp\libc_nano.a(lib_a-nano-mallocr.o)
                0x00000000200000a4                __malloc_sbrk_start
 *(COMMON)
 COMMON         0x00000000200000a8       0x40 Src/main.o
                0x00000000200000a8                SPI1handle
                0x00000000200000c8                SPI2handle
 COMMON         0x00000000200000e8        0x1 drivers/Src/keypad4x4.o
                0x00000000200000e8                TM_KEYPAD_INT_KeypadType
 *fill*         0x00000000200000e9        0x3 
 COMMON         0x00000000200000ec      0x1fc drivers/Src/lcd5110.o
                0x00000000200000ec                LCD5110_x
                0x00000000200000ed                LCD5110_y
                0x00000000200000f0                LCD5110_Buffer
 COMMON         0x00000000200002e8        0x9 c:/st/stm32cubeide_1.5.1/stm32cubeide/plugins/com.st.stm32cube.ide.mcu.externaltools.gnu-tools-for-stm32.9-2020-q2-update.win32_1.5.0.202011040924/tools/bin/../lib/gcc/arm-none-eabi/9.3.1/../../../../arm-none-eabi/lib/thumb/v7e-m/nofp\libc_nano.a(lib_a-lock.o)
                0x00000000200002e8                __lock___atexit_recursive_mutex
                0x00000000200002e9                __lock___arc4random_mutex
                0x00000000200002ea                __lock___env_recursive_mutex
                0x00000000200002eb                __lock___sinit_recursive_mutex
                0x00000000200002ec                __lock___malloc_recursive_mutex
                0x00000000200002ed                __lock___at_quick_exit_mutex
                0x00000000200002ee                __lock___dd_hash_mutex
                0x00000000200002ef                __lock___tz_mutex
                0x00000000200002f0                __lock___sfp_recursive_mutex
 *fill*         0x00000000200002f1        0x3 
 COMMON         0x00000000200002f4        0x4 c:/st/stm32cubeide_1.5.1/stm32cubeide/plugins/com.st.stm32cube.ide.mcu.externaltools.gnu-tools-for-stm32.9-2020-q2-update.win32_1.5.0.202011040924/tools/bin/../lib/gcc/arm-none-eabi/9.3.1/../../../../arm-none-eabi/lib/thumb/v7e-m/nofp\libc_nano.a(lib_a-reent.o)
                0x00000000200002f4                errno
                0x00000000200002f8                . = ALIGN (0x4)
                0x00000000200002f8                _ebss = .
                0x00000000200002f8                __bss_end__ = _ebss

._user_heap_stack
                0x00000000200002f8      0x600 load address 0x0000000008002cc8
                0x00000000200002f8                . = ALIGN (0x8)
                [!provide]                        PROVIDE (end = .)
                0x00000000200002f8                PROVIDE (_end = .)
                0x00000000200004f8                . = (. + _Min_Heap_Size)
 *fill*         0x00000000200002f8      0x200 
                0x00000000200008f8                . = (. + _Min_Stack_Size)
 *fill*         0x00000000200004f8      0x400 
                0x00000000200008f8                . = ALIGN (0x8)

/DISCARD/
 libc.a(*)
 libm.a(*)
 libgcc.a(*)

.ARM.attributes
                0x0000000000000000       0x2a
 *(.ARM.attributes)
 .ARM.attributes
                0x0000000000000000       0x1e c:/st/stm32cubeide_1.5.1/stm32cubeide/plugins/com.st.stm32cube.ide.mcu.externaltools.gnu-tools-for-stm32.9-2020-q2-update.win32_1.5.0.202011040924/tools/bin/../lib/gcc/arm-none-eabi/9.3.1/thumb/v7e-m/nofp/crti.o
 .ARM.attributes
                0x000000000000001e       0x2e c:/st/stm32cubeide_1.5.1/stm32cubeide/plugins/com.st.stm32cube.ide.mcu.externaltools.gnu-tools-for-stm32.9-2020-q2-update.win32_1.5.0.202011040924/tools/bin/../lib/gcc/arm-none-eabi/9.3.1/thumb/v7e-m/nofp/crtbegin.o
 .ARM.attributes
                0x000000000000004c       0x2e Src/main.o
 .ARM.attributes
                0x000000000000007a       0x2e Src/syscalls.o
 .ARM.attributes
                0x00000000000000a8       0x2e Src/sysmem.o
 .ARM.attributes
                0x00000000000000d6       0x21 Startup/startup_stm32f407vgtx.o
 .ARM.attributes
                0x00000000000000f7       0x2e drivers/Src/ade7753.o
 .ARM.attributes
                0x0000000000000125       0x2e drivers/Src/keypad4x4.o
 .ARM.attributes
                0x0000000000000153       0x2e drivers/Src/lcd5110.o
 .ARM.attributes
                0x0000000000000181       0x2e drivers/Src/stm32f4xx_gpio_driver.o
 .ARM.attributes
                0x00000000000001af       0x2e drivers/Src/stm32f4xx_spi_driver.o
 .ARM.attributes
                0x00000000000001dd       0x2e c:/st/stm32cubeide_1.5.1/stm32cubeide/plugins/com.st.stm32cube.ide.mcu.externaltools.gnu-tools-for-stm32.9-2020-q2-update.win32_1.5.0.202011040924/tools/bin/../lib/gcc/arm-none-eabi/9.3.1/../../../../arm-none-eabi/lib/thumb/v7e-m/nofp\libc_nano.a(lib_a-errno.o)
 .ARM.attributes
                0x000000000000020b       0x2e c:/st/stm32cubeide_1.5.1/stm32cubeide/plugins/com.st.stm32cube.ide.mcu.externaltools.gnu-tools-for-stm32.9-2020-q2-update.win32_1.5.0.202011040924/tools/bin/../lib/gcc/arm-none-eabi/9.3.1/../../../../arm-none-eabi/lib/thumb/v7e-m/nofp\libc_nano.a(lib_a-impure.o)
 .ARM.attributes
                0x0000000000000239       0x2e c:/st/stm32cubeide_1.5.1/stm32cubeide/plugins/com.st.stm32cube.ide.mcu.externaltools.gnu-tools-for-stm32.9-2020-q2-update.win32_1.5.0.202011040924/tools/bin/../lib/gcc/arm-none-eabi/9.3.1/../../../../arm-none-eabi/lib/thumb/v7e-m/nofp\libc_nano.a(lib_a-init.o)
 .ARM.attributes
                0x0000000000000267       0x2e c:/st/stm32cubeide_1.5.1/stm32cubeide/plugins/com.st.stm32cube.ide.mcu.externaltools.gnu-tools-for-stm32.9-2020-q2-update.win32_1.5.0.202011040924/tools/bin/../lib/gcc/arm-none-eabi/9.3.1/../../../../arm-none-eabi/lib/thumb/v7e-m/nofp\libc_nano.a(lib_a-memset.o)
 .ARM.attributes
                0x0000000000000295       0x2e c:/st/stm32cubeide_1.5.1/stm32cubeide/plugins/com.st.stm32cube.ide.mcu.externaltools.gnu-tools-for-stm32.9-2020-q2-update.win32_1.5.0.202011040924/tools/bin/../lib/gcc/arm-none-eabi/9.3.1/../../../../arm-none-eabi/lib/thumb/v7e-m/nofp\libc_nano.a(lib_a-printf.o)
 .ARM.attributes
                0x00000000000002c3       0x2e c:/st/stm32cubeide_1.5.1/stm32cubeide/plugins/com.st.stm32cube.ide.mcu.externaltools.gnu-tools-for-stm32.9-2020-q2-update.win32_1.5.0.202011040924/tools/bin/../lib/gcc/arm-none-eabi/9.3.1/../../../../arm-none-eabi/lib/thumb/v7e-m/nofp\libc_nano.a(lib_a-findfp.o)
 .ARM.attributes
                0x00000000000002f1       0x2e c:/st/stm32cubeide_1.5.1/stm32cubeide/plugins/com.st.stm32cube.ide.mcu.externaltools.gnu-tools-for-stm32.9-2020-q2-update.win32_1.5.0.202011040924/tools/bin/../lib/gcc/arm-none-eabi/9.3.1/../../../../arm-none-eabi/lib/thumb/v7e-m/nofp\libc_nano.a(lib_a-fwalk.o)
 .ARM.attributes
                0x000000000000031f       0x2e c:/st/stm32cubeide_1.5.1/stm32cubeide/plugins/com.st.stm32cube.ide.mcu.externaltools.gnu-tools-for-stm32.9-2020-q2-update.win32_1.5.0.202011040924/tools/bin/../lib/gcc/arm-none-eabi/9.3.1/../../../../arm-none-eabi/lib/thumb/v7e-m/nofp\libc_nano.a(lib_a-lock.o)
 .ARM.attributes
                0x000000000000034d       0x2e c:/st/stm32cubeide_1.5.1/stm32cubeide/plugins/com.st.stm32cube.ide.mcu.externaltools.gnu-tools-for-stm32.9-2020-q2-update.win32_1.5.0.202011040924/tools/bin/../lib/gcc/arm-none-eabi/9.3.1/../../../../arm-none-eabi/lib/thumb/v7e-m/nofp\libc_nano.a(lib_a-nano-mallocr.o)
 .ARM.attributes
                0x000000000000037b       0x2e c:/st/stm32cubeide_1.5.1/stm32cubeide/plugins/com.st.stm32cube.ide.mcu.externaltools.gnu-tools-for-stm32.9-2020-q2-update.win32_1.5.0.202011040924/tools/bin/../lib/gcc/arm-none-eabi/9.3.1/../../../../arm-none-eabi/lib/thumb/v7e-m/nofp\libc_nano.a(lib_a-nano-vfprintf.o)
 .ARM.attributes
                0x00000000000003a9       0x2e c:/st/stm32cubeide_1.5.1/stm32cubeide/plugins/com.st.stm32cube.ide.mcu.externaltools.gnu-tools-for-stm32.9-2020-q2-update.win32_1.5.0.202011040924/tools/bin/../lib/gcc/arm-none-eabi/9.3.1/../../../../arm-none-eabi/lib/thumb/v7e-m/nofp\libc_nano.a(lib_a-nano-vfprintf_i.o)
 .ARM.attributes
                0x00000000000003d7       0x2e c:/st/stm32cubeide_1.5.1/stm32cubeide/plugins/com.st.stm32cube.ide.mcu.externaltools.gnu-tools-for-stm32.9-2020-q2-update.win32_1.5.0.202011040924/tools/bin/../lib/gcc/arm-none-eabi/9.3.1/../../../../arm-none-eabi/lib/thumb/v7e-m/nofp\libc_nano.a(lib_a-sbrkr.o)
 .ARM.attributes
                0x0000000000000405       0x2e c:/st/stm32cubeide_1.5.1/stm32cubeide/plugins/com.st.stm32cube.ide.mcu.externaltools.gnu-tools-for-stm32.9-2020-q2-update.win32_1.5.0.202011040924/tools/bin/../lib/gcc/arm-none-eabi/9.3.1/../../../../arm-none-eabi/lib/thumb/v7e-m/nofp\libc_nano.a(lib_a-stdio.o)
 .ARM.attributes
                0x0000000000000433       0x2e c:/st/stm32cubeide_1.5.1/stm32cubeide/plugins/com.st.stm32cube.ide.mcu.externaltools.gnu-tools-for-stm32.9-2020-q2-update.win32_1.5.0.202011040924/tools/bin/../lib/gcc/arm-none-eabi/9.3.1/../../../../arm-none-eabi/lib/thumb/v7e-m/nofp\libc_nano.a(lib_a-wbuf.o)
 .ARM.attributes
                0x0000000000000461       0x2e c:/st/stm32cubeide_1.5.1/stm32cubeide/plugins/com.st.stm32cube.ide.mcu.externaltools.gnu-tools-for-stm32.9-2020-q2-update.win32_1.5.0.202011040924/tools/bin/../lib/gcc/arm-none-eabi/9.3.1/../../../../arm-none-eabi/lib/thumb/v7e-m/nofp\libc_nano.a(lib_a-writer.o)
 .ARM.attributes
                0x000000000000048f       0x2e c:/st/stm32cubeide_1.5.1/stm32cubeide/plugins/com.st.stm32cube.ide.mcu.externaltools.gnu-tools-for-stm32.9-2020-q2-update.win32_1.5.0.202011040924/tools/bin/../lib/gcc/arm-none-eabi/9.3.1/../../../../arm-none-eabi/lib/thumb/v7e-m/nofp\libc_nano.a(lib_a-wsetup.o)
 .ARM.attributes
                0x00000000000004bd       0x2e c:/st/stm32cubeide_1.5.1/stm32cubeide/plugins/com.st.stm32cube.ide.mcu.externaltools.gnu-tools-for-stm32.9-2020-q2-update.win32_1.5.0.202011040924/tools/bin/../lib/gcc/arm-none-eabi/9.3.1/../../../../arm-none-eabi/lib/thumb/v7e-m/nofp\libc_nano.a(lib_a-closer.o)
 .ARM.attributes
                0x00000000000004eb       0x2e c:/st/stm32cubeide_1.5.1/stm32cubeide/plugins/com.st.stm32cube.ide.mcu.externaltools.gnu-tools-for-stm32.9-2020-q2-update.win32_1.5.0.202011040924/tools/bin/../lib/gcc/arm-none-eabi/9.3.1/../../../../arm-none-eabi/lib/thumb/v7e-m/nofp\libc_nano.a(lib_a-fflush.o)
 .ARM.attributes
                0x0000000000000519       0x2e c:/st/stm32cubeide_1.5.1/stm32cubeide/plugins/com.st.stm32cube.ide.mcu.externaltools.gnu-tools-for-stm32.9-2020-q2-update.win32_1.5.0.202011040924/tools/bin/../lib/gcc/arm-none-eabi/9.3.1/../../../../arm-none-eabi/lib/thumb/v7e-m/nofp\libc_nano.a(lib_a-lseekr.o)
 .ARM.attributes
                0x0000000000000547       0x2e c:/st/stm32cubeide_1.5.1/stm32cubeide/plugins/com.st.stm32cube.ide.mcu.externaltools.gnu-tools-for-stm32.9-2020-q2-update.win32_1.5.0.202011040924/tools/bin/../lib/gcc/arm-none-eabi/9.3.1/../../../../arm-none-eabi/lib/thumb/v7e-m/nofp\libc_nano.a(lib_a-makebuf.o)
 .ARM.attributes
                0x0000000000000575       0x1c c:/st/stm32cubeide_1.5.1/stm32cubeide/plugins/com.st.stm32cube.ide.mcu.externaltools.gnu-tools-for-stm32.9-2020-q2-update.win32_1.5.0.202011040924/tools/bin/../lib/gcc/arm-none-eabi/9.3.1/../../../../arm-none-eabi/lib/thumb/v7e-m/nofp\libc_nano.a(lib_a-memchr.o)
 .ARM.attributes
                0x0000000000000591       0x2e c:/st/stm32cubeide_1.5.1/stm32cubeide/plugins/com.st.stm32cube.ide.mcu.externaltools.gnu-tools-for-stm32.9-2020-q2-update.win32_1.5.0.202011040924/tools/bin/../lib/gcc/arm-none-eabi/9.3.1/../../../../arm-none-eabi/lib/thumb/v7e-m/nofp\libc_nano.a(lib_a-mlock.o)
 .ARM.attributes
                0x00000000000005bf       0x2e c:/st/stm32cubeide_1.5.1/stm32cubeide/plugins/com.st.stm32cube.ide.mcu.externaltools.gnu-tools-for-stm32.9-2020-q2-update.win32_1.5.0.202011040924/tools/bin/../lib/gcc/arm-none-eabi/9.3.1/../../../../arm-none-eabi/lib/thumb/v7e-m/nofp\libc_nano.a(lib_a-nano-freer.o)
 .ARM.attributes
                0x00000000000005ed       0x2e c:/st/stm32cubeide_1.5.1/stm32cubeide/plugins/com.st.stm32cube.ide.mcu.externaltools.gnu-tools-for-stm32.9-2020-q2-update.win32_1.5.0.202011040924/tools/bin/../lib/gcc/arm-none-eabi/9.3.1/../../../../arm-none-eabi/lib/thumb/v7e-m/nofp\libc_nano.a(lib_a-readr.o)
 .ARM.attributes
                0x000000000000061b       0x2e c:/st/stm32cubeide_1.5.1/stm32cubeide/plugins/com.st.stm32cube.ide.mcu.externaltools.gnu-tools-for-stm32.9-2020-q2-update.win32_1.5.0.202011040924/tools/bin/../lib/gcc/arm-none-eabi/9.3.1/../../../../arm-none-eabi/lib/thumb/v7e-m/nofp\libc_nano.a(lib_a-reent.o)
 .ARM.attributes
                0x0000000000000649       0x2e c:/st/stm32cubeide_1.5.1/stm32cubeide/plugins/com.st.stm32cube.ide.mcu.externaltools.gnu-tools-for-stm32.9-2020-q2-update.win32_1.5.0.202011040924/tools/bin/../lib/gcc/arm-none-eabi/9.3.1/../../../../arm-none-eabi/lib/thumb/v7e-m/nofp\libc_nano.a(lib_a-fstatr.o)
 .ARM.attributes
                0x0000000000000677       0x2e c:/st/stm32cubeide_1.5.1/stm32cubeide/plugins/com.st.stm32cube.ide.mcu.externaltools.gnu-tools-for-stm32.9-2020-q2-update.win32_1.5.0.202011040924/tools/bin/../lib/gcc/arm-none-eabi/9.3.1/../../../../arm-none-eabi/lib/thumb/v7e-m/nofp\libc_nano.a(lib_a-isattyr.o)
 .ARM.attributes
                0x00000000000006a5       0x1e c:/st/stm32cubeide_1.5.1/stm32cubeide/plugins/com.st.stm32cube.ide.mcu.externaltools.gnu-tools-for-stm32.9-2020-q2-update.win32_1.5.0.202011040924/tools/bin/../lib/gcc/arm-none-eabi/9.3.1/thumb/v7e-m/nofp/crtn.o
OUTPUT(000Hello.elf elf32-littlearm)
LOAD linker stubs
LOAD c:/st/stm32cubeide_1.5.1/stm32cubeide/plugins/com.st.stm32cube.ide.mcu.externaltools.gnu-tools-for-stm32.9-2020-q2-update.win32_1.5.0.202011040924/tools/bin/../lib/gcc/arm-none-eabi/9.3.1/../../../../arm-none-eabi/lib/thumb/v7e-m/nofp\libc.a
LOAD c:/st/stm32cubeide_1.5.1/stm32cubeide/plugins/com.st.stm32cube.ide.mcu.externaltools.gnu-tools-for-stm32.9-2020-q2-update.win32_1.5.0.202011040924/tools/bin/../lib/gcc/arm-none-eabi/9.3.1/../../../../arm-none-eabi/lib/thumb/v7e-m/nofp\libm.a
LOAD c:/st/stm32cubeide_1.5.1/stm32cubeide/plugins/com.st.stm32cube.ide.mcu.externaltools.gnu-tools-for-stm32.9-2020-q2-update.win32_1.5.0.202011040924/tools/bin/../lib/gcc/arm-none-eabi/9.3.1/thumb/v7e-m/nofp\libgcc.a

.debug_info     0x0000000000000000     0x40e7
 .debug_info    0x0000000000000000      0x415 Src/main.o
 .debug_info    0x0000000000000415      0xff9 Src/syscalls.o
 .debug_info    0x000000000000140e      0xa25 Src/sysmem.o
 .debug_info    0x0000000000001e33       0x22 Startup/startup_stm32f407vgtx.o
 .debug_info    0x0000000000001e55      0x546 drivers/Src/ade7753.o
 .debug_info    0x000000000000239b      0x3ff drivers/Src/keypad4x4.o
 .debug_info    0x000000000000279a      0x8f2 drivers/Src/lcd5110.o
 .debug_info    0x000000000000308c      0x77b drivers/Src/stm32f4xx_gpio_driver.o
 .debug_info    0x0000000000003807      0x8e0 drivers/Src/stm32f4xx_spi_driver.o

.debug_abbrev   0x0000000000000000      0xde4
 .debug_abbrev  0x0000000000000000      0x18f Src/main.o
 .debug_abbrev  0x000000000000018f      0x2b1 Src/syscalls.o
 .debug_abbrev  0x0000000000000440      0x1bf Src/sysmem.o
 .debug_abbrev  0x00000000000005ff       0x12 Startup/startup_stm32f407vgtx.o
 .debug_abbrev  0x0000000000000611      0x172 drivers/Src/ade7753.o
 .debug_abbrev  0x0000000000000783      0x152 drivers/Src/keypad4x4.o
 .debug_abbrev  0x00000000000008d5      0x1a9 drivers/Src/lcd5110.o
 .debug_abbrev  0x0000000000000a7e      0x173 drivers/Src/stm32f4xx_gpio_driver.o
 .debug_abbrev  0x0000000000000bf1      0x1f3 drivers/Src/stm32f4xx_spi_driver.o

.debug_aranges  0x0000000000000000      0x3a0
 .debug_aranges
                0x0000000000000000       0x40 Src/main.o
 .debug_aranges
                0x0000000000000040       0xb0 Src/syscalls.o
 .debug_aranges
                0x00000000000000f0       0x20 Src/sysmem.o
 .debug_aranges
                0x0000000000000110       0x28 Startup/startup_stm32f407vgtx.o
 .debug_aranges
                0x0000000000000138       0x50 drivers/Src/ade7753.o
 .debug_aranges
                0x0000000000000188       0x48 drivers/Src/keypad4x4.o
 .debug_aranges
                0x00000000000001d0       0xa0 drivers/Src/lcd5110.o
 .debug_aranges
                0x0000000000000270       0x70 drivers/Src/stm32f4xx_gpio_driver.o
 .debug_aranges
                0x00000000000002e0       0xc0 drivers/Src/stm32f4xx_spi_driver.o

.debug_ranges   0x0000000000000000      0x318
 .debug_ranges  0x0000000000000000       0x30 Src/main.o
 .debug_ranges  0x0000000000000030       0xa0 Src/syscalls.o
 .debug_ranges  0x00000000000000d0       0x10 Src/sysmem.o
 .debug_ranges  0x00000000000000e0       0x20 Startup/startup_stm32f407vgtx.o
 .debug_ranges  0x0000000000000100       0x40 drivers/Src/ade7753.o
 .debug_ranges  0x0000000000000140       0x38 drivers/Src/keypad4x4.o
 .debug_ranges  0x0000000000000178       0x90 drivers/Src/lcd5110.o
 .debug_ranges  0x0000000000000208       0x60 drivers/Src/stm32f4xx_gpio_driver.o
 .debug_ranges  0x0000000000000268       0xb0 drivers/Src/stm32f4xx_spi_driver.o

.debug_macro    0x0000000000000000     0x3d4e
 .debug_macro   0x0000000000000000       0xe0 Src/main.o
 .debug_macro   0x00000000000000e0      0xaa8 Src/main.o
 .debug_macro   0x0000000000000b88       0x16 Src/main.o
 .debug_macro   0x0000000000000b9e      0x174 Src/main.o
 .debug_macro   0x0000000000000d12       0x22 Src/main.o
 .debug_macro   0x0000000000000d34       0x8e Src/main.o
 .debug_macro   0x0000000000000dc2       0x51 Src/main.o
 .debug_macro   0x0000000000000e13      0x103 Src/main.o
 .debug_macro   0x0000000000000f16       0x6a Src/main.o
 .debug_macro   0x0000000000000f80      0x1df Src/main.o
 .debug_macro   0x000000000000115f      0x709 Src/main.o
 .debug_macro   0x0000000000001868       0xc4 Src/main.o
 .debug_macro   0x000000000000192c       0xc4 Src/main.o
 .debug_macro   0x00000000000019f0      0x108 Src/main.o
 .debug_macro   0x0000000000001af8       0xd6 Src/main.o
 .debug_macro   0x0000000000001bce       0xd1 Src/main.o
 .debug_macro   0x0000000000001c9f       0x76 Src/main.o
 .debug_macro   0x0000000000001d15      0x130 Src/main.o
 .debug_macro   0x0000000000001e45      0x25e Src/syscalls.o
 .debug_macro   0x00000000000020a3       0x4c Src/syscalls.o
 .debug_macro   0x00000000000020ef       0x18 Src/syscalls.o
 .debug_macro   0x0000000000002107       0x94 Src/syscalls.o
 .debug_macro   0x000000000000219b       0x3c Src/syscalls.o
 .debug_macro   0x00000000000021d7       0x34 Src/syscalls.o
 .debug_macro   0x000000000000220b       0x57 Src/syscalls.o
 .debug_macro   0x0000000000002262      0x339 Src/syscalls.o
 .debug_macro   0x000000000000259b       0x16 Src/syscalls.o
 .debug_macro   0x00000000000025b1       0x43 Src/syscalls.o
 .debug_macro   0x00000000000025f4       0x34 Src/syscalls.o
 .debug_macro   0x0000000000002628       0x10 Src/syscalls.o
 .debug_macro   0x0000000000002638       0x58 Src/syscalls.o
 .debug_macro   0x0000000000002690       0x71 Src/syscalls.o
 .debug_macro   0x0000000000002701       0x1c Src/syscalls.o
 .debug_macro   0x000000000000271d      0x12a Src/syscalls.o
 .debug_macro   0x0000000000002847       0x10 Src/syscalls.o
 .debug_macro   0x0000000000002857       0x35 Src/syscalls.o
 .debug_macro   0x000000000000288c       0x10 Src/syscalls.o
 .debug_macro   0x000000000000289c       0x10 Src/syscalls.o
 .debug_macro   0x00000000000028ac       0x10 Src/syscalls.o
 .debug_macro   0x00000000000028bc       0x1c Src/syscalls.o
 .debug_macro   0x00000000000028d8       0x52 Src/syscalls.o
 .debug_macro   0x000000000000292a       0x22 Src/syscalls.o
 .debug_macro   0x000000000000294c       0x10 Src/syscalls.o
 .debug_macro   0x000000000000295c       0x40 Src/syscalls.o
 .debug_macro   0x000000000000299c       0xd5 Src/syscalls.o
 .debug_macro   0x0000000000002a71       0x1c Src/syscalls.o
 .debug_macro   0x0000000000002a8d       0x3d Src/syscalls.o
 .debug_macro   0x0000000000002aca       0x35 Src/syscalls.o
 .debug_macro   0x0000000000002aff      0x12c Src/syscalls.o
 .debug_macro   0x0000000000002c2b       0x16 Src/syscalls.o
 .debug_macro   0x0000000000002c41       0x16 Src/syscalls.o
 .debug_macro   0x0000000000002c57       0x29 Src/syscalls.o
 .debug_macro   0x0000000000002c80       0x10 Src/syscalls.o
 .debug_macro   0x0000000000002c90      0x241 Src/syscalls.o
 .debug_macro   0x0000000000002ed1       0x1c Src/syscalls.o
 .debug_macro   0x0000000000002eed       0x10 Src/syscalls.o
 .debug_macro   0x0000000000002efd       0x10 Src/syscalls.o
 .debug_macro   0x0000000000002f0d       0x16 Src/syscalls.o
 .debug_macro   0x0000000000002f23      0x145 Src/syscalls.o
 .debug_macro   0x0000000000003068      0x189 Src/syscalls.o
 .debug_macro   0x00000000000031f1       0x16 Src/syscalls.o
 .debug_macro   0x0000000000003207       0xce Src/syscalls.o
 .debug_macro   0x00000000000032d5       0xff Src/sysmem.o
 .debug_macro   0x00000000000033d4      0x23b Src/sysmem.o
 .debug_macro   0x000000000000360f       0xc6 drivers/Src/ade7753.o
 .debug_macro   0x00000000000036d5      0x12a drivers/Src/ade7753.o
 .debug_macro   0x00000000000037ff      0x10e drivers/Src/keypad4x4.o
 .debug_macro   0x000000000000390d       0x70 drivers/Src/keypad4x4.o
 .debug_macro   0x000000000000397d       0xc6 drivers/Src/lcd5110.o
 .debug_macro   0x0000000000003a43       0xcb drivers/Src/lcd5110.o
 .debug_macro   0x0000000000003b0e       0xc1 drivers/Src/stm32f4xx_gpio_driver.o
 .debug_macro   0x0000000000003bcf       0xbe drivers/Src/stm32f4xx_gpio_driver.o
 .debug_macro   0x0000000000003c8d       0xc1 drivers/Src/stm32f4xx_spi_driver.o

.debug_line     0x0000000000000000     0x3b17
 .debug_line    0x0000000000000000      0x5da Src/main.o
 .debug_line    0x00000000000005da      0x830 Src/syscalls.o
 .debug_line    0x0000000000000e0a      0x4f3 Src/sysmem.o
 .debug_line    0x00000000000012fd       0x84 Startup/startup_stm32f407vgtx.o
 .debug_line    0x0000000000001381      0x5de drivers/Src/ade7753.o
 .debug_line    0x000000000000195f      0x5fb drivers/Src/keypad4x4.o
 .debug_line    0x0000000000001f5a      0x82b drivers/Src/lcd5110.o
 .debug_line    0x0000000000002785      0x9ef drivers/Src/stm32f4xx_gpio_driver.o
 .debug_line    0x0000000000003174      0x9a3 drivers/Src/stm32f4xx_spi_driver.o

.debug_str      0x0000000000000000     0xdc16
 .debug_str     0x0000000000000000     0x7327 Src/main.o
                                       0x752e (size before relaxing)
 .debug_str     0x0000000000007327     0x585a Src/syscalls.o
                                       0x8f5d (size before relaxing)
 .debug_str     0x000000000000cb81       0x66 Src/sysmem.o
                                       0x626b (size before relaxing)
 .debug_str     0x000000000000cbe7       0x31 Startup/startup_stm32f407vgtx.o
                                         0x61 (size before relaxing)
 .debug_str     0x000000000000cc18      0x1a0 drivers/Src/ade7753.o
                                       0x7031 (size before relaxing)
 .debug_str     0x000000000000cdb8      0x703 drivers/Src/keypad4x4.o
                                       0x74e3 (size before relaxing)
 .debug_str     0x000000000000d4bb      0x2d4 drivers/Src/lcd5110.o
                                       0x736e (size before relaxing)
 .debug_str     0x000000000000d78f      0x29f drivers/Src/stm32f4xx_gpio_driver.o
                                       0x6e89 (size before relaxing)
 .debug_str     0x000000000000da2e      0x1e8 drivers/Src/stm32f4xx_spi_driver.o
                                       0x6f1c (size before relaxing)

.comment        0x0000000000000000       0x53
 .comment       0x0000000000000000       0x53 Src/main.o
                                         0x54 (size before relaxing)
 .comment       0x0000000000000053       0x54 Src/syscalls.o
 .comment       0x0000000000000053       0x54 Src/sysmem.o
 .comment       0x0000000000000053       0x54 drivers/Src/ade7753.o
 .comment       0x0000000000000053       0x54 drivers/Src/keypad4x4.o
 .comment       0x0000000000000053       0x54 drivers/Src/lcd5110.o
 .comment       0x0000000000000053       0x54 drivers/Src/stm32f4xx_gpio_driver.o
 .comment       0x0000000000000053       0x54 drivers/Src/stm32f4xx_spi_driver.o

.debug_frame    0x0000000000000000     0x1520
 .debug_frame   0x0000000000000000       0xc4 Src/main.o
 .debug_frame   0x00000000000000c4      0x2d4 Src/syscalls.o
 .debug_frame   0x0000000000000398       0x34 Src/sysmem.o
 .debug_frame   0x00000000000003cc       0xf4 drivers/Src/ade7753.o
 .debug_frame   0x00000000000004c0       0xe4 drivers/Src/keypad4x4.o
 .debug_frame   0x00000000000005a4      0x270 drivers/Src/lcd5110.o
 .debug_frame   0x0000000000000814      0x1c8 drivers/Src/stm32f4xx_gpio_driver.o
 .debug_frame   0x00000000000009dc      0x338 drivers/Src/stm32f4xx_spi_driver.o
 .debug_frame   0x0000000000000d14       0x20 c:/st/stm32cubeide_1.5.1/stm32cubeide/plugins/com.st.stm32cube.ide.mcu.externaltools.gnu-tools-for-stm32.9-2020-q2-update.win32_1.5.0.202011040924/tools/bin/../lib/gcc/arm-none-eabi/9.3.1/../../../../arm-none-eabi/lib/thumb/v7e-m/nofp\libc_nano.a(lib_a-errno.o)
 .debug_frame   0x0000000000000d34       0x2c c:/st/stm32cubeide_1.5.1/stm32cubeide/plugins/com.st.stm32cube.ide.mcu.externaltools.gnu-tools-for-stm32.9-2020-q2-update.win32_1.5.0.202011040924/tools/bin/../lib/gcc/arm-none-eabi/9.3.1/../../../../arm-none-eabi/lib/thumb/v7e-m/nofp\libc_nano.a(lib_a-init.o)
 .debug_frame   0x0000000000000d60       0x20 c:/st/stm32cubeide_1.5.1/stm32cubeide/plugins/com.st.stm32cube.ide.mcu.externaltools.gnu-tools-for-stm32.9-2020-q2-update.win32_1.5.0.202011040924/tools/bin/../lib/gcc/arm-none-eabi/9.3.1/../../../../arm-none-eabi/lib/thumb/v7e-m/nofp\libc_nano.a(lib_a-memset.o)
 .debug_frame   0x0000000000000d80       0x74 c:/st/stm32cubeide_1.5.1/stm32cubeide/plugins/com.st.stm32cube.ide.mcu.externaltools.gnu-tools-for-stm32.9-2020-q2-update.win32_1.5.0.202011040924/tools/bin/../lib/gcc/arm-none-eabi/9.3.1/../../../../arm-none-eabi/lib/thumb/v7e-m/nofp\libc_nano.a(lib_a-printf.o)
 .debug_frame   0x0000000000000df4      0x14c c:/st/stm32cubeide_1.5.1/stm32cubeide/plugins/com.st.stm32cube.ide.mcu.externaltools.gnu-tools-for-stm32.9-2020-q2-update.win32_1.5.0.202011040924/tools/bin/../lib/gcc/arm-none-eabi/9.3.1/../../../../arm-none-eabi/lib/thumb/v7e-m/nofp\libc_nano.a(lib_a-findfp.o)
 .debug_frame   0x0000000000000f40       0x54 c:/st/stm32cubeide_1.5.1/stm32cubeide/plugins/com.st.stm32cube.ide.mcu.externaltools.gnu-tools-for-stm32.9-2020-q2-update.win32_1.5.0.202011040924/tools/bin/../lib/gcc/arm-none-eabi/9.3.1/../../../../arm-none-eabi/lib/thumb/v7e-m/nofp\libc_nano.a(lib_a-fwalk.o)
 .debug_frame   0x0000000000000f94       0xb0 c:/st/stm32cubeide_1.5.1/stm32cubeide/plugins/com.st.stm32cube.ide.mcu.externaltools.gnu-tools-for-stm32.9-2020-q2-update.win32_1.5.0.202011040924/tools/bin/../lib/gcc/arm-none-eabi/9.3.1/../../../../arm-none-eabi/lib/thumb/v7e-m/nofp\libc_nano.a(lib_a-lock.o)
 .debug_frame   0x0000000000001044       0x30 c:/st/stm32cubeide_1.5.1/stm32cubeide/plugins/com.st.stm32cube.ide.mcu.externaltools.gnu-tools-for-stm32.9-2020-q2-update.win32_1.5.0.202011040924/tools/bin/../lib/gcc/arm-none-eabi/9.3.1/../../../../arm-none-eabi/lib/thumb/v7e-m/nofp\libc_nano.a(lib_a-nano-mallocr.o)
 .debug_frame   0x0000000000001074       0xac c:/st/stm32cubeide_1.5.1/stm32cubeide/plugins/com.st.stm32cube.ide.mcu.externaltools.gnu-tools-for-stm32.9-2020-q2-update.win32_1.5.0.202011040924/tools/bin/../lib/gcc/arm-none-eabi/9.3.1/../../../../arm-none-eabi/lib/thumb/v7e-m/nofp\libc_nano.a(lib_a-nano-vfprintf.o)
 .debug_frame   0x0000000000001120       0x60 c:/st/stm32cubeide_1.5.1/stm32cubeide/plugins/com.st.stm32cube.ide.mcu.externaltools.gnu-tools-for-stm32.9-2020-q2-update.win32_1.5.0.202011040924/tools/bin/../lib/gcc/arm-none-eabi/9.3.1/../../../../arm-none-eabi/lib/thumb/v7e-m/nofp\libc_nano.a(lib_a-nano-vfprintf_i.o)
 .debug_frame   0x0000000000001180       0x2c c:/st/stm32cubeide_1.5.1/stm32cubeide/plugins/com.st.stm32cube.ide.mcu.externaltools.gnu-tools-for-stm32.9-2020-q2-update.win32_1.5.0.202011040924/tools/bin/../lib/gcc/arm-none-eabi/9.3.1/../../../../arm-none-eabi/lib/thumb/v7e-m/nofp\libc_nano.a(lib_a-sbrkr.o)
 .debug_frame   0x00000000000011ac       0x88 c:/st/stm32cubeide_1.5.1/stm32cubeide/plugins/com.st.stm32cube.ide.mcu.externaltools.gnu-tools-for-stm32.9-2020-q2-update.win32_1.5.0.202011040924/tools/bin/../lib/gcc/arm-none-eabi/9.3.1/../../../../arm-none-eabi/lib/thumb/v7e-m/nofp\libc_nano.a(lib_a-stdio.o)
 .debug_frame   0x0000000000001234       0x40 c:/st/stm32cubeide_1.5.1/stm32cubeide/plugins/com.st.stm32cube.ide.mcu.externaltools.gnu-tools-for-stm32.9-2020-q2-update.win32_1.5.0.202011040924/tools/bin/../lib/gcc/arm-none-eabi/9.3.1/../../../../arm-none-eabi/lib/thumb/v7e-m/nofp\libc_nano.a(lib_a-wbuf.o)
 .debug_frame   0x0000000000001274       0x2c c:/st/stm32cubeide_1.5.1/stm32cubeide/plugins/com.st.stm32cube.ide.mcu.externaltools.gnu-tools-for-stm32.9-2020-q2-update.win32_1.5.0.202011040924/tools/bin/../lib/gcc/arm-none-eabi/9.3.1/../../../../arm-none-eabi/lib/thumb/v7e-m/nofp\libc_nano.a(lib_a-writer.o)
 .debug_frame   0x00000000000012a0       0x2c c:/st/stm32cubeide_1.5.1/stm32cubeide/plugins/com.st.stm32cube.ide.mcu.externaltools.gnu-tools-for-stm32.9-2020-q2-update.win32_1.5.0.202011040924/tools/bin/../lib/gcc/arm-none-eabi/9.3.1/../../../../arm-none-eabi/lib/thumb/v7e-m/nofp\libc_nano.a(lib_a-wsetup.o)
 .debug_frame   0x00000000000012cc       0x2c c:/st/stm32cubeide_1.5.1/stm32cubeide/plugins/com.st.stm32cube.ide.mcu.externaltools.gnu-tools-for-stm32.9-2020-q2-update.win32_1.5.0.202011040924/tools/bin/../lib/gcc/arm-none-eabi/9.3.1/../../../../arm-none-eabi/lib/thumb/v7e-m/nofp\libc_nano.a(lib_a-closer.o)
 .debug_frame   0x00000000000012f8       0x5c c:/st/stm32cubeide_1.5.1/stm32cubeide/plugins/com.st.stm32cube.ide.mcu.externaltools.gnu-tools-for-stm32.9-2020-q2-update.win32_1.5.0.202011040924/tools/bin/../lib/gcc/arm-none-eabi/9.3.1/../../../../arm-none-eabi/lib/thumb/v7e-m/nofp\libc_nano.a(lib_a-fflush.o)
 .debug_frame   0x0000000000001354       0x2c c:/st/stm32cubeide_1.5.1/stm32cubeide/plugins/com.st.stm32cube.ide.mcu.externaltools.gnu-tools-for-stm32.9-2020-q2-update.win32_1.5.0.202011040924/tools/bin/../lib/gcc/arm-none-eabi/9.3.1/../../../../arm-none-eabi/lib/thumb/v7e-m/nofp\libc_nano.a(lib_a-lseekr.o)
 .debug_frame   0x0000000000001380       0x58 c:/st/stm32cubeide_1.5.1/stm32cubeide/plugins/com.st.stm32cube.ide.mcu.externaltools.gnu-tools-for-stm32.9-2020-q2-update.win32_1.5.0.202011040924/tools/bin/../lib/gcc/arm-none-eabi/9.3.1/../../../../arm-none-eabi/lib/thumb/v7e-m/nofp\libc_nano.a(lib_a-makebuf.o)
 .debug_frame   0x00000000000013d8       0x30 c:/st/stm32cubeide_1.5.1/stm32cubeide/plugins/com.st.stm32cube.ide.mcu.externaltools.gnu-tools-for-stm32.9-2020-q2-update.win32_1.5.0.202011040924/tools/bin/../lib/gcc/arm-none-eabi/9.3.1/../../../../arm-none-eabi/lib/thumb/v7e-m/nofp\libc_nano.a(lib_a-mlock.o)
 .debug_frame   0x0000000000001408       0x38 c:/st/stm32cubeide_1.5.1/stm32cubeide/plugins/com.st.stm32cube.ide.mcu.externaltools.gnu-tools-for-stm32.9-2020-q2-update.win32_1.5.0.202011040924/tools/bin/../lib/gcc/arm-none-eabi/9.3.1/../../../../arm-none-eabi/lib/thumb/v7e-m/nofp\libc_nano.a(lib_a-nano-freer.o)
 .debug_frame   0x0000000000001440       0x2c c:/st/stm32cubeide_1.5.1/stm32cubeide/plugins/com.st.stm32cube.ide.mcu.externaltools.gnu-tools-for-stm32.9-2020-q2-update.win32_1.5.0.202011040924/tools/bin/../lib/gcc/arm-none-eabi/9.3.1/../../../../arm-none-eabi/lib/thumb/v7e-m/nofp\libc_nano.a(lib_a-readr.o)
 .debug_frame   0x000000000000146c       0x5c c:/st/stm32cubeide_1.5.1/stm32cubeide/plugins/com.st.stm32cube.ide.mcu.externaltools.gnu-tools-for-stm32.9-2020-q2-update.win32_1.5.0.202011040924/tools/bin/../lib/gcc/arm-none-eabi/9.3.1/../../../../arm-none-eabi/lib/thumb/v7e-m/nofp\libc_nano.a(lib_a-reent.o)
 .debug_frame   0x00000000000014c8       0x2c c:/st/stm32cubeide_1.5.1/stm32cubeide/plugins/com.st.stm32cube.ide.mcu.externaltools.gnu-tools-for-stm32.9-2020-q2-update.win32_1.5.0.202011040924/tools/bin/../lib/gcc/arm-none-eabi/9.3.1/../../../../arm-none-eabi/lib/thumb/v7e-m/nofp\libc_nano.a(lib_a-fstatr.o)
 .debug_frame   0x00000000000014f4       0x2c c:/st/stm32cubeide_1.5.1/stm32cubeide/plugins/com.st.stm32cube.ide.mcu.externaltools.gnu-tools-for-stm32.9-2020-q2-update.win32_1.5.0.202011040924/tools/bin/../lib/gcc/arm-none-eabi/9.3.1/../../../../arm-none-eabi/lib/thumb/v7e-m/nofp\libc_nano.a(lib_a-isattyr.o)
