11:03:48 **** Incremental Build of configuration Debug for project 000Hello ****
make -j4 all 
arm-none-eabi-gcc "../drivers/Src/stm32f4xx_gpio_driver.c" -mcpu=cortex-m4 -std=gnu11 -g3 -DSTM32 -DSTM32F407G_DISC1 -DSTM32F4 -DSTM32F407VGTx -DDEBUG -c -I../Inc -I"E:/Knowledge/Stm32f407xx Discovery/workspace/000Hello/drivers/Inc" -I"E:/Knowledge/Stm32f407xx Discovery/workspace/000Hello/drivers/Src" -O0 -ffunction-sections -fdata-sections -Wall -fstack-usage -MMD -MP -MF"drivers/Src/stm32f4xx_gpio_driver.d" -MT"drivers/Src/stm32f4xx_gpio_driver.o" --specs=nano.specs -mfloat-abi=soft -mthumb -o "drivers/Src/stm32f4xx_gpio_driver.o"
arm-none-eabi-gcc "../drivers/Src/stm32f4xx_spi_driver.c" -mcpu=cortex-m4 -std=gnu11 -g3 -DSTM32 -DSTM32F407G_DISC1 -DSTM32F4 -DSTM32F407VGTx -DDEBUG -c -I../Inc -I"E:/Knowledge/Stm32f407xx Discovery/workspace/000Hello/drivers/Inc" -I"E:/Knowledge/Stm32f407xx Discovery/workspace/000Hello/drivers/Src" -O0 -ffunction-sections -fdata-sections -Wall -fstack-usage -MMD -MP -MF"drivers/Src/stm32f4xx_spi_driver.d" -MT"drivers/Src/stm32f4xx_spi_driver.o" --specs=nano.specs -mfloat-abi=soft -mthumb -o "drivers/Src/stm32f4xx_spi_driver.o"
arm-none-eabi-gcc -mcpu=cortex-m4 -g3 -c -x assembler-with-cpp -MMD -MP -MF"Startup/startup_stm32f407vgtx.d" -MT"Startup/startup_stm32f407vgtx.o" --specs=nano.specs -mfloat-abi=soft -mthumb -o "Startup/startup_stm32f407vgtx.o" "../Startup/startup_stm32f407vgtx.s"
arm-none-eabi-gcc "../Src/009spi_message_rcv_it.c" -mcpu=cortex-m4 -std=gnu11 -g3 -DSTM32 -DSTM32F407G_DISC1 -DSTM32F4 -DSTM32F407VGTx -DDEBUG -c -I../Inc -I"E:/Knowledge/Stm32f407xx Discovery/workspace/000Hello/drivers/Inc" -I"E:/Knowledge/Stm32f407xx Discovery/workspace/000Hello/drivers/Src" -O0 -ffunction-sections -fdata-sections -Wall -fstack-usage -MMD -MP -MF"Src/009spi_message_rcv_it.d" -MT"Src/009spi_message_rcv_it.o" --specs=nano.specs -mfloat-abi=soft -mthumb -o "Src/009spi_message_rcv_it.o"
../drivers/Src/stm32f4xx_gpio_driver.c: In function 'GPIO_Init':
../drivers/Src/stm32f4xx_gpio_driver.c:114:3: warning: implicit declaration of function 'printf' [-Wimplicit-function-declaration]
  114 |   printf("Gia tri thanh ghi MODER %x \n", pGPIOHandle ->pGPIOx ->MODER);
      |   ^~~~~~
../drivers/Src/stm32f4xx_gpio_driver.c:114:3: warning: incompatible implicit declaration of built-in function 'printf'
../drivers/Src/stm32f4xx_gpio_driver.c:11:1: note: include '<stdio.h>' or provide a declaration of 'printf'
   10 | #include "stm32f4xx_gpio_driver.h"
  +++ |+#include <stdio.h>
   11 | 
../drivers/Src/stm32f4xx_gpio_driver.c:114:36: warning: format '%x' expects argument of type 'unsigned int', but argument 2 has type 'uint32_t' {aka 'volatile long unsigned int'} [-Wformat=]
  114 |   printf("Gia tri thanh ghi MODER %x \n", pGPIOHandle ->pGPIOx ->MODER);
      |                                   ~^      ~~~~~~~~~~~~~~~~~~~~~~~~~~~~
      |                                    |                           |
      |                                    unsigned int                uint32_t {aka volatile long unsigned int}
      |                                   %lx
../Src/009spi_message_rcv_it.c: In function 'main':
../Src/009spi_message_rcv_it.c:160:42: warning: passing argument 2 of 'SPI_ReceiveDataIT' discards 'volatile' qualifier from pointer target type [-Wdiscarded-qualifiers]
  160 |    while ( SPI_ReceiveDataIT(&SPI2handle,&ReadByte,1) == SPI_BUSY_IN_RX );
      |                                          ^~~~~~~~~
In file included from E:/Knowledge/Stm32f407xx Discovery/workspace/000Hello/drivers/Inc/stm32f4xx.h:393,
                 from ../Src/009spi_message_rcv_it.c:24:
E:/Knowledge/Stm32f407xx Discovery/workspace/000Hello/drivers/Inc/stm32f4xx_spi_driver.h:136:62: note: expected 'uint8_t *' {aka 'unsigned char *'} but argument is of type 'volatile char *'
  136 | uint8_t SPI_ReceiveDataIT(SPI_Handle_t *pSPIHandle, uint8_t *pRxBuffer, uint32_t Len);
      |                                                     ~~~~~~~~~^~~~~~~~~
arm-none-eabi-gcc "../Src/syscalls.c" -mcpu=cortex-m4 -std=gnu11 -g3 -DSTM32 -DSTM32F407G_DISC1 -DSTM32F4 -DSTM32F407VGTx -DDEBUG -c -I../Inc -I"E:/Knowledge/Stm32f407xx Discovery/workspace/000Hello/drivers/Inc" -I"E:/Knowledge/Stm32f407xx Discovery/workspace/000Hello/drivers/Src" -O0 -ffunction-sections -fdata-sections -Wall -fstack-usage -MMD -MP -MF"Src/syscalls.d" -MT"Src/syscalls.o" --specs=nano.specs -mfloat-abi=soft -mthumb -o "Src/syscalls.o"
arm-none-eabi-gcc "../Src/sysmem.c" -mcpu=cortex-m4 -std=gnu11 -g3 -DSTM32 -DSTM32F407G_DISC1 -DSTM32F4 -DSTM32F407VGTx -DDEBUG -c -I../Inc -I"E:/Knowledge/Stm32f407xx Discovery/workspace/000Hello/drivers/Inc" -I"E:/Knowledge/Stm32f407xx Discovery/workspace/000Hello/drivers/Src" -O0 -ffunction-sections -fdata-sections -Wall -fstack-usage -MMD -MP -MF"Src/sysmem.d" -MT"Src/sysmem.o" --specs=nano.specs -mfloat-abi=soft -mthumb -o "Src/sysmem.o"
arm-none-eabi-gcc -o "000Hello.elf" @"objects.list"   -mcpu=cortex-m4 -T"E:\Knowledge\Stm32f407xx Discovery\workspace\000Hello\STM32F407VGTX_FLASH.ld" --specs=nosys.specs -Wl,-Map="000Hello.map" -Wl,--gc-sections -static --specs=nano.specs -mfloat-abi=soft -mthumb -Wl,--start-group -lc -lm -Wl,--end-group
Finished building target: 000Hello.elf
 
arm-none-eabi-size   000Hello.elf 
arm-none-eabi-objdump -h -S  000Hello.elf  > "000Hello.list"
arm-none-eabi-objcopy  -O binary  000Hello.elf  "000Hello.bin"
   text	   data	    bss	    dec	    hex	filename
   9256	    108	   2140	  11504	   2cf0	000Hello.elf
Finished building: default.size.stdout
 
Finished building: 000Hello.bin
Finished building: 000Hello.list
 
 

11:03:49 Build Finished. 0 errors, 4 warnings. (took 1s.45ms)

