22:37:46 **** Incremental Build of configuration Debug for project 000Hello ****
make -j4 all 
arm-none-eabi-gcc "../Src/100ADE_comunicate.c" -mcpu=cortex-m4 -std=gnu11 -g3 -DSTM32 -DSTM32F407G_DISC1 -DSTM32F4 -DSTM32F407VGTx -DDEBUG -c -I../Inc -I"E:/Knowledge/Stm32f407xx Discovery/workspace/000Hello/drivers/Inc" -I"E:/Knowledge/Stm32f407xx Discovery/workspace/000Hello/drivers/Src" -O0 -ffunction-sections -fdata-sections -Wall -fstack-usage -MMD -MP -MF"Src/100ADE_comunicate.d" -MT"Src/100ADE_comunicate.o" --specs=nano.specs -mfloat-abi=soft -mthumb -o "Src/100ADE_comunicate.o"
arm-none-eabi-gcc -o "000Hello.elf" @"objects.list"   -mcpu=cortex-m4 -T"E:\Knowledge\Stm32f407xx Discovery\workspace\000Hello\STM32F407VGTX_FLASH.ld" --specs=nosys.specs -Wl,-Map="000Hello.map" -Wl,--gc-sections -static --specs=nano.specs -mfloat-abi=soft -mthumb -Wl,--start-group -lc -lm -Wl,--end-group
Finished building target: 000Hello.elf
 
arm-none-eabi-objdump -h -S  000Hello.elf  > "000Hello.list"
arm-none-eabi-objcopy  -O binary  000Hello.elf  "000Hello.bin"
arm-none-eabi-size   000Hello.elf 
   text	   data	    bss	    dec	    hex	filename
   7332	    108	   2132	   9572	   2564	000Hello.elf
Finished building: default.size.stdout
 
Finished building: 000Hello.bin
 
Finished building: 000Hello.list
 
22:38:29 **** Incremental Build of configuration Debug for project 000Hello ****
make -j4 all 
arm-none-eabi-size   000Hello.elf 
   text	   data	    bss	    dec	    hex	filename
   7332	    108	   2132	   9572	   2564	000Hello.elf
Finished building: default.size.stdout
 
22:45:21 **** Incremental Build of configuration Debug for project 000Hello ****
make -j4 all 
arm-none-eabi-size   000Hello.elf 
   text	   data	    bss	    dec	    hex	filename
   7332	    108	   2132	   9572	   2564	000Hello.elf
Finished building: default.size.stdout
 
22:45:58 **** Incremental Build of configuration Debug for project 000Hello ****
make -j4 all 
arm-none-eabi-size   000Hello.elf 
   text	   data	    bss	    dec	    hex	filename
   7332	    108	   2132	   9572	   2564	000Hello.elf
Finished building: default.size.stdout
 
22:51:04 **** Incremental Build of configuration Debug for project 000Hello ****
make -j4 all 
arm-none-eabi-gcc "../drivers/Src/ade7753.c" -mcpu=cortex-m4 -std=gnu11 -g3 -DSTM32 -DSTM32F407G_DISC1 -DSTM32F4 -DSTM32F407VGTx -DDEBUG -c -I../Inc -I"E:/Knowledge/Stm32f407xx Discovery/workspace/000Hello/drivers/Inc" -I"E:/Knowledge/Stm32f407xx Discovery/workspace/000Hello/drivers/Src" -O0 -ffunction-sections -fdata-sections -Wall -fstack-usage -MMD -MP -MF"drivers/Src/ade7753.d" -MT"drivers/Src/ade7753.o" --specs=nano.specs -mfloat-abi=soft -mthumb -o "drivers/Src/ade7753.o"
../drivers/Src/ade7753.c: In function 'ADE_ReadData':
../drivers/Src/ade7753.c:44:3: warning: implicit declaration of function 'printf' [-Wimplicit-function-declaration]
   44 |   printf("%x\n", *pRxBuffer);
      |   ^~~~~~
../drivers/Src/ade7753.c:44:3: warning: incompatible implicit declaration of built-in function 'printf'
../drivers/Src/ade7753.c:10:1: note: include '<stdio.h>' or provide a declaration of 'printf'
    9 | #include "ade7753.h"
  +++ |+#include <stdio.h>
   10 | 
arm-none-eabi-gcc -o "000Hello.elf" @"objects.list"   -mcpu=cortex-m4 -T"E:\Knowledge\Stm32f407xx Discovery\workspace\000Hello\STM32F407VGTX_FLASH.ld" --specs=nosys.specs -Wl,-Map="000Hello.map" -Wl,--gc-sections -static --specs=nano.specs -mfloat-abi=soft -mthumb -Wl,--start-group -lc -lm -Wl,--end-group
Finished building target: 000Hello.elf
 
arm-none-eabi-objdump -h -S  000Hello.elf  > "000Hello.list"
arm-none-eabi-objcopy  -O binary  000Hello.elf  "000Hello.bin"
arm-none-eabi-size   000Hello.elf 
   text	   data	    bss	    dec	    hex	filename
   7356	    108	   2132	   9596	   257c	000Hello.elf
Finished building: default.size.stdout
 
Finished building: 000Hello.bin
Finished building: 000Hello.list
 
 
22:56:51 **** Incremental Build of configuration Debug for project 000Hello ****
make -j4 all 
arm-none-eabi-gcc "../drivers/Src/ade7753.c" -mcpu=cortex-m4 -std=gnu11 -g3 -DSTM32 -DSTM32F407G_DISC1 -DSTM32F4 -DSTM32F407VGTx -DDEBUG -c -I../Inc -I"E:/Knowledge/Stm32f407xx Discovery/workspace/000Hello/drivers/Inc" -I"E:/Knowledge/Stm32f407xx Discovery/workspace/000Hello/drivers/Src" -O0 -ffunction-sections -fdata-sections -Wall -fstack-usage -MMD -MP -MF"drivers/Src/ade7753.d" -MT"drivers/Src/ade7753.o" --specs=nano.specs -mfloat-abi=soft -mthumb -o "drivers/Src/ade7753.o"
arm-none-eabi-gcc "../drivers/Src/stm32f4xx_gpio_driver.c" -mcpu=cortex-m4 -std=gnu11 -g3 -DSTM32 -DSTM32F407G_DISC1 -DSTM32F4 -DSTM32F407VGTx -DDEBUG -c -I../Inc -I"E:/Knowledge/Stm32f407xx Discovery/workspace/000Hello/drivers/Inc" -I"E:/Knowledge/Stm32f407xx Discovery/workspace/000Hello/drivers/Src" -O0 -ffunction-sections -fdata-sections -Wall -fstack-usage -MMD -MP -MF"drivers/Src/stm32f4xx_gpio_driver.d" -MT"drivers/Src/stm32f4xx_gpio_driver.o" --specs=nano.specs -mfloat-abi=soft -mthumb -o "drivers/Src/stm32f4xx_gpio_driver.o"
arm-none-eabi-gcc "../drivers/Src/stm32f4xx_spi_driver.c" -mcpu=cortex-m4 -std=gnu11 -g3 -DSTM32 -DSTM32F407G_DISC1 -DSTM32F4 -DSTM32F407VGTx -DDEBUG -c -I../Inc -I"E:/Knowledge/Stm32f407xx Discovery/workspace/000Hello/drivers/Inc" -I"E:/Knowledge/Stm32f407xx Discovery/workspace/000Hello/drivers/Src" -O0 -ffunction-sections -fdata-sections -Wall -fstack-usage -MMD -MP -MF"drivers/Src/stm32f4xx_spi_driver.d" -MT"drivers/Src/stm32f4xx_spi_driver.o" --specs=nano.specs -mfloat-abi=soft -mthumb -o "drivers/Src/stm32f4xx_spi_driver.o"
arm-none-eabi-gcc "../Src/100ADE_comunicate.c" -mcpu=cortex-m4 -std=gnu11 -g3 -DSTM32 -DSTM32F407G_DISC1 -DSTM32F4 -DSTM32F407VGTx -DDEBUG -c -I../Inc -I"E:/Knowledge/Stm32f407xx Discovery/workspace/000Hello/drivers/Inc" -I"E:/Knowledge/Stm32f407xx Discovery/workspace/000Hello/drivers/Src" -O0 -ffunction-sections -fdata-sections -Wall -fstack-usage -MMD -MP -MF"Src/100ADE_comunicate.d" -MT"Src/100ADE_comunicate.o" --specs=nano.specs -mfloat-abi=soft -mthumb -o "Src/100ADE_comunicate.o"
../drivers/Src/ade7753.c: In function 'ADE_ReadData':
../drivers/Src/ade7753.c:43:3: warning: implicit declaration of function 'printf' [-Wimplicit-function-declaration]
   43 |   printf("%x\n", data);
      |   ^~~~~~
../drivers/Src/ade7753.c:43:3: warning: incompatible implicit declaration of built-in function 'printf'
../drivers/Src/ade7753.c:10:1: note: include '<stdio.h>' or provide a declaration of 'printf'
    9 | #include "ade7753.h"
  +++ |+#include <stdio.h>
   10 | 
../drivers/Src/ade7753.c:43:12: warning: format '%x' expects argument of type 'unsigned int', but argument 2 has type 'uint32_t' {aka 'long unsigned int'} [-Wformat=]
   43 |   printf("%x\n", data);
      |           ~^     ~~~~
      |            |     |
      |            |     uint32_t {aka long unsigned int}
      |            unsigned int
      |           %lx
../drivers/Src/ade7753.c:47:13: error: expected ';' before '}' token
   47 |  return data
      |             ^
      |             ;
   48 | }
      | ~            
../drivers/Src/stm32f4xx_spi_driver.c: In function 'SPI_SendData':
../drivers/Src/stm32f4xx_spi_driver.c:179:3: warning: implicit declaration of function 'printf' [-Wimplicit-function-declaration]
  179 |   printf("TXE \n");
      |   ^~~~~~
../drivers/Src/stm32f4xx_spi_driver.c:179:3: warning: incompatible implicit declaration of built-in function 'printf'
../drivers/Src/stm32f4xx_spi_driver.c:13:1: note: include '<stdio.h>' or provide a declaration of 'printf'
   12 | #include "stm32f4xx_spi_driver.h"
  +++ |+#include <stdio.h>
   13 | 
../drivers/Src/stm32f4xx_spi_driver.c:177:11: warning: unused variable 'temp' [-Wunused-variable]
  177 |   uint8_t temp = *pTxBuffer;
      |           ^~~~
../drivers/Src/stm32f4xx_spi_driver.c: In function 'SPI_ReceiveData':
../drivers/Src/stm32f4xx_spi_driver.c:219:3: warning: incompatible implicit declaration of built-in function 'printf'
  219 |   printf("RXNE \n");
      |   ^~~~~~
../drivers/Src/stm32f4xx_spi_driver.c:219:3: note: include '<stdio.h>' or provide a declaration of 'printf'
make: *** [drivers/Src/subdir.mk:25: drivers/Src/ade7753.o] Error 1
make: *** Waiting for unfinished jobs....
"make -j4 all" terminated with exit code 2. Build might be incomplete.
22:57:49 **** Incremental Build of configuration Debug for project 000Hello ****
make -j4 all 
arm-none-eabi-gcc "../drivers/Src/ade7753.c" -mcpu=cortex-m4 -std=gnu11 -g3 -DSTM32 -DSTM32F407G_DISC1 -DSTM32F4 -DSTM32F407VGTx -DDEBUG -c -I../Inc -I"E:/Knowledge/Stm32f407xx Discovery/workspace/000Hello/drivers/Inc" -I"E:/Knowledge/Stm32f407xx Discovery/workspace/000Hello/drivers/Src" -O0 -ffunction-sections -fdata-sections -Wall -fstack-usage -MMD -MP -MF"drivers/Src/ade7753.d" -MT"drivers/Src/ade7753.o" --specs=nano.specs -mfloat-abi=soft -mthumb -o "drivers/Src/ade7753.o"
../drivers/Src/ade7753.c: In function 'ADE_ReadData':
../drivers/Src/ade7753.c:43:3: warning: implicit declaration of function 'printf' [-Wimplicit-function-declaration]
   43 |   printf("%x\n", data);
      |   ^~~~~~
../drivers/Src/ade7753.c:43:3: warning: incompatible implicit declaration of built-in function 'printf'
../drivers/Src/ade7753.c:10:1: note: include '<stdio.h>' or provide a declaration of 'printf'
    9 | #include "ade7753.h"
  +++ |+#include <stdio.h>
   10 | 
../drivers/Src/ade7753.c:43:12: warning: format '%x' expects argument of type 'unsigned int', but argument 2 has type 'uint32_t' {aka 'long unsigned int'} [-Wformat=]
   43 |   printf("%x\n", data);
      |           ~^     ~~~~
      |            |     |
      |            |     uint32_t {aka long unsigned int}
      |            unsigned int
      |           %lx
arm-none-eabi-gcc -o "000Hello.elf" @"objects.list"   -mcpu=cortex-m4 -T"E:\Knowledge\Stm32f407xx Discovery\workspace\000Hello\STM32F407VGTX_FLASH.ld" --specs=nosys.specs -Wl,-Map="000Hello.map" -Wl,--gc-sections -static --specs=nano.specs -mfloat-abi=soft -mthumb -Wl,--start-group -lc -lm -Wl,--end-group
Finished building target: 000Hello.elf
 
arm-none-eabi-objdump -h -S  000Hello.elf  > "000Hello.list"
arm-none-eabi-objcopy  -O binary  000Hello.elf  "000Hello.bin"
arm-none-eabi-size   000Hello.elf 
   text	   data	    bss	    dec	    hex	filename
   7356	    108	   2132	   9596	   257c	000Hello.elf
Finished building: default.size.stdout
 
Finished building: 000Hello.bin
Finished building: 000Hello.list
 
 
22:59:41 **** Incremental Build of configuration Debug for project 000Hello ****
make -j4 all 
arm-none-eabi-gcc "../drivers/Src/ade7753.c" -mcpu=cortex-m4 -std=gnu11 -g3 -DSTM32 -DSTM32F407G_DISC1 -DSTM32F4 -DSTM32F407VGTx -DDEBUG -c -I../Inc -I"E:/Knowledge/Stm32f407xx Discovery/workspace/000Hello/drivers/Inc" -I"E:/Knowledge/Stm32f407xx Discovery/workspace/000Hello/drivers/Src" -O0 -ffunction-sections -fdata-sections -Wall -fstack-usage -MMD -MP -MF"drivers/Src/ade7753.d" -MT"drivers/Src/ade7753.o" --specs=nano.specs -mfloat-abi=soft -mthumb -o "drivers/Src/ade7753.o"
arm-none-eabi-gcc "../Src/100ADE_comunicate.c" -mcpu=cortex-m4 -std=gnu11 -g3 -DSTM32 -DSTM32F407G_DISC1 -DSTM32F4 -DSTM32F407VGTx -DDEBUG -c -I../Inc -I"E:/Knowledge/Stm32f407xx Discovery/workspace/000Hello/drivers/Inc" -I"E:/Knowledge/Stm32f407xx Discovery/workspace/000Hello/drivers/Src" -O0 -ffunction-sections -fdata-sections -Wall -fstack-usage -MMD -MP -MF"Src/100ADE_comunicate.d" -MT"Src/100ADE_comunicate.o" --specs=nano.specs -mfloat-abi=soft -mthumb -o "Src/100ADE_comunicate.o"
../drivers/Src/ade7753.c: In function 'ADE_ReadData':
../drivers/Src/ade7753.c:43:3: warning: implicit declaration of function 'printf' [-Wimplicit-function-declaration]
   43 |   printf("%x\n", data);
      |   ^~~~~~
../drivers/Src/ade7753.c:43:3: warning: incompatible implicit declaration of built-in function 'printf'
../drivers/Src/ade7753.c:10:1: note: include '<stdio.h>' or provide a declaration of 'printf'
    9 | #include "ade7753.h"
  +++ |+#include <stdio.h>
   10 | 
../drivers/Src/ade7753.c:43:12: warning: format '%x' expects argument of type 'unsigned int', but argument 2 has type 'uint32_t' {aka 'long unsigned int'} [-Wformat=]
   43 |   printf("%x\n", data);
      |           ~^     ~~~~
      |            |     |
      |            |     uint32_t {aka long unsigned int}
      |            unsigned int
      |           %lx
arm-none-eabi-gcc -o "000Hello.elf" @"objects.list"   -mcpu=cortex-m4 -T"E:\Knowledge\Stm32f407xx Discovery\workspace\000Hello\STM32F407VGTX_FLASH.ld" --specs=nosys.specs -Wl,-Map="000Hello.map" -Wl,--gc-sections -static --specs=nano.specs -mfloat-abi=soft -mthumb -Wl,--start-group -lc -lm -Wl,--end-group
Finished building target: 000Hello.elf
 
arm-none-eabi-objdump -h -S  000Hello.elf  > "000Hello.list"
arm-none-eabi-objcopy  -O binary  000Hello.elf  "000Hello.bin"
arm-none-eabi-size   000Hello.elf 
   text	   data	    bss	    dec	    hex	filename
   7356	    108	   2132	   9596	   257c	000Hello.elf
Finished building: default.size.stdout
 
Finished building: 000Hello.bin
 
Finished building: 000Hello.list
 
23:00:29 **** Incremental Build of configuration Debug for project 000Hello ****
make -j4 all 
arm-none-eabi-gcc "../Src/100ADE_comunicate.c" -mcpu=cortex-m4 -std=gnu11 -g3 -DSTM32 -DSTM32F407G_DISC1 -DSTM32F4 -DSTM32F407VGTx -DDEBUG -c -I../Inc -I"E:/Knowledge/Stm32f407xx Discovery/workspace/000Hello/drivers/Inc" -I"E:/Knowledge/Stm32f407xx Discovery/workspace/000Hello/drivers/Src" -O0 -ffunction-sections -fdata-sections -Wall -fstack-usage -MMD -MP -MF"Src/100ADE_comunicate.d" -MT"Src/100ADE_comunicate.o" --specs=nano.specs -mfloat-abi=soft -mthumb -o "Src/100ADE_comunicate.o"
../Src/100ADE_comunicate.c: In function 'main':
../Src/100ADE_comunicate.c:100:18: warning: format '%x' expects argument of type 'unsigned int', but argument 2 has type 'uint32_t' {aka 'long unsigned int'} [-Wformat=]
  100 |  printf("DATA : %x \n", data);
      |                 ~^      ~~~~
      |                  |      |
      |                  |      uint32_t {aka long unsigned int}
      |                  unsigned int
      |                 %lx
arm-none-eabi-gcc -o "000Hello.elf" @"objects.list"   -mcpu=cortex-m4 -T"E:\Knowledge\Stm32f407xx Discovery\workspace\000Hello\STM32F407VGTX_FLASH.ld" --specs=nosys.specs -Wl,-Map="000Hello.map" -Wl,--gc-sections -static --specs=nano.specs -mfloat-abi=soft -mthumb -Wl,--start-group -lc -lm -Wl,--end-group
Finished building target: 000Hello.elf
 
arm-none-eabi-objdump -h -S  000Hello.elf  > "000Hello.list"
arm-none-eabi-objcopy  -O binary  000Hello.elf  "000Hello.bin"
arm-none-eabi-size   000Hello.elf 
   text	   data	    bss	    dec	    hex	filename
   7352	    108	   2132	   9592	   2578	000Hello.elf
Finished building: default.size.stdout
 
Finished building: 000Hello.bin
Finished building: 000Hello.list
 
 
23:01:30 **** Incremental Build of configuration Debug for project 000Hello ****
make -j4 all 
arm-none-eabi-gcc "../drivers/Src/ade7753.c" -mcpu=cortex-m4 -std=gnu11 -g3 -DSTM32 -DSTM32F407G_DISC1 -DSTM32F4 -DSTM32F407VGTx -DDEBUG -c -I../Inc -I"E:/Knowledge/Stm32f407xx Discovery/workspace/000Hello/drivers/Inc" -I"E:/Knowledge/Stm32f407xx Discovery/workspace/000Hello/drivers/Src" -O0 -ffunction-sections -fdata-sections -Wall -fstack-usage -MMD -MP -MF"drivers/Src/ade7753.d" -MT"drivers/Src/ade7753.o" --specs=nano.specs -mfloat-abi=soft -mthumb -o "drivers/Src/ade7753.o"
../drivers/Src/ade7753.c: In function 'ADE_ReadData':
../drivers/Src/ade7753.c:44:3: warning: implicit declaration of function 'printf' [-Wimplicit-function-declaration]
   44 |   printf("%x\n", data);
      |   ^~~~~~
../drivers/Src/ade7753.c:44:3: warning: incompatible implicit declaration of built-in function 'printf'
../drivers/Src/ade7753.c:10:1: note: include '<stdio.h>' or provide a declaration of 'printf'
    9 | #include "ade7753.h"
  +++ |+#include <stdio.h>
   10 | 
../drivers/Src/ade7753.c:44:12: warning: format '%x' expects argument of type 'unsigned int', but argument 2 has type 'uint32_t' {aka 'long unsigned int'} [-Wformat=]
   44 |   printf("%x\n", data);
      |           ~^     ~~~~
      |            |     |
      |            |     uint32_t {aka long unsigned int}
      |            unsigned int
      |           %lx
arm-none-eabi-gcc -o "000Hello.elf" @"objects.list"   -mcpu=cortex-m4 -T"E:\Knowledge\Stm32f407xx Discovery\workspace\000Hello\STM32F407VGTX_FLASH.ld" --specs=nosys.specs -Wl,-Map="000Hello.map" -Wl,--gc-sections -static --specs=nano.specs -mfloat-abi=soft -mthumb -Wl,--start-group -lc -lm -Wl,--end-group
Finished building target: 000Hello.elf
 
arm-none-eabi-objdump -h -S  000Hello.elf  > "000Hello.list"
arm-none-eabi-objcopy  -O binary  000Hello.elf  "000Hello.bin"
arm-none-eabi-size   000Hello.elf 
   text	   data	    bss	    dec	    hex	filename
   7352	    108	   2132	   9592	   2578	000Hello.elf
Finished building: default.size.stdout
 
Finished building: 000Hello.bin
Finished building: 000Hello.list
 
 
23:02:42 **** Incremental Build of configuration Debug for project 000Hello ****
make -j4 all 
arm-none-eabi-gcc "../drivers/Src/ade7753.c" -mcpu=cortex-m4 -std=gnu11 -g3 -DSTM32 -DSTM32F407G_DISC1 -DSTM32F4 -DSTM32F407VGTx -DDEBUG -c -I../Inc -I"E:/Knowledge/Stm32f407xx Discovery/workspace/000Hello/drivers/Inc" -I"E:/Knowledge/Stm32f407xx Discovery/workspace/000Hello/drivers/Src" -O0 -ffunction-sections -fdata-sections -Wall -fstack-usage -MMD -MP -MF"drivers/Src/ade7753.d" -MT"drivers/Src/ade7753.o" --specs=nano.specs -mfloat-abi=soft -mthumb -o "drivers/Src/ade7753.o"
../drivers/Src/ade7753.c: In function 'ADE_ReadData':
../drivers/Src/ade7753.c:44:3: warning: implicit declaration of function 'printf' [-Wimplicit-function-declaration]
   44 |   printf("%x\n", data);
      |   ^~~~~~
../drivers/Src/ade7753.c:44:3: warning: incompatible implicit declaration of built-in function 'printf'
../drivers/Src/ade7753.c:10:1: note: include '<stdio.h>' or provide a declaration of 'printf'
    9 | #include "ade7753.h"
  +++ |+#include <stdio.h>
   10 | 
../drivers/Src/ade7753.c:44:12: warning: format '%x' expects argument of type 'unsigned int', but argument 2 has type 'uint32_t' {aka 'long unsigned int'} [-Wformat=]
   44 |   printf("%x\n", data);
      |           ~^     ~~~~
      |            |     |
      |            |     uint32_t {aka long unsigned int}
      |            unsigned int
      |           %lx
arm-none-eabi-gcc -o "000Hello.elf" @"objects.list"   -mcpu=cortex-m4 -T"E:\Knowledge\Stm32f407xx Discovery\workspace\000Hello\STM32F407VGTX_FLASH.ld" --specs=nosys.specs -Wl,-Map="000Hello.map" -Wl,--gc-sections -static --specs=nano.specs -mfloat-abi=soft -mthumb -Wl,--start-group -lc -lm -Wl,--end-group
Finished building target: 000Hello.elf
 
arm-none-eabi-objdump -h -S  000Hello.elf  > "000Hello.list"
arm-none-eabi-objcopy  -O binary  000Hello.elf  "000Hello.bin"
arm-none-eabi-size   000Hello.elf 
   text	   data	    bss	    dec	    hex	filename
   7352	    108	   2132	   9592	   2578	000Hello.elf
Finished building: default.size.stdout
 
Finished building: 000Hello.bin
Finished building: 000Hello.list
 
 
23:03:18 **** Incremental Build of configuration Debug for project 000Hello ****
make -j4 all 
arm-none-eabi-size   000Hello.elf 
   text	   data	    bss	    dec	    hex	filename
   7352	    108	   2132	   9592	   2578	000Hello.elf
Finished building: default.size.stdout
 
23:03:40 **** Incremental Build of configuration Debug for project 000Hello ****
make -j4 all 
arm-none-eabi-size   000Hello.elf 
   text	   data	    bss	    dec	    hex	filename
   7352	    108	   2132	   9592	   2578	000Hello.elf
Finished building: default.size.stdout
 
23:04:39 **** Incremental Build of configuration Debug for project 000Hello ****
make -j4 all 
arm-none-eabi-size   000Hello.elf 
   text	   data	    bss	    dec	    hex	filename
   7352	    108	   2132	   9592	   2578	000Hello.elf
Finished building: default.size.stdout
 
23:05:06 **** Incremental Build of configuration Debug for project 000Hello ****
make -j4 all 
arm-none-eabi-size   000Hello.elf 
   text	   data	    bss	    dec	    hex	filename
   7352	    108	   2132	   9592	   2578	000Hello.elf
Finished building: default.size.stdout
 
23:07:07 **** Incremental Build of configuration Debug for project 000Hello ****
make -j4 all 
arm-none-eabi-gcc "../Src/100ADE_comunicate.c" -mcpu=cortex-m4 -std=gnu11 -g3 -DSTM32 -DSTM32F407G_DISC1 -DSTM32F4 -DSTM32F407VGTx -DDEBUG -c -I../Inc -I"E:/Knowledge/Stm32f407xx Discovery/workspace/000Hello/drivers/Inc" -I"E:/Knowledge/Stm32f407xx Discovery/workspace/000Hello/drivers/Src" -O0 -ffunction-sections -fdata-sections -Wall -fstack-usage -MMD -MP -MF"Src/100ADE_comunicate.d" -MT"Src/100ADE_comunicate.o" --specs=nano.specs -mfloat-abi=soft -mthumb -o "Src/100ADE_comunicate.o"
../Src/100ADE_comunicate.c: In function 'main':
../Src/100ADE_comunicate.c:102:18: warning: format '%x' expects argument of type 'unsigned int', but argument 2 has type 'uint32_t' {aka 'long unsigned int'} [-Wformat=]
  102 |  printf("DATA : %x \n", data);
      |                 ~^      ~~~~
      |                  |      |
      |                  |      uint32_t {aka long unsigned int}
      |                  unsigned int
      |                 %lx
arm-none-eabi-gcc -o "000Hello.elf" @"objects.list"   -mcpu=cortex-m4 -T"E:\Knowledge\Stm32f407xx Discovery\workspace\000Hello\STM32F407VGTX_FLASH.ld" --specs=nosys.specs -Wl,-Map="000Hello.map" -Wl,--gc-sections -static --specs=nano.specs -mfloat-abi=soft -mthumb -Wl,--start-group -lc -lm -Wl,--end-group
Finished building target: 000Hello.elf
 
arm-none-eabi-objdump -h -S  000Hello.elf  > "000Hello.list"
arm-none-eabi-objcopy  -O binary  000Hello.elf  "000Hello.bin"
arm-none-eabi-size   000Hello.elf 
   text	   data	    bss	    dec	    hex	filename
   7376	    108	   2132	   9616	   2590	000Hello.elf
Finished building: default.size.stdout
 
Finished building: 000Hello.bin
Finished building: 000Hello.list
 
 
23:07:46 **** Incremental Build of configuration Debug for project 000Hello ****
make -j4 all 
arm-none-eabi-gcc "../Src/100ADE_comunicate.c" -mcpu=cortex-m4 -std=gnu11 -g3 -DSTM32 -DSTM32F407G_DISC1 -DSTM32F4 -DSTM32F407VGTx -DDEBUG -c -I../Inc -I"E:/Knowledge/Stm32f407xx Discovery/workspace/000Hello/drivers/Inc" -I"E:/Knowledge/Stm32f407xx Discovery/workspace/000Hello/drivers/Src" -O0 -ffunction-sections -fdata-sections -Wall -fstack-usage -MMD -MP -MF"Src/100ADE_comunicate.d" -MT"Src/100ADE_comunicate.o" --specs=nano.specs -mfloat-abi=soft -mthumb -o "Src/100ADE_comunicate.o"
../Src/100ADE_comunicate.c: In function 'main':
../Src/100ADE_comunicate.c:102:18: warning: format '%x' expects argument of type 'unsigned int', but argument 2 has type 'uint32_t' {aka 'long unsigned int'} [-Wformat=]
  102 |  printf("DATA : %x \n", data);
      |                 ~^      ~~~~
      |                  |      |
      |                  |      uint32_t {aka long unsigned int}
      |                  unsigned int
      |                 %lx
arm-none-eabi-gcc -o "000Hello.elf" @"objects.list"   -mcpu=cortex-m4 -T"E:\Knowledge\Stm32f407xx Discovery\workspace\000Hello\STM32F407VGTX_FLASH.ld" --specs=nosys.specs -Wl,-Map="000Hello.map" -Wl,--gc-sections -static --specs=nano.specs -mfloat-abi=soft -mthumb -Wl,--start-group -lc -lm -Wl,--end-group
Finished building target: 000Hello.elf
 
arm-none-eabi-objdump -h -S  000Hello.elf  > "000Hello.list"
arm-none-eabi-objcopy  -O binary  000Hello.elf  "000Hello.bin"
arm-none-eabi-size   000Hello.elf 
   text	   data	    bss	    dec	    hex	filename
   7376	    108	   2132	   9616	   2590	000Hello.elf
Finished building: default.size.stdout
 
Finished building: 000Hello.list
 
Finished building: 000Hello.bin
 
23:08:34 **** Incremental Build of configuration Debug for project 000Hello ****
make -j4 all 
arm-none-eabi-gcc "../Src/100ADE_comunicate.c" -mcpu=cortex-m4 -std=gnu11 -g3 -DSTM32 -DSTM32F407G_DISC1 -DSTM32F4 -DSTM32F407VGTx -DDEBUG -c -I../Inc -I"E:/Knowledge/Stm32f407xx Discovery/workspace/000Hello/drivers/Inc" -I"E:/Knowledge/Stm32f407xx Discovery/workspace/000Hello/drivers/Src" -O0 -ffunction-sections -fdata-sections -Wall -fstack-usage -MMD -MP -MF"Src/100ADE_comunicate.d" -MT"Src/100ADE_comunicate.o" --specs=nano.specs -mfloat-abi=soft -mthumb -o "Src/100ADE_comunicate.o"
../Src/100ADE_comunicate.c: In function 'main':
../Src/100ADE_comunicate.c:102:18: warning: format '%x' expects argument of type 'unsigned int', but argument 2 has type 'uint32_t' {aka 'long unsigned int'} [-Wformat=]
  102 |  printf("DATA : %x \n", data);
      |                 ~^      ~~~~
      |                  |      |
      |                  |      uint32_t {aka long unsigned int}
      |                  unsigned int
      |                 %lx
arm-none-eabi-gcc -o "000Hello.elf" @"objects.list"   -mcpu=cortex-m4 -T"E:\Knowledge\Stm32f407xx Discovery\workspace\000Hello\STM32F407VGTX_FLASH.ld" --specs=nosys.specs -Wl,-Map="000Hello.map" -Wl,--gc-sections -static --specs=nano.specs -mfloat-abi=soft -mthumb -Wl,--start-group -lc -lm -Wl,--end-group
Finished building target: 000Hello.elf
 
arm-none-eabi-objdump -h -S  000Hello.elf  > "000Hello.list"
arm-none-eabi-objcopy  -O binary  000Hello.elf  "000Hello.bin"
arm-none-eabi-size   000Hello.elf 
   text	   data	    bss	    dec	    hex	filename
   7376	    108	   2132	   9616	   2590	000Hello.elf
Finished building: default.size.stdout
 
Finished building: 000Hello.list
 
Finished building: 000Hello.bin
 
23:09:44 **** Incremental Build of configuration Debug for project 000Hello ****
make -j4 all 
arm-none-eabi-gcc "../Src/100ADE_comunicate.c" -mcpu=cortex-m4 -std=gnu11 -g3 -DSTM32 -DSTM32F407G_DISC1 -DSTM32F4 -DSTM32F407VGTx -DDEBUG -c -I../Inc -I"E:/Knowledge/Stm32f407xx Discovery/workspace/000Hello/drivers/Inc" -I"E:/Knowledge/Stm32f407xx Discovery/workspace/000Hello/drivers/Src" -O0 -ffunction-sections -fdata-sections -Wall -fstack-usage -MMD -MP -MF"Src/100ADE_comunicate.d" -MT"Src/100ADE_comunicate.o" --specs=nano.specs -mfloat-abi=soft -mthumb -o "Src/100ADE_comunicate.o"
../Src/100ADE_comunicate.c: In function 'main':
../Src/100ADE_comunicate.c:102:18: warning: format '%x' expects argument of type 'unsigned int', but argument 2 has type 'uint32_t' {aka 'long unsigned int'} [-Wformat=]
  102 |  printf("DATA : %x \n", data);
      |                 ~^      ~~~~
      |                  |      |
      |                  |      uint32_t {aka long unsigned int}
      |                  unsigned int
      |                 %lx
arm-none-eabi-gcc -o "000Hello.elf" @"objects.list"   -mcpu=cortex-m4 -T"E:\Knowledge\Stm32f407xx Discovery\workspace\000Hello\STM32F407VGTX_FLASH.ld" --specs=nosys.specs -Wl,-Map="000Hello.map" -Wl,--gc-sections -static --specs=nano.specs -mfloat-abi=soft -mthumb -Wl,--start-group -lc -lm -Wl,--end-group
Finished building target: 000Hello.elf
 
arm-none-eabi-objdump -h -S  000Hello.elf  > "000Hello.list"
arm-none-eabi-objcopy  -O binary  000Hello.elf  "000Hello.bin"
arm-none-eabi-size   000Hello.elf 
   text	   data	    bss	    dec	    hex	filename
   7376	    108	   2132	   9616	   2590	000Hello.elf
Finished building: default.size.stdout
 
Finished building: 000Hello.bin
Finished building: 000Hello.list
 
 
23:10:52 **** Incremental Build of configuration Debug for project 000Hello ****
make -j4 all 
arm-none-eabi-gcc "../Src/100ADE_comunicate.c" -mcpu=cortex-m4 -std=gnu11 -g3 -DSTM32 -DSTM32F407G_DISC1 -DSTM32F4 -DSTM32F407VGTx -DDEBUG -c -I../Inc -I"E:/Knowledge/Stm32f407xx Discovery/workspace/000Hello/drivers/Inc" -I"E:/Knowledge/Stm32f407xx Discovery/workspace/000Hello/drivers/Src" -O0 -ffunction-sections -fdata-sections -Wall -fstack-usage -MMD -MP -MF"Src/100ADE_comunicate.d" -MT"Src/100ADE_comunicate.o" --specs=nano.specs -mfloat-abi=soft -mthumb -o "Src/100ADE_comunicate.o"
../Src/100ADE_comunicate.c:83:6: error: redefinition of 'delay'
   83 | void delay() {
      |      ^~~~~
../Src/100ADE_comunicate.c:27:6: note: previous definition of 'delay' was here
   27 | void delay(void)
      |      ^~~~~
../Src/100ADE_comunicate.c: In function 'main':
../Src/100ADE_comunicate.c:105:18: warning: format '%x' expects argument of type 'unsigned int', but argument 2 has type 'uint32_t' {aka 'long unsigned int'} [-Wformat=]
  105 |  printf("DATA : %x \n", data);
      |                 ~^      ~~~~
      |                  |      |
      |                  |      uint32_t {aka long unsigned int}
      |                  unsigned int
      |                 %lx
make: *** [Src/subdir.mk:25: Src/100ADE_comunicate.o] Error 1
"make -j4 all" terminated with exit code 2. Build might be incomplete.
23:11:29 **** Incremental Build of configuration Debug for project 000Hello ****
make -j4 all 
arm-none-eabi-gcc "../Src/100ADE_comunicate.c" -mcpu=cortex-m4 -std=gnu11 -g3 -DSTM32 -DSTM32F407G_DISC1 -DSTM32F4 -DSTM32F407VGTx -DDEBUG -c -I../Inc -I"E:/Knowledge/Stm32f407xx Discovery/workspace/000Hello/drivers/Inc" -I"E:/Knowledge/Stm32f407xx Discovery/workspace/000Hello/drivers/Src" -O0 -ffunction-sections -fdata-sections -Wall -fstack-usage -MMD -MP -MF"Src/100ADE_comunicate.d" -MT"Src/100ADE_comunicate.o" --specs=nano.specs -mfloat-abi=soft -mthumb -o "Src/100ADE_comunicate.o"
../Src/100ADE_comunicate.c: In function 'main':
../Src/100ADE_comunicate.c:101:18: warning: format '%x' expects argument of type 'unsigned int', but argument 2 has type 'uint32_t' {aka 'long unsigned int'} [-Wformat=]
  101 |  printf("DATA : %x \n", data);
      |                 ~^      ~~~~
      |                  |      |
      |                  |      uint32_t {aka long unsigned int}
      |                  unsigned int
      |                 %lx
arm-none-eabi-gcc -o "000Hello.elf" @"objects.list"   -mcpu=cortex-m4 -T"E:\Knowledge\Stm32f407xx Discovery\workspace\000Hello\STM32F407VGTX_FLASH.ld" --specs=nosys.specs -Wl,-Map="000Hello.map" -Wl,--gc-sections -static --specs=nano.specs -mfloat-abi=soft -mthumb -Wl,--start-group -lc -lm -Wl,--end-group
Finished building target: 000Hello.elf
 
arm-none-eabi-objdump -h -S  000Hello.elf  > "000Hello.list"
arm-none-eabi-objcopy  -O binary  000Hello.elf  "000Hello.bin"
arm-none-eabi-size   000Hello.elf 
   text	   data	    bss	    dec	    hex	filename
   7400	    108	   2132	   9640	   25a8	000Hello.elf
Finished building: default.size.stdout
 
Finished building: 000Hello.list
 
Finished building: 000Hello.bin
 
23:11:55 **** Incremental Build of configuration Debug for project 000Hello ****
make -j4 all 
arm-none-eabi-size   000Hello.elf 
   text	   data	    bss	    dec	    hex	filename
   7400	    108	   2132	   9640	   25a8	000Hello.elf
Finished building: default.size.stdout
 
23:12:18 **** Incremental Build of configuration Debug for project 000Hello ****
make -j4 all 
arm-none-eabi-gcc "../Src/100ADE_comunicate.c" -mcpu=cortex-m4 -std=gnu11 -g3 -DSTM32 -DSTM32F407G_DISC1 -DSTM32F4 -DSTM32F407VGTx -DDEBUG -c -I../Inc -I"E:/Knowledge/Stm32f407xx Discovery/workspace/000Hello/drivers/Inc" -I"E:/Knowledge/Stm32f407xx Discovery/workspace/000Hello/drivers/Src" -O0 -ffunction-sections -fdata-sections -Wall -fstack-usage -MMD -MP -MF"Src/100ADE_comunicate.d" -MT"Src/100ADE_comunicate.o" --specs=nano.specs -mfloat-abi=soft -mthumb -o "Src/100ADE_comunicate.o"
../Src/100ADE_comunicate.c: In function 'main':
../Src/100ADE_comunicate.c:101:18: warning: format '%x' expects argument of type 'unsigned int', but argument 2 has type 'uint32_t' {aka 'long unsigned int'} [-Wformat=]
  101 |  printf("DATA : %x \n", data);
      |                 ~^      ~~~~
      |                  |      |
      |                  |      uint32_t {aka long unsigned int}
      |                  unsigned int
      |                 %lx
arm-none-eabi-gcc -o "000Hello.elf" @"objects.list"   -mcpu=cortex-m4 -T"E:\Knowledge\Stm32f407xx Discovery\workspace\000Hello\STM32F407VGTX_FLASH.ld" --specs=nosys.specs -Wl,-Map="000Hello.map" -Wl,--gc-sections -static --specs=nano.specs -mfloat-abi=soft -mthumb -Wl,--start-group -lc -lm -Wl,--end-group
Finished building target: 000Hello.elf
 
arm-none-eabi-objdump -h -S  000Hello.elf  > "000Hello.list"
arm-none-eabi-objcopy  -O binary  000Hello.elf  "000Hello.bin"
arm-none-eabi-size   000Hello.elf 
   text	   data	    bss	    dec	    hex	filename
   7400	    108	   2132	   9640	   25a8	000Hello.elf
Finished building: default.size.stdout
 
Finished building: 000Hello.bin
Finished building: 000Hello.list
 
 
23:12:42 **** Incremental Build of configuration Debug for project 000Hello ****
make -j4 all 
arm-none-eabi-size   000Hello.elf 
   text	   data	    bss	    dec	    hex	filename
   7400	    108	   2132	   9640	   25a8	000Hello.elf
Finished building: default.size.stdout
 
23:13:43 **** Incremental Build of configuration Debug for project 000Hello ****
make -j4 all 
arm-none-eabi-size   000Hello.elf 
   text	   data	    bss	    dec	    hex	filename
   7400	    108	   2132	   9640	   25a8	000Hello.elf
Finished building: default.size.stdout
 
23:15:26 **** Incremental Build of configuration Debug for project 000Hello ****
make -j4 all 
arm-none-eabi-gcc "../Src/100ADE_comunicate.c" -mcpu=cortex-m4 -std=gnu11 -g3 -DSTM32 -DSTM32F407G_DISC1 -DSTM32F4 -DSTM32F407VGTx -DDEBUG -c -I../Inc -I"E:/Knowledge/Stm32f407xx Discovery/workspace/000Hello/drivers/Inc" -I"E:/Knowledge/Stm32f407xx Discovery/workspace/000Hello/drivers/Src" -O0 -ffunction-sections -fdata-sections -Wall -fstack-usage -MMD -MP -MF"Src/100ADE_comunicate.d" -MT"Src/100ADE_comunicate.o" --specs=nano.specs -mfloat-abi=soft -mthumb -o "Src/100ADE_comunicate.o"
../Src/100ADE_comunicate.c: In function 'main':
../Src/100ADE_comunicate.c:101:18: warning: format '%x' expects argument of type 'unsigned int', but argument 2 has type 'uint32_t' {aka 'long unsigned int'} [-Wformat=]
  101 |  printf("DATA : %x \n", data);
      |                 ~^      ~~~~
      |                  |      |
      |                  |      uint32_t {aka long unsigned int}
      |                  unsigned int
      |                 %lx
arm-none-eabi-gcc -o "000Hello.elf" @"objects.list"   -mcpu=cortex-m4 -T"E:\Knowledge\Stm32f407xx Discovery\workspace\000Hello\STM32F407VGTX_FLASH.ld" --specs=nosys.specs -Wl,-Map="000Hello.map" -Wl,--gc-sections -static --specs=nano.specs -mfloat-abi=soft -mthumb -Wl,--start-group -lc -lm -Wl,--end-group
Finished building target: 000Hello.elf
 
arm-none-eabi-objdump -h -S  000Hello.elf  > "000Hello.list"
arm-none-eabi-objcopy  -O binary  000Hello.elf  "000Hello.bin"
arm-none-eabi-size   000Hello.elf 
   text	   data	    bss	    dec	    hex	filename
   7352	    108	   2132	   9592	   2578	000Hello.elf
Finished building: default.size.stdout
 
Finished building: 000Hello.list
 
Finished building: 000Hello.bin
 
23:17:43 **** Incremental Build of configuration Debug for project 000Hello ****
make -j4 all 
arm-none-eabi-size   000Hello.elf 
   text	   data	    bss	    dec	    hex	filename
   7352	    108	   2132	   9592	   2578	000Hello.elf
Finished building: default.size.stdout
 
23:18:27 **** Incremental Build of configuration Debug for project 000Hello ****
make -j4 all 
arm-none-eabi-size   000Hello.elf 
   text	   data	    bss	    dec	    hex	filename
   7352	    108	   2132	   9592	   2578	000Hello.elf
Finished building: default.size.stdout
 
23:19:27 **** Incremental Build of configuration Debug for project 000Hello ****
make -j4 all 
arm-none-eabi-gcc "../Src/100ADE_comunicate.c" -mcpu=cortex-m4 -std=gnu11 -g3 -DSTM32 -DSTM32F407G_DISC1 -DSTM32F4 -DSTM32F407VGTx -DDEBUG -c -I../Inc -I"E:/Knowledge/Stm32f407xx Discovery/workspace/000Hello/drivers/Inc" -I"E:/Knowledge/Stm32f407xx Discovery/workspace/000Hello/drivers/Src" -O0 -ffunction-sections -fdata-sections -Wall -fstack-usage -MMD -MP -MF"Src/100ADE_comunicate.d" -MT"Src/100ADE_comunicate.o" --specs=nano.specs -mfloat-abi=soft -mthumb -o "Src/100ADE_comunicate.o"
../Src/100ADE_comunicate.c: In function 'main':
../Src/100ADE_comunicate.c:102:19: warning: format '%x' expects argument of type 'unsigned int', but argument 2 has type 'uint32_t' {aka 'long unsigned int'} [-Wformat=]
  102 |   printf("DATA : %x \n", data);
      |                  ~^      ~~~~
      |                   |      |
      |                   |      uint32_t {aka long unsigned int}
      |                   unsigned int
      |                  %lx
arm-none-eabi-gcc -o "000Hello.elf" @"objects.list"   -mcpu=cortex-m4 -T"E:\Knowledge\Stm32f407xx Discovery\workspace\000Hello\STM32F407VGTX_FLASH.ld" --specs=nosys.specs -Wl,-Map="000Hello.map" -Wl,--gc-sections -static --specs=nano.specs -mfloat-abi=soft -mthumb -Wl,--start-group -lc -lm -Wl,--end-group
Finished building target: 000Hello.elf
 
arm-none-eabi-objdump -h -S  000Hello.elf  > "000Hello.list"
arm-none-eabi-objcopy  -O binary  000Hello.elf  "000Hello.bin"
arm-none-eabi-size   000Hello.elf 
   text	   data	    bss	    dec	    hex	filename
   7392	    108	   2132	   9632	   25a0	000Hello.elf
Finished building: default.size.stdout
 
Finished building: 000Hello.bin
Finished building: 000Hello.list
 
 
23:21:59 **** Incremental Build of configuration Debug for project 000Hello ****
make -j4 all 
arm-none-eabi-gcc "../Src/100ADE_comunicate.c" -mcpu=cortex-m4 -std=gnu11 -g3 -DSTM32 -DSTM32F407G_DISC1 -DSTM32F4 -DSTM32F407VGTx -DDEBUG -c -I../Inc -I"E:/Knowledge/Stm32f407xx Discovery/workspace/000Hello/drivers/Inc" -I"E:/Knowledge/Stm32f407xx Discovery/workspace/000Hello/drivers/Src" -O0 -ffunction-sections -fdata-sections -Wall -fstack-usage -MMD -MP -MF"Src/100ADE_comunicate.d" -MT"Src/100ADE_comunicate.o" --specs=nano.specs -mfloat-abi=soft -mthumb -o "Src/100ADE_comunicate.o"
../Src/100ADE_comunicate.c: In function 'main':
../Src/100ADE_comunicate.c:100:18: warning: format '%x' expects argument of type 'unsigned int', but argument 2 has type 'uint32_t' {aka 'long unsigned int'} [-Wformat=]
  100 |  printf("DATA : %x \n", data);
      |                 ~^      ~~~~
      |                  |      |
      |                  |      uint32_t {aka long unsigned int}
      |                  unsigned int
      |                 %lx
arm-none-eabi-gcc -o "000Hello.elf" @"objects.list"   -mcpu=cortex-m4 -T"E:\Knowledge\Stm32f407xx Discovery\workspace\000Hello\STM32F407VGTX_FLASH.ld" --specs=nosys.specs -Wl,-Map="000Hello.map" -Wl,--gc-sections -static --specs=nano.specs -mfloat-abi=soft -mthumb -Wl,--start-group -lc -lm -Wl,--end-group
Finished building target: 000Hello.elf
 
arm-none-eabi-objdump -h -S  000Hello.elf  > "000Hello.list"
arm-none-eabi-objcopy  -O binary  000Hello.elf  "000Hello.bin"
arm-none-eabi-size   000Hello.elf 
   text	   data	    bss	    dec	    hex	filename
   7352	    108	   2132	   9592	   2578	000Hello.elf
Finished building: default.size.stdout
 
Finished building: 000Hello.bin
 
Finished building: 000Hello.list
 
23:22:49 **** Incremental Build of configuration Debug for project 000Hello ****
make -j4 all 
arm-none-eabi-gcc "../Src/100ADE_comunicate.c" -mcpu=cortex-m4 -std=gnu11 -g3 -DSTM32 -DSTM32F407G_DISC1 -DSTM32F4 -DSTM32F407VGTx -DDEBUG -c -I../Inc -I"E:/Knowledge/Stm32f407xx Discovery/workspace/000Hello/drivers/Inc" -I"E:/Knowledge/Stm32f407xx Discovery/workspace/000Hello/drivers/Src" -O0 -ffunction-sections -fdata-sections -Wall -fstack-usage -MMD -MP -MF"Src/100ADE_comunicate.d" -MT"Src/100ADE_comunicate.o" --specs=nano.specs -mfloat-abi=soft -mthumb -o "Src/100ADE_comunicate.o"
../Src/100ADE_comunicate.c: In function 'main':
../Src/100ADE_comunicate.c:100:18: warning: format '%x' expects argument of type 'unsigned int', but argument 2 has type 'uint32_t' {aka 'long unsigned int'} [-Wformat=]
  100 |  printf("DATA : %x \n", data);
      |                 ~^      ~~~~
      |                  |      |
      |                  |      uint32_t {aka long unsigned int}
      |                  unsigned int
      |                 %lx
../Src/100ADE_comunicate.c:103:18: warning: format '%x' expects argument of type 'unsigned int', but argument 2 has type 'uint32_t' {aka 'long unsigned int'} [-Wformat=]
  103 |  printf("DATA : %x \n", data);
      |                 ~^      ~~~~
      |                  |      |
      |                  |      uint32_t {aka long unsigned int}
      |                  unsigned int
      |                 %lx
../Src/100ADE_comunicate.c:106:18: warning: format '%x' expects argument of type 'unsigned int', but argument 2 has type 'uint32_t' {aka 'long unsigned int'} [-Wformat=]
  106 |  printf("DATA : %x \n", data);
      |                 ~^      ~~~~
      |                  |      |
      |                  |      uint32_t {aka long unsigned int}
      |                  unsigned int
      |                 %lx
arm-none-eabi-gcc -o "000Hello.elf" @"objects.list"   -mcpu=cortex-m4 -T"E:\Knowledge\Stm32f407xx Discovery\workspace\000Hello\STM32F407VGTX_FLASH.ld" --specs=nosys.specs -Wl,-Map="000Hello.map" -Wl,--gc-sections -static --specs=nano.specs -mfloat-abi=soft -mthumb -Wl,--start-group -lc -lm -Wl,--end-group
Finished building target: 000Hello.elf
 
arm-none-eabi-objdump -h -S  000Hello.elf  > "000Hello.list"
arm-none-eabi-objcopy  -O binary  000Hello.elf  "000Hello.bin"
arm-none-eabi-size   000Hello.elf 
   text	   data	    bss	    dec	    hex	filename
   7392	    108	   2132	   9632	   25a0	000Hello.elf
Finished building: default.size.stdout
 
Finished building: 000Hello.bin
 
Finished building: 000Hello.list
 
23:23:38 **** Incremental Build of configuration Debug for project 000Hello ****
make -j4 all 
arm-none-eabi-size   000Hello.elf 
   text	   data	    bss	    dec	    hex	filename
   7392	    108	   2132	   9632	   25a0	000Hello.elf
Finished building: default.size.stdout
 
23:24:31 **** Incremental Build of configuration Debug for project 000Hello ****
make -j4 all 
arm-none-eabi-size   000Hello.elf 
   text	   data	    bss	    dec	    hex	filename
   7392	    108	   2132	   9632	   25a0	000Hello.elf
Finished building: default.size.stdout
 
